Archive member included to satisfy reference by file (symbol)

C:\Users\panda\AppData\Local\Temp\arduino\sketches\21FB17ACE7872C2E58A1419889B9C374/..\..\cores\TinyCircuits_samd_tinyarcade_BuildOption_TAgame_671cb57aaf343a5cc514ad0bed195d1f\core.a(Print.cpp.o)
                              C:\Users\panda\AppData\Local\Temp\arduino\sketches\21FB17ACE7872C2E58A1419889B9C374\libraries\TinyScreen\TinyScreen.cpp.o (Print::write(unsigned char const*, unsigned int))
C:\Users\panda\AppData\Local\Temp\arduino\sketches\21FB17ACE7872C2E58A1419889B9C374/..\..\cores\TinyCircuits_samd_tinyarcade_BuildOption_TAgame_671cb57aaf343a5cc514ad0bed195d1f\core.a(SERCOM.cpp.o)
                              C:\Users\panda\AppData\Local\Temp\arduino\sketches\21FB17ACE7872C2E58A1419889B9C374\core\variant.cpp.o (SERCOM::SERCOM(Sercom*))
C:\Users\panda\AppData\Local\Temp\arduino\sketches\21FB17ACE7872C2E58A1419889B9C374/..\..\cores\TinyCircuits_samd_tinyarcade_BuildOption_TAgame_671cb57aaf343a5cc514ad0bed195d1f\core.a(Uart.cpp.o)
                              C:\Users\panda\AppData\Local\Temp\arduino\sketches\21FB17ACE7872C2E58A1419889B9C374\sketch\GameTutorial.ino.cpp.o (Uart::begin(unsigned long))
C:\Users\panda\AppData\Local\Temp\arduino\sketches\21FB17ACE7872C2E58A1419889B9C374/..\..\cores\TinyCircuits_samd_tinyarcade_BuildOption_TAgame_671cb57aaf343a5cc514ad0bed195d1f\core.a(abi.cpp.o)
                              C:\Users\panda\AppData\Local\Temp\arduino\sketches\21FB17ACE7872C2E58A1419889B9C374/..\..\cores\TinyCircuits_samd_tinyarcade_BuildOption_TAgame_671cb57aaf343a5cc514ad0bed195d1f\core.a(Print.cpp.o) (__cxa_pure_virtual)
C:\Users\panda\AppData\Local\Temp\arduino\sketches\21FB17ACE7872C2E58A1419889B9C374/..\..\cores\TinyCircuits_samd_tinyarcade_BuildOption_TAgame_671cb57aaf343a5cc514ad0bed195d1f\core.a(cortex_handlers.c.o)
                              (Reset_Handler)
C:\Users\panda\AppData\Local\Temp\arduino\sketches\21FB17ACE7872C2E58A1419889B9C374/..\..\cores\TinyCircuits_samd_tinyarcade_BuildOption_TAgame_671cb57aaf343a5cc514ad0bed195d1f\core.a(delay.c.o)
                              C:\Users\panda\AppData\Local\Temp\arduino\sketches\21FB17ACE7872C2E58A1419889B9C374\sketch\GameTutorial.ino.cpp.o (millis)
C:\Users\panda\AppData\Local\Temp\arduino\sketches\21FB17ACE7872C2E58A1419889B9C374/..\..\cores\TinyCircuits_samd_tinyarcade_BuildOption_TAgame_671cb57aaf343a5cc514ad0bed195d1f\core.a(hooks.c.o)
                              C:\Users\panda\AppData\Local\Temp\arduino\sketches\21FB17ACE7872C2E58A1419889B9C374/..\..\cores\TinyCircuits_samd_tinyarcade_BuildOption_TAgame_671cb57aaf343a5cc514ad0bed195d1f\core.a(delay.c.o) (yield)
C:\Users\panda\AppData\Local\Temp\arduino\sketches\21FB17ACE7872C2E58A1419889B9C374/..\..\cores\TinyCircuits_samd_tinyarcade_BuildOption_TAgame_671cb57aaf343a5cc514ad0bed195d1f\core.a(main.cpp.o)
                              c:/users/panda/appdata/local/arduino15/packages/arduino/tools/arm-none-eabi-gcc/7-2017q4/bin/../lib/gcc/arm-none-eabi/7.2.1/../../../../arm-none-eabi/lib/thumb/v6-m/crt0.o (main)
C:\Users\panda\AppData\Local\Temp\arduino\sketches\21FB17ACE7872C2E58A1419889B9C374/..\..\cores\TinyCircuits_samd_tinyarcade_BuildOption_TAgame_671cb57aaf343a5cc514ad0bed195d1f\core.a(startup.c.o)
                              C:\Users\panda\AppData\Local\Temp\arduino\sketches\21FB17ACE7872C2E58A1419889B9C374/..\..\cores\TinyCircuits_samd_tinyarcade_BuildOption_TAgame_671cb57aaf343a5cc514ad0bed195d1f\core.a(cortex_handlers.c.o) (SystemInit)
C:\Users\panda\AppData\Local\Temp\arduino\sketches\21FB17ACE7872C2E58A1419889B9C374/..\..\cores\TinyCircuits_samd_tinyarcade_BuildOption_TAgame_671cb57aaf343a5cc514ad0bed195d1f\core.a(wiring.c.o)
                              C:\Users\panda\AppData\Local\Temp\arduino\sketches\21FB17ACE7872C2E58A1419889B9C374/..\..\cores\TinyCircuits_samd_tinyarcade_BuildOption_TAgame_671cb57aaf343a5cc514ad0bed195d1f\core.a(main.cpp.o) (init)
C:\Users\panda\AppData\Local\Temp\arduino\sketches\21FB17ACE7872C2E58A1419889B9C374/..\..\cores\TinyCircuits_samd_tinyarcade_BuildOption_TAgame_671cb57aaf343a5cc514ad0bed195d1f\core.a(wiring_analog.c.o)
                              C:\Users\panda\AppData\Local\Temp\arduino\sketches\21FB17ACE7872C2E58A1419889B9C374/..\..\cores\TinyCircuits_samd_tinyarcade_BuildOption_TAgame_671cb57aaf343a5cc514ad0bed195d1f\core.a(wiring.c.o) (analogReference)
C:\Users\panda\AppData\Local\Temp\arduino\sketches\21FB17ACE7872C2E58A1419889B9C374/..\..\cores\TinyCircuits_samd_tinyarcade_BuildOption_TAgame_671cb57aaf343a5cc514ad0bed195d1f\core.a(wiring_digital.c.o)
                              C:\Users\panda\AppData\Local\Temp\arduino\sketches\21FB17ACE7872C2E58A1419889B9C374\sketch\GameTutorial.ino.cpp.o (pinMode)
C:\Users\panda\AppData\Local\Temp\arduino\sketches\21FB17ACE7872C2E58A1419889B9C374/..\..\cores\TinyCircuits_samd_tinyarcade_BuildOption_TAgame_671cb57aaf343a5cc514ad0bed195d1f\core.a(wiring_private.c.o)
[...]
Memory Configuration

Name             Origin             Length             Attributes
FLASH            0x00010000         0x00030000         xr
RAM              0x20000000         0x00008000         xrw
*default*        0x00000000         0xffffffff

Linker script and memory map

LOAD c:/users/panda/appdata/local/arduino15/packages/arduino/tools/arm-none-eabi-gcc/7-2017q4/bin/../lib/gcc/arm-none-eabi/7.2.1/thumb/v6-m/crti.o
LOAD c:/users/panda/appdata/local/arduino15/packages/arduino/tools/arm-none-eabi-gcc/7-2017q4/bin/../lib/gcc/arm-none-eabi/7.2.1/thumb/v6-m/crtbegin.o
LOAD c:/users/panda/appdata/local/arduino15/packages/arduino/tools/arm-none-eabi-gcc/7-2017q4/bin/../lib/gcc/arm-none-eabi/7.2.1/../../../../arm-none-eabi/lib/thumb/v6-m/crt0.o
LOAD C:\Users\panda\AppData\Local\Temp\arduino\sketches\21FB17ACE7872C2E58A1419889B9C374\sketch\GameTutorial.ino.cpp.o
LOAD C:\Users\panda\AppData\Local\Temp\arduino\sketches\21FB17ACE7872C2E58A1419889B9C374\libraries\TinyScreen\TinyScreen.cpp.o
LOAD C:\Users\panda\AppData\Local\Temp\arduino\sketches\21FB17ACE7872C2E58A1419889B9C374\libraries\SPI\SPI.cpp.o
LOAD C:\Users\panda\AppData\Local\Temp\arduino\sketches\21FB17ACE7872C2E58A1419889B9C374\libraries\Wire\Wire.cpp.o
LOAD C:\Users\panda\AppData\Local\Temp\arduino\sketches\21FB17ACE7872C2E58A1419889B9C374\core\variant.cpp.o
START GROUP
LOAD C:\Users\panda\AppData\Local\Arduino15\packages\arduino\tools\CMSIS\4.5.0/CMSIS/Lib/GCC/\libarm_cortexM0l_math.a
LOAD C:\Users\panda\AppData\Local\Temp\arduino\sketches\21FB17ACE7872C2E58A1419889B9C374/..\..\cores\TinyCircuits_samd_tinyarcade_BuildOption_TAgame_671cb57aaf343a5cc514ad0bed195d1f\core.a
END GROUP
LOAD c:/users/panda/appdata/local/arduino15/packages/arduino/tools/arm-none-eabi-gcc/7-2017q4/bin/../lib/gcc/arm-none-eabi/7.2.1/../../../../arm-none-eabi/lib/thumb/v6-m\libstdc++_nano.a
LOAD c:/users/panda/appdata/local/arduino15/packages/arduino/tools/arm-none-eabi-gcc/7-2017q4/bin/../lib/gcc/arm-none-eabi/7.2.1/../../../../arm-none-eabi/lib/thumb/v6-m\libm.a
START GROUP
LOAD c:/users/panda/appdata/local/arduino15/packages/arduino/tools/arm-none-eabi-gcc/7-2017q4/bin/../lib/gcc/arm-none-eabi/7.2.1/thumb/v6-m\libgcc.a
LOAD c:/users/panda/appdata/local/arduino15/packages/arduino/tools/arm-none-eabi-gcc/7-2017q4/bin/../lib/gcc/arm-none-eabi/7.2.1/../../../../arm-none-eabi/lib/thumb/v6-m\libc_nano.a
END GROUP
START GROUP
LOAD c:/users/panda/appdata/local/arduino15/packages/arduino/tools/arm-none-eabi-gcc/7-2017q4/bin/../lib/gcc/arm-none-eabi/7.2.1/thumb/v6-m\libgcc.a
LOAD c:/users/panda/appdata/local/arduino15/packages/arduino/tools/arm-none-eabi-gcc/7-2017q4/bin/../lib/gcc/arm-none-eabi/7.2.1/../../../../arm-none-eabi/lib/thumb/v6-m\libc_nano.a
LOAD c:/users/panda/appdata/local/arduino15/packages/arduino/tools/arm-none-eabi-gcc/7-2017q4/bin/../lib/gcc/arm-none-eabi/7.2.1/../../../../arm-none-eabi/lib/thumb/v6-m\libnosys.a
END GROUP
START GROUP
LOAD c:/users/panda/appdata/local/arduino15/packages/arduino/tools/arm-none-eabi-gcc/7-2017q4/bin/../lib/gcc/arm-none-eabi/7.2.1/thumb/v6-m\libgcc.a
LOAD c:/users/panda/appdata/local/arduino15/packages/arduino/tools/arm-none-eabi-gcc/7-2017q4/bin/../lib/gcc/arm-none-eabi/7.2.1/../../../../arm-none-eabi/lib/thumb/v6-m\libc_nano.a
LOAD c:/users/panda/appdata/local/arduino15/packages/arduino/tools/arm-none-eabi-gcc/7-2017q4/bin/../lib/gcc/arm-none-eabi/7.2.1/../../../../arm-none-eabi/lib/thumb/v6-m\libnosys.a
END GROUP
LOAD c:/users/panda/appdata/local/arduino15/packages/arduino/tools/arm-none-eabi-gcc/7-2017q4/bin/../lib/gcc/arm-none-eabi/7.2.1/thumb/v6-m/crtend.o
LOAD c:/users/panda/appdata/local/arduino15/packages/arduino/tools/arm-none-eabi-gcc/7-2017q4/bin/../lib/gcc/arm-none-eabi/7.2.1/thumb/v6-m/crtn.o

.text           0x00010000     0x4d08
                0x00010000                __text_start__ = .
 *(.sketch_boot)
                0x00010000                . = ALIGN (0x2000)
 *(.isr_vector)
 .isr_vector    0x00010000       0xb4 C:\Users\panda\AppData\Local\Temp\arduino\sketches\21FB17ACE7872C2E58A1419889B9C374/..\..\cores\TinyCircuits_samd_tinyarcade_BuildOption_TAgame_671cb57aaf343a5cc514ad0bed195d1f\core.a(cortex_handlers.c.o)
                0x00010000                exception_table
 *(.text*)
 .text          0x000100b4       0x48 c:/users/panda/appdata/local/arduino15/packages/arduino/tools/arm-none-eabi-gcc/7-2017q4/bin/../lib/gcc/arm-none-eabi/7.2.1/thumb/v6-m/crtbegin.o
 .text._Z10arcadeInitv
                0x000100fc       0x64 C:\Users\panda\AppData\Local\Temp\arduino\sketches\21FB17ACE7872C2E58A1419889B9C374\sketch\GameTutorial.ino.cpp.o
                0x000100fc                arcadeInit()
 .text._Z11checkButtonh
                0x00010160       0x2c C:\Users\panda\AppData\Local\Temp\arduino\sketches\21FB17ACE7872C2E58A1419889B9C374\sketch\GameTutorial.ino.cpp.o
                0x00010160                checkButton(unsigned char)
 .text._Z13checkJoystickh
                0x0001018c       0xb4 C:\Users\panda\AppData\Local\Temp\arduino\sketches\21FB17ACE7872C2E58A1419889B9C374\sketch\GameTutorial.ino.cpp.o
                0x0001018c                checkJoystick(unsigned char)
 .text._Z10checkDeath9ts_sprite
                0x00010240       0x44 C:\Users\panda\AppData\Local\Temp\arduino\sketches\21FB17ACE7872C2E58A1419889B9C374\sketch\GameTutorial.ino.cpp.o
                0x00010240                checkDeath(ts_sprite)
 .text._Z14checkCollision9ts_sprite
                0x00010284       0xd4 C:\Users\panda\AppData\Local\Temp\arduino\sketches\21FB17ACE7872C2E58A1419889B9C374\sketch\GameTutorial.ino.cpp.o
                0x00010284                checkCollision(ts_sprite)
 .text._Z8moveCharv
                0x00010358       0xb8 C:\Users\panda\AppData\Local\Temp\arduino\sketches\21FB17ACE7872C2E58A1419889B9C374\sketch\GameTutorial.ino.cpp.o
                0x00010358                moveChar()
 .text.loop     0x00010410      0x16c C:\Users\panda\AppData\Local\Temp\arduino\sketches\21FB17ACE7872C2E58A1419889B9C374\sketch\GameTutorial.ino.cpp.o
                0x00010410                loop
 .text.startup._GLOBAL__sub_I_arcadeVersion
                0x0001057c       0x54 C:\Users\panda\AppData\Local\Temp\arduino\sketches\21FB17ACE7872C2E58A1419889B9C374\sketch\GameTutorial.ino.cpp.o
 .text.setup    0x000105d0       0x3c C:\Users\panda\AppData\Local\Temp\arduino\sketches\21FB17ACE7872C2E58A1419889B9C374\sketch\GameTutorial.ino.cpp.o
                0x000105d0                setup
 .text._ZN5Print17availableForWriteEv
                0x0001060c        0x4 C:\Users\panda\AppData\Local\Temp\arduino\sketches\21FB17ACE7872C2E58A1419889B9C374\libraries\TinyScreen\TinyScreen.cpp.o
                0x0001060c                Print::availableForWrite()
 .text._ZN5Print5flushEv
                0x00010610        0x2 C:\Users\panda\AppData\Local\Temp\arduino\sketches\21FB17ACE7872C2E58A1419889B9C374\libraries\TinyScreen\TinyScreen.cpp.o
                0x00010610                Print::flush()
 *fill*         0x00010612        0x2 
 .text._ZN10TinyScreen11writeBufferEPhi
                0x00010614       0x78 C:\Users\panda\AppData\Local\Temp\arduino\sketches\21FB17ACE7872C2E58A1419889B9C374\libraries\TinyScreen\TinyScreen.cpp.o
                0x00010614                TinyScreen::writeBuffer(unsigned char*, int)
 .text._ZN10TinyScreenC2Eh
                0x0001068c       0x64 C:\Users\panda\AppData\Local\Temp\arduino\sketches\21FB17ACE7872C2E58A1419889B9C374\libraries\TinyScreen\TinyScreen.cpp.o
                0x0001068c                TinyScreen::TinyScreen(unsigned char)
                0x0001068c                TinyScreen::TinyScreen(unsigned char)
 .text._ZN10TinyScreen9setCursorEhh
                0x000106f0        0x6 C:\Users\panda\AppData\Local\Temp\arduino\sketches\21FB17ACE7872C2E58A1419889B9C374\libraries\TinyScreen\TinyScreen.cpp.o
                0x000106f0                TinyScreen::setCursor(unsigned char, unsigned char)
 .text._ZN10TinyScreen7setFontERK9FONT_INFO
                0x000106f6       0x16 C:\Users\panda\AppData\Local\Temp\arduino\sketches\21FB17ACE7872C2E58A1419889B9C374\libraries\TinyScreen\TinyScreen.cpp.o
                0x000106f6                TinyScreen::setFont(FONT_INFO const&)
 .text.DMAC_Handler
                0x0001070c       0x3c C:\Users\panda\AppData\Local\Temp\arduino\sketches\21FB17ACE7872C2E58A1419889B9C374\libraries\TinyScreen\TinyScreen.cpp.o
                0x0001070c                DMAC_Handler
 .text._ZN10TinyScreen9writeGPIOEhh
                0x00010748       0x30 C:\Users\panda\AppData\Local\Temp\arduino\sketches\21FB17ACE7872C2E58A1419889B9C374\libraries\TinyScreen\TinyScreen.cpp.o
                0x00010748                TinyScreen::writeGPIO(unsigned char, unsigned char)
 .text._ZN10TinyScreen12startCommandEv
                0x00010778       0x24 C:\Users\panda\AppData\Local\Temp\arduino\sketches\21FB17ACE7872C2E58A1419889B9C374\libraries\TinyScreen\TinyScreen.cpp.o
                0x00010778                TinyScreen::startCommand()
 .text._ZN10TinyScreen9startDataEv
                0x0001079c       0x24 C:\Users\panda\AppData\Local\Temp\arduino\sketches\21FB17ACE7872C2E58A1419889B9C374\libraries\TinyScreen\TinyScreen.cpp.o
                0x0001079c                TinyScreen::startData()
 .text._ZN10TinyScreen11endTransferEv
                0x000107c0       0x1c C:\Users\panda\AppData\Local\Temp\arduino\sketches\21FB17ACE7872C2E58A1419889B9C374\libraries\TinyScreen\TinyScreen.cpp.o
                0x000107c0                TinyScreen::endTransfer()
 .text._ZN10TinyScreen4setXEhh
                0x000107dc       0x3c C:\Users\panda\AppData\Local\Temp\arduino\sketches\21FB17ACE7872C2E58A1419889B9C374\libraries\TinyScreen\TinyScreen.cpp.o
                0x000107dc                TinyScreen::setX(unsigned char, unsigned char)
 .text._ZN10TinyScreen4setYEhh
                0x00010818       0x3c C:\Users\panda\AppData\Local\Temp\arduino\sketches\21FB17ACE7872C2E58A1419889B9C374\libraries\TinyScreen\TinyScreen.cpp.o
                0x00010818                TinyScreen::setY(unsigned char, unsigned char)
 .text._ZN10TinyScreen11clearWindowEhhhh.part.5
                0x00010854       0x6c C:\Users\panda\AppData\Local\Temp\arduino\sketches\21FB17ACE7872C2E58A1419889B9C374\libraries\TinyScreen\TinyScreen.cpp.o
 .text._ZN10TinyScreen8drawRectEhhhhhhhh
                0x000108c0       0xd8 C:\Users\panda\AppData\Local\Temp\arduino\sketches\21FB17ACE7872C2E58A1419889B9C374\libraries\TinyScreen\TinyScreen.cpp.o
                0x000108c0                TinyScreen::drawRect(unsigned char, unsigned char, unsigned char, unsigned char, unsigned char, unsigned char, unsigned char, unsigned char)
 .text._ZN10TinyScreen8drawRectEhhhhht
                0x00010998       0x62 C:\Users\panda\AppData\Local\Temp\arduino\sketches\21FB17ACE7872C2E58A1419889B9C374\libraries\TinyScreen\TinyScreen.cpp.o
                0x00010998                TinyScreen::drawRect(unsigned char, unsigned char, unsigned char, unsigned char, unsigned char, unsigned short)
 .text._ZN10TinyScreen8drawLineEhhhhhhh
                0x000109fa       0x9e C:\Users\panda\AppData\Local\Temp\arduino\sketches\21FB17ACE7872C2E58A1419889B9C374\libraries\TinyScreen\TinyScreen.cpp.o
                0x000109fa                TinyScreen::drawLine(unsigned char, unsigned char, unsigned char, unsigned char, unsigned char, unsigned char, unsigned char)
 .text._ZN10TinyScreen8drawLineEhhhht
                0x00010a98       0x58 C:\Users\panda\AppData\Local\Temp\arduino\sketches\21FB17ACE7872C2E58A1419889B9C374\libraries\TinyScreen\TinyScreen.cpp.o
                0x00010a98                TinyScreen::drawLine(unsigned char, unsigned char, unsigned char, unsigned char, unsigned short)
 .text._ZN10TinyScreen13setBrightnessEh
                0x00010af0       0x2a C:\Users\panda\AppData\Local\Temp\arduino\sketches\21FB17ACE7872C2E58A1419889B9C374\libraries\TinyScreen\TinyScreen.cpp.o
                0x00010af0                TinyScreen::setBrightness(unsigned char)
 *fill*         0x00010b1a        0x2 
 .text._ZN10TinyScreen2onEv
                0x00010b1c       0x34 C:\Users\panda\AppData\Local\Temp\arduino\sketches\21FB17ACE7872C2E58A1419889B9C374\libraries\TinyScreen\TinyScreen.cpp.o
                0x00010b1c                TinyScreen::on()
 .text._ZN10TinyScreen10writeRemapEv
                0x00010b50       0x4a C:\Users\panda\AppData\Local\Temp\arduino\sketches\21FB17ACE7872C2E58A1419889B9C374\libraries\TinyScreen\TinyScreen.cpp.o
                0x00010b50                TinyScreen::writeRemap()
 .text._ZN10TinyScreen11setBitDepthEh
                0x00010b9a        0xa C:\Users\panda\AppData\Local\Temp\arduino\sketches\21FB17ACE7872C2E58A1419889B9C374\libraries\TinyScreen\TinyScreen.cpp.o
                0x00010b9a                TinyScreen::setBitDepth(unsigned char)
 .text._ZN10TinyScreen7setFlipEh
                0x00010ba4        0xa C:\Users\panda\AppData\Local\Temp\arduino\sketches\21FB17ACE7872C2E58A1419889B9C374\libraries\TinyScreen\TinyScreen.cpp.o
                0x00010ba4                TinyScreen::setFlip(unsigned char)
 *fill*         0x00010bae        0x2 
 .text._ZN10TinyScreen5writeEh
                0x00010bb0      0x2d4 C:\Users\panda\AppData\Local\Temp\arduino\sketches\21FB17ACE7872C2E58A1419889B9C374\libraries\TinyScreen\TinyScreen.cpp.o
                0x00010bb0                TinyScreen::write(unsigned char)
 .text._ZN10TinyScreen3offEv
                0x00010e84       0x30 C:\Users\panda\AppData\Local\Temp\arduino\sketches\21FB17ACE7872C2E58A1419889B9C374\libraries\TinyScreen\TinyScreen.cpp.o
                0x00010e84                TinyScreen::off()
 .text._ZN10TinyScreen5beginEv
                0x00010eb4      0x128 C:\Users\panda\AppData\Local\Temp\arduino\sketches\21FB17ACE7872C2E58A1419889B9C374\libraries\TinyScreen\TinyScreen.cpp.o
                0x00010eb4                TinyScreen::begin()
 .text._ZN8SPIClass4initEv
                0x00010fdc       0x12 C:\Users\panda\AppData\Local\Temp\arduino\sketches\21FB17ACE7872C2E58A1419889B9C374\libraries\SPI\SPI.cpp.o
                0x00010fdc                SPIClass::init()
 .text._ZN8SPIClass6configE11SPISettings
                0x00010fee       0x4e C:\Users\panda\AppData\Local\Temp\arduino\sketches\21FB17ACE7872C2E58A1419889B9C374\libraries\SPI\SPI.cpp.o
                0x00010fee                SPIClass::config(SPISettings)
 .text._ZN8SPIClass5beginEv
                0x0001103c       0x50 C:\Users\panda\AppData\Local\Temp\arduino\sketches\21FB17ACE7872C2E58A1419889B9C374\libraries\SPI\SPI.cpp.o
                0x0001103c                SPIClass::begin()
 .text._ZN8SPIClass11setDataModeEh
                0x0001108c       0x28 C:\Users\panda\AppData\Local\Temp\arduino\sketches\21FB17ACE7872C2E58A1419889B9C374\libraries\SPI\SPI.cpp.o
                0x0001108c                SPIClass::setDataMode(unsigned char)
 .text._ZN8SPIClass15setClockDividerEh
                0x000110b4       0x10 C:\Users\panda\AppData\Local\Temp\arduino\sketches\21FB17ACE7872C2E58A1419889B9C374\libraries\SPI\SPI.cpp.o
                0x000110b4                SPIClass::setClockDivider(unsigned char)
 .text._ZN8SPIClass8transferEh
                0x000110c4        0xa C:\Users\panda\AppData\Local\Temp\arduino\sketches\21FB17ACE7872C2E58A1419889B9C374\libraries\SPI\SPI.cpp.o
                0x000110c4                SPIClass::transfer(unsigned char)
 *fill*         0x000110ce        0x2 
 .text.startup._GLOBAL__sub_I__ZN8SPIClassC2EP6SERCOMhhh14SercomSpiTXPad11SercomRXPad
                0x000110d0       0x68 C:\Users\panda\AppData\Local\Temp\arduino\sketches\21FB17ACE7872C2E58A1419889B9C374\libraries\SPI\SPI.cpp.o
 .text._ZN7TwoWire5writeEPKhj
                0x00011138       0x24 C:\Users\panda\AppData\Local\Temp\arduino\sketches\21FB17ACE7872C2E58A1419889B9C374\libraries\Wire\Wire.cpp.o
                0x00011138                TwoWire::write(unsigned char const*, unsigned int)
 .text._ZN7TwoWire5flushEv
                0x0001115c        0x2 C:\Users\panda\AppData\Local\Temp\arduino\sketches\21FB17ACE7872C2E58A1419889B9C374\libraries\Wire\Wire.cpp.o
                0x0001115c                TwoWire::flush()
 .text._ZN7TwoWire4peekEv
                0x0001115e       0x1a C:\Users\panda\AppData\Local\Temp\arduino\sketches\21FB17ACE7872C2E58A1419889B9C374\libraries\Wire\Wire.cpp.o
                0x0001115e                TwoWire::peek()
 .text._ZN7TwoWire9availableEv
                0x00011178       0x12 C:\Users\panda\AppData\Local\Temp\arduino\sketches\21FB17ACE7872C2E58A1419889B9C374\libraries\Wire\Wire.cpp.o
                0x00011178                TwoWire::available()
 *fill*         0x0001118a        0x2 
 .text._ZN7TwoWireC2EP6SERCOMhh
                0x0001118c       0x60 C:\Users\panda\AppData\Local\Temp\arduino\sketches\21FB17ACE7872C2E58A1419889B9C374\libraries\Wire\Wire.cpp.o
                0x0001118c                TwoWire::TwoWire(SERCOM*, unsigned char, unsigned char)
                0x0001118c                TwoWire::TwoWire(SERCOM*, unsigned char, unsigned char)
 .text._ZN7TwoWire17beginTransmissionEh
                0x000111ec       0x16 C:\Users\panda\AppData\Local\Temp\arduino\sketches\21FB17ACE7872C2E58A1419889B9C374\libraries\Wire\Wire.cpp.o
                0x000111ec                TwoWire::beginTransmission(unsigned char)
 .text._ZN11RingBufferNILi256EE10store_charEh
                0x00011202       0x1a C:\Users\panda\AppData\Local\Temp\arduino\sketches\21FB17ACE7872C2E58A1419889B9C374\libraries\Wire\Wire.cpp.o
                0x00011202                RingBufferN<256>::store_char(unsigned char)
 .text._ZN7TwoWire5writeEh
                0x0001121c       0x2a C:\Users\panda\AppData\Local\Temp\arduino\sketches\21FB17ACE7872C2E58A1419889B9C374\libraries\Wire\Wire.cpp.o
                0x0001121c                TwoWire::write(unsigned char)
 .text._ZN11RingBufferNILi256EE9read_charEv
                0x00011246       0x20 C:\Users\panda\AppData\Local\Temp\arduino\sketches\21FB17ACE7872C2E58A1419889B9C374\libraries\Wire\Wire.cpp.o
                0x00011246                RingBufferN<256>::read_char()
 .text._ZN7TwoWire15endTransmissionEb
                0x00011266       0x70 C:\Users\panda\AppData\Local\Temp\arduino\sketches\21FB17ACE7872C2E58A1419889B9C374\libraries\Wire\Wire.cpp.o
                0x00011266                TwoWire::endTransmission(bool)
 .text._ZN7TwoWire15endTransmissionEv
                0x000112d6        0xa C:\Users\panda\AppData\Local\Temp\arduino\sketches\21FB17ACE7872C2E58A1419889B9C374\libraries\Wire\Wire.cpp.o
                0x000112d6                TwoWire::endTransmission()
 .text._ZN7TwoWire4readEv
                0x000112e0        0xa C:\Users\panda\AppData\Local\Temp\arduino\sketches\21FB17ACE7872C2E58A1419889B9C374\libraries\Wire\Wire.cpp.o
                0x000112e0                TwoWire::read()
 .text._ZN7TwoWire9onServiceEv
                0x000112ea      0x11c C:\Users\panda\AppData\Local\Temp\arduino\sketches\21FB17ACE7872C2E58A1419889B9C374\libraries\Wire\Wire.cpp.o
                0x000112ea                TwoWire::onService()
 *fill*         0x00011406        0x2 
 .text.SERCOM2_Handler
                0x00011408       0x10 C:\Users\panda\AppData\Local\Temp\arduino\sketches\21FB17ACE7872C2E58A1419889B9C374\libraries\Wire\Wire.cpp.o
                0x00011408                SERCOM2_Handler
 .text.startup._GLOBAL__sub_I__ZN7TwoWireC2EP6SERCOMhh
                0x00011418       0x18 C:\Users\panda\AppData\Local\Temp\arduino\sketches\21FB17ACE7872C2E58A1419889B9C374\libraries\Wire\Wire.cpp.o
 .text.SERCOM0_Handler
                0x00011430       0x10 C:\Users\panda\AppData\Local\Temp\arduino\sketches\21FB17ACE7872C2E58A1419889B9C374\core\variant.cpp.o
                0x00011430                SERCOM0_Handler
 .text.SERCOM5_Handler
                0x00011440       0x10 C:\Users\panda\AppData\Local\Temp\arduino\sketches\21FB17ACE7872C2E58A1419889B9C374\core\variant.cpp.o
                0x00011440                SERCOM5_Handler
 .text.startup._GLOBAL__sub_I_g_APinDescription
                0x00011450       0x94 C:\Users\panda\AppData\Local\Temp\arduino\sketches\21FB17ACE7872C2E58A1419889B9C374\core\variant.cpp.o
 .text._ZN5Print5writeEPKhj
                0x000114e4       0x28 C:\Users\panda\AppData\Local\Temp\arduino\sketches\21FB17ACE7872C2E58A1419889B9C374/..\..\cores\TinyCircuits_samd_tinyarcade_BuildOption_TAgame_671cb57aaf343a5cc514ad0bed195d1f\core.a(Print.cpp.o)
                0x000114e4                Print::write(unsigned char const*, unsigned int)
 .text._ZN6SERCOMC2EP6Sercom
                0x0001150c        0x4 C:\Users\panda\AppData\Local\Temp\arduino\sketches\21FB17ACE7872C2E58A1419889B9C374/..\..\cores\TinyCircuits_samd_tinyarcade_BuildOption_TAgame_671cb57aaf343a5cc514ad0bed195d1f\core.a(SERCOM.cpp.o)
                0x0001150c                SERCOM::SERCOM(Sercom*)
                0x0001150c                SERCOM::SERCOM(Sercom*)
 .text._ZN6SERCOM9initFrameE18SercomUartCharSize15SercomDataOrder16SercomParityMode19SercomNumberStopBit
                0x00011510       0x3a C:\Users\panda\AppData\Local\Temp\arduino\sketches\21FB17ACE7872C2E58A1419889B9C374/..\..\cores\TinyCircuits_samd_tinyarcade_BuildOption_TAgame_671cb57aaf343a5cc514ad0bed195d1f\core.a(SERCOM.cpp.o)
                0x00011510                SERCOM::initFrame(SercomUartCharSize, SercomDataOrder, SercomParityMode, SercomNumberStopBit)
 .text._ZN6SERCOM8initPadsE15SercomUartTXPad11SercomRXPad
                0x0001154a       0x26 C:\Users\panda\AppData\Local\Temp\arduino\sketches\21FB17ACE7872C2E58A1419889B9C374/..\..\cores\TinyCircuits_samd_tinyarcade_BuildOption_TAgame_671cb57aaf343a5cc514ad0bed195d1f\core.a(SERCOM.cpp.o)
                0x0001154a                SERCOM::initPads(SercomUartTXPad, SercomRXPad)
 .text._ZN6SERCOM9resetUARTEv
                0x00011570       0x1a C:\Users\panda\AppData\Local\Temp\arduino\sketches\21FB17ACE7872C2E58A1419889B9C374/..\..\cores\TinyCircuits_samd_tinyarcade_BuildOption_TAgame_671cb57aaf343a5cc514ad0bed195d1f\core.a(SERCOM.cpp.o)
                0x00011570                SERCOM::resetUART()
 .text._ZN6SERCOM10enableUARTEv
                0x0001158a       0x14 C:\Users\panda\AppData\Local\Temp\arduino\sketches\21FB17ACE7872C2E58A1419889B9C374/..\..\cores\TinyCircuits_samd_tinyarcade_BuildOption_TAgame_671cb57aaf343a5cc514ad0bed195d1f\core.a(SERCOM.cpp.o)
                0x0001158a                SERCOM::enableUART()
 .text._ZN6SERCOM9flushUARTEv
                0x0001159e       0x10 C:\Users\panda\AppData\Local\Temp\arduino\sketches\21FB17ACE7872C2E58A1419889B9C374/..\..\cores\TinyCircuits_samd_tinyarcade_BuildOption_TAgame_671cb57aaf343a5cc514ad0bed195d1f\core.a(SERCOM.cpp.o)
                0x0001159e                SERCOM::flushUART()
 .text._ZN6SERCOM15clearStatusUARTEv
                0x000115ae        0x8 C:\Users\panda\AppData\Local\Temp\arduino\sketches\21FB17ACE7872C2E58A1419889B9C374/..\..\cores\TinyCircuits_samd_tinyarcade_BuildOption_TAgame_671cb57aaf343a5cc514ad0bed195d1f\core.a(SERCOM.cpp.o)
                0x000115ae                SERCOM::clearStatusUART()
 .text._ZN6SERCOM17availableDataUARTEv
                0x000115b6        0xa C:\Users\panda\AppData\Local\Temp\arduino\sketches\21FB17ACE7872C2E58A1419889B9C374/..\..\cores\TinyCircuits_samd_tinyarcade_BuildOption_TAgame_671cb57aaf343a5cc514ad0bed195d1f\core.a(SERCOM.cpp.o)
                0x000115b6                SERCOM::availableDataUART()
 .text._ZN6SERCOM11isUARTErrorEv
                0x000115c0        0x8 C:\Users\panda\AppData\Local\Temp\arduino\sketches\21FB17ACE7872C2E58A1419889B9C374/..\..\cores\TinyCircuits_samd_tinyarcade_BuildOption_TAgame_671cb57aaf343a5cc514ad0bed195d1f\core.a(SERCOM.cpp.o)
                0x000115c0                SERCOM::isUARTError()
 .text._ZN6SERCOM20acknowledgeUARTErrorEv
                0x000115c8        0xe C:\Users\panda\AppData\Local\Temp\arduino\sketches\21FB17ACE7872C2E58A1419889B9C374/..\..\cores\TinyCircuits_samd_tinyarcade_BuildOption_TAgame_671cb57aaf343a5cc514ad0bed195d1f\core.a(SERCOM.cpp.o)
                0x000115c8                SERCOM::acknowledgeUARTError()
 .text._ZN6SERCOM16isFrameErrorUARTEv
                0x000115d6        0xa C:\Users\panda\AppData\Local\Temp\arduino\sketches\21FB17ACE7872C2E58A1419889B9C374/..\..\cores\TinyCircuits_samd_tinyarcade_BuildOption_TAgame_671cb57aaf343a5cc514ad0bed195d1f\core.a(SERCOM.cpp.o)
                0x000115d6                SERCOM::isFrameErrorUART()
 .text._ZN6SERCOM19clearFrameErrorUARTEv
                0x000115e0        0xc C:\Users\panda\AppData\Local\Temp\arduino\sketches\21FB17ACE7872C2E58A1419889B9C374/..\..\cores\TinyCircuits_samd_tinyarcade_BuildOption_TAgame_671cb57aaf343a5cc514ad0bed195d1f\core.a(SERCOM.cpp.o)
                0x000115e0                SERCOM::clearFrameErrorUART()
 .text._ZN6SERCOM23isDataRegisterEmptyUARTEv
                0x000115ec        0xa C:\Users\panda\AppData\Local\Temp\arduino\sketches\21FB17ACE7872C2E58A1419889B9C374/..\..\cores\TinyCircuits_samd_tinyarcade_BuildOption_TAgame_671cb57aaf343a5cc514ad0bed195d1f\core.a(SERCOM.cpp.o)
                0x000115ec                SERCOM::isDataRegisterEmptyUART()
 .text._ZN6SERCOM12readDataUARTEv
                0x000115f6        0x8 C:\Users\panda\AppData\Local\Temp\arduino\sketches\21FB17ACE7872C2E58A1419889B9C374/..\..\cores\TinyCircuits_samd_tinyarcade_BuildOption_TAgame_671cb57aaf343a5cc514ad0bed195d1f\core.a(SERCOM.cpp.o)
                0x000115f6                SERCOM::readDataUART()
 .text._ZN6SERCOM13writeDataUARTEh
                0x000115fe       0x10 C:\Users\panda\AppData\Local\Temp\arduino\sketches\21FB17ACE7872C2E58A1419889B9C374/..\..\cores\TinyCircuits_samd_tinyarcade_BuildOption_TAgame_671cb57aaf343a5cc514ad0bed195d1f\core.a(SERCOM.cpp.o)
                0x000115fe                SERCOM::writeDataUART(unsigned char)
 .text._ZN6SERCOM36enableDataRegisterEmptyInterruptUARTEv
                0x0001160e        0x8 C:\Users\panda\AppData\Local\Temp\arduino\sketches\21FB17ACE7872C2E58A1419889B9C374/..\..\cores\TinyCircuits_samd_tinyarcade_BuildOption_TAgame_671cb57aaf343a5cc514ad0bed195d1f\core.a(SERCOM.cpp.o)
                0x0001160e                SERCOM::enableDataRegisterEmptyInterruptUART()
 .text._ZN6SERCOM37disableDataRegisterEmptyInterruptUARTEv
                0x00011616        0x8 C:\Users\panda\AppData\Local\Temp\arduino\sketches\21FB17ACE7872C2E58A1419889B9C374/..\..\cores\TinyCircuits_samd_tinyarcade_BuildOption_TAgame_671cb57aaf343a5cc514ad0bed195d1f\core.a(SERCOM.cpp.o)
                0x00011616                SERCOM::disableDataRegisterEmptyInterruptUART()
 *fill*         0x0001161e        0x2 
 .text._ZN6SERCOM12initSPIClockE18SercomSpiClockModem
                0x00011620       0x30 C:\Users\panda\AppData\Local\Temp\arduino\sketches\21FB17ACE7872C2E58A1419889B9C374/..\..\cores\TinyCircuits_samd_tinyarcade_BuildOption_TAgame_671cb57aaf343a5cc514ad0bed195d1f\core.a(SERCOM.cpp.o)
                0x00011620                SERCOM::initSPIClock(SercomSpiClockMode, unsigned long)
 .text._ZN6SERCOM8resetSPIEv
                0x00011650       0x1a C:\Users\panda\AppData\Local\Temp\arduino\sketches\21FB17ACE7872C2E58A1419889B9C374/..\..\cores\TinyCircuits_samd_tinyarcade_BuildOption_TAgame_671cb57aaf343a5cc514ad0bed195d1f\core.a(SERCOM.cpp.o)
                0x00011650                SERCOM::resetSPI()
 .text._ZN6SERCOM9enableSPIEv
                0x0001166a       0x14 C:\Users\panda\AppData\Local\Temp\arduino\sketches\21FB17ACE7872C2E58A1419889B9C374/..\..\cores\TinyCircuits_samd_tinyarcade_BuildOption_TAgame_671cb57aaf343a5cc514ad0bed195d1f\core.a(SERCOM.cpp.o)
                0x0001166a                SERCOM::enableSPI()
 .text._ZN6SERCOM10disableSPIEv
                0x0001167e       0x12 C:\Users\panda\AppData\Local\Temp\arduino\sketches\21FB17ACE7872C2E58A1419889B9C374/..\..\cores\TinyCircuits_samd_tinyarcade_BuildOption_TAgame_671cb57aaf343a5cc514ad0bed195d1f\core.a(SERCOM.cpp.o)
                0x0001167e                SERCOM::disableSPI()
 .text._ZN6SERCOM14setBaudrateSPIEh
                0x00011690       0x30 C:\Users\panda\AppData\Local\Temp\arduino\sketches\21FB17ACE7872C2E58A1419889B9C374/..\..\cores\TinyCircuits_samd_tinyarcade_BuildOption_TAgame_671cb57aaf343a5cc514ad0bed195d1f\core.a(SERCOM.cpp.o)
                0x00011690                SERCOM::setBaudrateSPI(unsigned char)
 .text._ZN6SERCOM15setClockModeSPIE18SercomSpiClockMode
                0x000116c0       0x40 C:\Users\panda\AppData\Local\Temp\arduino\sketches\21FB17ACE7872C2E58A1419889B9C374/..\..\cores\TinyCircuits_samd_tinyarcade_BuildOption_TAgame_671cb57aaf343a5cc514ad0bed195d1f\core.a(SERCOM.cpp.o)
                0x000116c0                SERCOM::setClockModeSPI(SercomSpiClockMode)
 .text._ZN6SERCOM15transferDataSPIEh
                0x00011700       0x1a C:\Users\panda\AppData\Local\Temp\arduino\sketches\21FB17ACE7872C2E58A1419889B9C374/..\..\cores\TinyCircuits_samd_tinyarcade_BuildOption_TAgame_671cb57aaf343a5cc514ad0bed195d1f\core.a(SERCOM.cpp.o)
                0x00011700                SERCOM::transferDataSPI(unsigned char)
 .text._ZN6SERCOM18prepareNackBitWIREEv
                0x0001171a       0x10 C:\Users\panda\AppData\Local\Temp\arduino\sketches\21FB17ACE7872C2E58A1419889B9C374/..\..\cores\TinyCircuits_samd_tinyarcade_BuildOption_TAgame_671cb57aaf343a5cc514ad0bed195d1f\core.a(SERCOM.cpp.o)
                0x0001171a                SERCOM::prepareNackBitWIRE()
 *fill*         0x0001172a        0x2 
 .text._ZN6SERCOM17prepareAckBitWIREEv
                0x0001172c       0x14 C:\Users\panda\AppData\Local\Temp\arduino\sketches\21FB17ACE7872C2E58A1419889B9C374/..\..\cores\TinyCircuits_samd_tinyarcade_BuildOption_TAgame_671cb57aaf343a5cc514ad0bed195d1f\core.a(SERCOM.cpp.o)
                0x0001172c                SERCOM::prepareAckBitWIRE()
 .text._ZN6SERCOM22prepareCommandBitsWireEh
                0x00011740       0x2c C:\Users\panda\AppData\Local\Temp\arduino\sketches\21FB17ACE7872C2E58A1419889B9C374/..\..\cores\TinyCircuits_samd_tinyarcade_BuildOption_TAgame_671cb57aaf343a5cc514ad0bed195d1f\core.a(SERCOM.cpp.o)
                0x00011740                SERCOM::prepareCommandBitsWire(unsigned char)
 .text._ZN6SERCOM21startTransmissionWIREEh23SercomWireReadWriteFlag
                0x0001176c       0x84 C:\Users\panda\AppData\Local\Temp\arduino\sketches\21FB17ACE7872C2E58A1419889B9C374/..\..\cores\TinyCircuits_samd_tinyarcade_BuildOption_TAgame_671cb57aaf343a5cc514ad0bed195d1f\core.a(SERCOM.cpp.o)
                0x0001176c                SERCOM::startTransmissionWIRE(unsigned char, SercomWireReadWriteFlag)
 .text._ZN6SERCOM18sendDataMasterWIREEh
                0x000117f0       0x24 C:\Users\panda\AppData\Local\Temp\arduino\sketches\21FB17ACE7872C2E58A1419889B9C374/..\..\cores\TinyCircuits_samd_tinyarcade_BuildOption_TAgame_671cb57aaf343a5cc514ad0bed195d1f\core.a(SERCOM.cpp.o)
                0x000117f0                SERCOM::sendDataMasterWIRE(unsigned char)
 .text._ZN6SERCOM17sendDataSlaveWIREEh
                0x00011814       0x1c C:\Users\panda\AppData\Local\Temp\arduino\sketches\21FB17ACE7872C2E58A1419889B9C374/..\..\cores\TinyCircuits_samd_tinyarcade_BuildOption_TAgame_671cb57aaf343a5cc514ad0bed195d1f\core.a(SERCOM.cpp.o)
                0x00011814                SERCOM::sendDataSlaveWIRE(unsigned char)
 .text._ZN6SERCOM11isSlaveWIREEv
                0x00011830       0x12 C:\Users\panda\AppData\Local\Temp\arduino\sketches\21FB17ACE7872C2E58A1419889B9C374/..\..\cores\TinyCircuits_samd_tinyarcade_BuildOption_TAgame_671cb57aaf343a5cc514ad0bed195d1f\core.a(SERCOM.cpp.o)
                0x00011830                SERCOM::isSlaveWIRE()
 .text._ZN6SERCOM15isDataReadyWIREEv
                0x00011842        0xa C:\Users\panda\AppData\Local\Temp\arduino\sketches\21FB17ACE7872C2E58A1419889B9C374/..\..\cores\TinyCircuits_samd_tinyarcade_BuildOption_TAgame_671cb57aaf343a5cc514ad0bed195d1f\core.a(SERCOM.cpp.o)
                0x00011842                SERCOM::isDataReadyWIRE()
 .text._ZN6SERCOM18isStopDetectedWIREEv
                0x0001184c        0xa C:\Users\panda\AppData\Local\Temp\arduino\sketches\21FB17ACE7872C2E58A1419889B9C374/..\..\cores\TinyCircuits_samd_tinyarcade_BuildOption_TAgame_671cb57aaf343a5cc514ad0bed195d1f\core.a(SERCOM.cpp.o)
                0x0001184c                SERCOM::isStopDetectedWIRE()
 .text._ZN6SERCOM21isRestartDetectedWIREEv
                0x00011856        0xa C:\Users\panda\AppData\Local\Temp\arduino\sketches\21FB17ACE7872C2E58A1419889B9C374/..\..\cores\TinyCircuits_samd_tinyarcade_BuildOption_TAgame_671cb57aaf343a5cc514ad0bed195d1f\core.a(SERCOM.cpp.o)
                0x00011856                SERCOM::isRestartDetectedWIRE()
 .text._ZN6SERCOM14isAddressMatchEv
                0x00011860        0xa C:\Users\panda\AppData\Local\Temp\arduino\sketches\21FB17ACE7872C2E58A1419889B9C374/..\..\cores\TinyCircuits_samd_tinyarcade_BuildOption_TAgame_671cb57aaf343a5cc514ad0bed195d1f\core.a(SERCOM.cpp.o)
                0x00011860                SERCOM::isAddressMatch()
 .text._ZN6SERCOM25isMasterReadOperationWIREEv
                0x0001186a        0xa C:\Users\panda\AppData\Local\Temp\arduino\sketches\21FB17ACE7872C2E58A1419889B9C374/..\..\cores\TinyCircuits_samd_tinyarcade_BuildOption_TAgame_671cb57aaf343a5cc514ad0bed195d1f\core.a(SERCOM.cpp.o)
                0x0001186a                SERCOM::isMasterReadOperationWIRE()
 .text._ZN6SERCOM12readDataWIREEv
                0x00011874       0x20 C:\Users\panda\AppData\Local\Temp\arduino\sketches\21FB17ACE7872C2E58A1419889B9C374/..\..\cores\TinyCircuits_samd_tinyarcade_BuildOption_TAgame_671cb57aaf343a5cc514ad0bed195d1f\core.a(SERCOM.cpp.o)
                0x00011874                SERCOM::readDataWIRE()
 .text._ZN6SERCOM13initClockNVICEv
                0x00011894       0xa8 C:\Users\panda\AppData\Local\Temp\arduino\sketches\21FB17ACE7872C2E58A1419889B9C374/..\..\cores\TinyCircuits_samd_tinyarcade_BuildOption_TAgame_671cb57aaf343a5cc514ad0bed195d1f\core.a(SERCOM.cpp.o)
                0x00011894                SERCOM::initClockNVIC()
 .text._ZN6SERCOM8initUARTE14SercomUartMode20SercomUartSampleRatem
                0x0001193c       0x6c C:\Users\panda\AppData\Local\Temp\arduino\sketches\21FB17ACE7872C2E58A1419889B9C374/..\..\cores\TinyCircuits_samd_tinyarcade_BuildOption_TAgame_671cb57aaf343a5cc514ad0bed195d1f\core.a(SERCOM.cpp.o)
                0x0001193c                SERCOM::initUART(SercomUartMode, SercomUartSampleRate, unsigned long)
 .text._ZN6SERCOM7initSPIE14SercomSpiTXPad11SercomRXPad17SercomSpiCharSize15SercomDataOrder
                0x000119a8       0x4a C:\Users\panda\AppData\Local\Temp\arduino\sketches\21FB17ACE7872C2E58A1419889B9C374/..\..\cores\TinyCircuits_samd_tinyarcade_BuildOption_TAgame_671cb57aaf343a5cc514ad0bed195d1f\core.a(SERCOM.cpp.o)
                0x000119a8                SERCOM::initSPI(SercomSpiTXPad, SercomRXPad, SercomSpiCharSize, SercomDataOrder)
 .text._ZN4UartcvbEv
                0x000119f2        0x4 C:\Users\panda\AppData\Local\Temp\arduino\sketches\21FB17ACE7872C2E58A1419889B9C374/..\..\cores\TinyCircuits_samd_tinyarcade_BuildOption_TAgame_671cb57aaf343a5cc514ad0bed195d1f\core.a(Uart.cpp.o)
                0x000119f2                Uart::operator bool()
 *fill*         0x000119f6        0x2 
 .text._ZN4Uart5beginEm
                0x000119f8       0x10 C:\Users\panda\AppData\Local\Temp\arduino\sketches\21FB17ACE7872C2E58A1419889B9C374/..\..\cores\TinyCircuits_samd_tinyarcade_BuildOption_TAgame_671cb57aaf343a5cc514ad0bed195d1f\core.a(Uart.cpp.o)
                0x000119f8                Uart::begin(unsigned long)
 .text._ZN4Uart4peekEv
                0x00011a08       0x1a C:\Users\panda\AppData\Local\Temp\arduino\sketches\21FB17ACE7872C2E58A1419889B9C374/..\..\cores\TinyCircuits_samd_tinyarcade_BuildOption_TAgame_671cb57aaf343a5cc514ad0bed195d1f\core.a(Uart.cpp.o)
                0x00011a08                Uart::peek()
 .text._ZN4Uart3endEv
                0x00011a22       0x20 C:\Users\panda\AppData\Local\Temp\arduino\sketches\21FB17ACE7872C2E58A1419889B9C374/..\..\cores\TinyCircuits_samd_tinyarcade_BuildOption_TAgame_671cb57aaf343a5cc514ad0bed195d1f\core.a(Uart.cpp.o)
                0x00011a22                Uart::end()
 .text._ZN4Uart16extractNbStopBitEt
                0x00011a42        0xc C:\Users\panda\AppData\Local\Temp\arduino\sketches\21FB17ACE7872C2E58A1419889B9C374/..\..\cores\TinyCircuits_samd_tinyarcade_BuildOption_TAgame_671cb57aaf343a5cc514ad0bed195d1f\core.a(Uart.cpp.o)
                0x00011a42                Uart::extractNbStopBit(unsigned short)
 .text._ZN4Uart15extractCharSizeEt
                0x00011a4e       0x28 C:\Users\panda\AppData\Local\Temp\arduino\sketches\21FB17ACE7872C2E58A1419889B9C374/..\..\cores\TinyCircuits_samd_tinyarcade_BuildOption_TAgame_671cb57aaf343a5cc514ad0bed195d1f\core.a(Uart.cpp.o)
                0x00011a4e                Uart::extractCharSize(unsigned short)
 .text._ZN4Uart13extractParityEt
                0x00011a76       0x14 C:\Users\panda\AppData\Local\Temp\arduino\sketches\21FB17ACE7872C2E58A1419889B9C374/..\..\cores\TinyCircuits_samd_tinyarcade_BuildOption_TAgame_671cb57aaf343a5cc514ad0bed195d1f\core.a(Uart.cpp.o)
                0x00011a76                Uart::extractParity(unsigned short)
 *fill*         0x00011a8a        0x2 
 .text._ZN4Uart5beginEmt
                0x00011a8c       0xf8 C:\Users\panda\AppData\Local\Temp\arduino\sketches\21FB17ACE7872C2E58A1419889B9C374/..\..\cores\TinyCircuits_samd_tinyarcade_BuildOption_TAgame_671cb57aaf343a5cc514ad0bed195d1f\core.a(Uart.cpp.o)
                0x00011a8c                Uart::begin(unsigned long, unsigned short)
 .text._ZN11RingBufferNILi256EEC2Ev
                0x00011b84       0x1c C:\Users\panda\AppData\Local\Temp\arduino\sketches\21FB17ACE7872C2E58A1419889B9C374/..\..\cores\TinyCircuits_samd_tinyarcade_BuildOption_TAgame_671cb57aaf343a5cc514ad0bed195d1f\core.a(Uart.cpp.o)
                0x00011b84                RingBufferN<256>::RingBufferN()
                0x00011b84                RingBufferN<256>::RingBufferN()
 .text._ZN4UartC2EP6SERCOMhh11SercomRXPad15SercomUartTXPad
                0x00011ba0       0x74 C:\Users\panda\AppData\Local\Temp\arduino\sketches\21FB17ACE7872C2E58A1419889B9C374/..\..\cores\TinyCircuits_samd_tinyarcade_BuildOption_TAgame_671cb57aaf343a5cc514ad0bed195d1f\core.a(Uart.cpp.o)
                0x00011ba0                Uart::Uart(SERCOM*, unsigned char, unsigned char, SercomRXPad, SercomUartTXPad)
                0x00011ba0                Uart::Uart(SERCOM*, unsigned char, unsigned char, SercomRXPad, SercomUartTXPad)
 .text._ZN11RingBufferNILi256EE9availableEv
                0x00011c14       0x12 C:\Users\panda\AppData\Local\Temp\arduino\sketches\21FB17ACE7872C2E58A1419889B9C374/..\..\cores\TinyCircuits_samd_tinyarcade_BuildOption_TAgame_671cb57aaf343a5cc514ad0bed195d1f\core.a(Uart.cpp.o)
                0x00011c14                RingBufferN<256>::available()
 .text._ZN4Uart5flushEv
                0x00011c26       0x1a C:\Users\panda\AppData\Local\Temp\arduino\sketches\21FB17ACE7872C2E58A1419889B9C374/..\..\cores\TinyCircuits_samd_tinyarcade_BuildOption_TAgame_671cb57aaf343a5cc514ad0bed195d1f\core.a(Uart.cpp.o)
                0x00011c26                Uart::flush()
 .text._ZN4Uart9availableEv
                0x00011c40        0xa C:\Users\panda\AppData\Local\Temp\arduino\sketches\21FB17ACE7872C2E58A1419889B9C374/..\..\cores\TinyCircuits_samd_tinyarcade_BuildOption_TAgame_671cb57aaf343a5cc514ad0bed195d1f\core.a(Uart.cpp.o)
                0x00011c40                Uart::available()
 .text._ZN11RingBufferNILi256EE17availableForStoreEv
                0x00011c4a       0x20 C:\Users\panda\AppData\Local\Temp\arduino\sketches\21FB17ACE7872C2E58A1419889B9C374/..\..\cores\TinyCircuits_samd_tinyarcade_BuildOption_TAgame_671cb57aaf343a5cc514ad0bed195d1f\core.a(Uart.cpp.o)
                0x00011c4a                RingBufferN<256>::availableForStore()
 .text._ZN4Uart17availableForWriteEv
                0x00011c6a        0xc C:\Users\panda\AppData\Local\Temp\arduino\sketches\21FB17ACE7872C2E58A1419889B9C374/..\..\cores\TinyCircuits_samd_tinyarcade_BuildOption_TAgame_671cb57aaf343a5cc514ad0bed195d1f\core.a(Uart.cpp.o)
                0x00011c6a                Uart::availableForWrite()
 .text._ZN4Uart10IrqHandlerEv
                0x00011c76       0xcc C:\Users\panda\AppData\Local\Temp\arduino\sketches\21FB17ACE7872C2E58A1419889B9C374/..\..\cores\TinyCircuits_samd_tinyarcade_BuildOption_TAgame_671cb57aaf343a5cc514ad0bed195d1f\core.a(Uart.cpp.o)
                0x00011c76                Uart::IrqHandler()
 *fill*         0x00011d42        0x2 
 .text._ZN4Uart5writeEh
                0x00011d44       0xb4 C:\Users\panda\AppData\Local\Temp\arduino\sketches\21FB17ACE7872C2E58A1419889B9C374/..\..\cores\TinyCircuits_samd_tinyarcade_BuildOption_TAgame_671cb57aaf343a5cc514ad0bed195d1f\core.a(Uart.cpp.o)
                0x00011d44                Uart::write(unsigned char)
 .text._ZN4Uart4readEv
                0x00011df8       0x4c C:\Users\panda\AppData\Local\Temp\arduino\sketches\21FB17ACE7872C2E58A1419889B9C374/..\..\cores\TinyCircuits_samd_tinyarcade_BuildOption_TAgame_671cb57aaf343a5cc514ad0bed195d1f\core.a(Uart.cpp.o)
                0x00011df8                Uart::read()
 .text.Dummy_Handler
                0x00011e44        0x2 C:\Users\panda\AppData\Local\Temp\arduino\sketches\21FB17ACE7872C2E58A1419889B9C374/..\..\cores\TinyCircuits_samd_tinyarcade_BuildOption_TAgame_671cb57aaf343a5cc514ad0bed195d1f\core.a(cortex_handlers.c.o)
                0x00011e44                HardFault_Handler
                0x00011e44                AC_Handler
                0x00011e44                PendSV_Handler
                0x00011e44                NMI_Handler
                0x00011e44                TC7_Handler
                0x00011e44                SERCOM1_Handler
                0x00011e44                ADC_Handler
                0x00011e44                TCC1_Handler
                0x00011e44                TCC0_Handler
                0x00011e44                RTC_Handler
                0x00011e44                EIC_Handler
                0x00011e44                TC6_Handler
                0x00011e44                WDT_Handler
                0x00011e44                TC4_Handler
                0x00011e44                TC3_Handler
                0x00011e44                Dummy_Handler
                0x00011e44                PM_Handler
                0x00011e44                SVC_Handler
                0x00011e44                TCC2_Handler
                0x00011e44                EVSYS_Handler
                0x00011e44                SERCOM3_Handler
                0x00011e44                SERCOM4_Handler
                0x00011e44                I2S_Handler
                0x00011e44                NVMCTRL_Handler
                0x00011e44                DAC_Handler
                0x00011e44                PTC_Handler
                0x00011e44                SYSCTRL_Handler
 *fill*         0x00011e46        0x2 
 .text.USB_Handler
                0x00011e48       0x14 C:\Users\panda\AppData\Local\Temp\arduino\sketches\21FB17ACE7872C2E58A1419889B9C374/..\..\cores\TinyCircuits_samd_tinyarcade_BuildOption_TAgame_671cb57aaf343a5cc514ad0bed195d1f\core.a(cortex_handlers.c.o)
                0x00011e48                USB_Handler
 .text.Reset_Handler
                0x00011e5c       0x54 C:\Users\panda\AppData\Local\Temp\arduino\sketches\21FB17ACE7872C2E58A1419889B9C374/..\..\cores\TinyCircuits_samd_tinyarcade_BuildOption_TAgame_671cb57aaf343a5cc514ad0bed195d1f\core.a(cortex_handlers.c.o)
                0x00011e5c                Reset_Handler
 .text.SysTick_Handler
                0x00011eb0       0x10 C:\Users\panda\AppData\Local\Temp\arduino\sketches\21FB17ACE7872C2E58A1419889B9C374/..\..\cores\TinyCircuits_samd_tinyarcade_BuildOption_TAgame_671cb57aaf343a5cc514ad0bed195d1f\core.a(cortex_handlers.c.o)
                0x00011eb0                SysTick_Handler
 .text.USB_SetHandler
                0x00011ec0        0xc C:\Users\panda\AppData\Local\Temp\arduino\sketches\21FB17ACE7872C2E58A1419889B9C374/..\..\cores\TinyCircuits_samd_tinyarcade_BuildOption_TAgame_671cb57aaf343a5cc514ad0bed195d1f\core.a(cortex_handlers.c.o)
                0x00011ec0                USB_SetHandler
 .text.millis   0x00011ecc        0xc C:\Users\panda\AppData\Local\Temp\arduino\sketches\21FB17ACE7872C2E58A1419889B9C374/..\..\cores\TinyCircuits_samd_tinyarcade_BuildOption_TAgame_671cb57aaf343a5cc514ad0bed195d1f\core.a(delay.c.o)
                0x00011ecc                millis
 .text.micros   0x00011ed8       0x60 C:\Users\panda\AppData\Local\Temp\arduino\sketches\21FB17ACE7872C2E58A1419889B9C374/..\..\cores\TinyCircuits_samd_tinyarcade_BuildOption_TAgame_671cb57aaf343a5cc514ad0bed195d1f\core.a(delay.c.o)
                0x00011ed8                micros
 .text.delay    0x00011f38       0x30 C:\Users\panda\AppData\Local\Temp\arduino\sketches\21FB17ACE7872C2E58A1419889B9C374/..\..\cores\TinyCircuits_samd_tinyarcade_BuildOption_TAgame_671cb57aaf343a5cc514ad0bed195d1f\core.a(delay.c.o)
                0x00011f38                delay
 .text.resetExternalChip
                0x00011f68        0x2 C:\Users\panda\AppData\Local\Temp\arduino\sketches\21FB17ACE7872C2E58A1419889B9C374/..\..\cores\TinyCircuits_samd_tinyarcade_BuildOption_TAgame_671cb57aaf343a5cc514ad0bed195d1f\core.a(delay.c.o)
                0x00011f68                resetExternalChip
 *fill*         0x00011f6a        0x2 
 .text.SysTick_DefaultHandler
                0x00011f6c       0x14 C:\Users\panda\AppData\Local\Temp\arduino\sketches\21FB17ACE7872C2E58A1419889B9C374/..\..\cores\TinyCircuits_samd_tinyarcade_BuildOption_TAgame_671cb57aaf343a5cc514ad0bed195d1f\core.a(delay.c.o)
                0x00011f6c                SysTick_DefaultHandler
 .text.__empty  0x00011f80        0x2 C:\Users\panda\AppData\Local\Temp\arduino\sketches\21FB17ACE7872C2E58A1419889B9C374/..\..\cores\TinyCircuits_samd_tinyarcade_BuildOption_TAgame_671cb57aaf343a5cc514ad0bed195d1f\core.a(hooks.c.o)
                0x00011f80                yield
 .text.__false  0x00011f82        0x4 C:\Users\panda\AppData\Local\Temp\arduino\sketches\21FB17ACE7872C2E58A1419889B9C374/..\..\cores\TinyCircuits_samd_tinyarcade_BuildOption_TAgame_671cb57aaf343a5cc514ad0bed195d1f\core.a(hooks.c.o)
                0x00011f82                sysTickHook
 .text._Z11initVariantv
                0x00011f86        0x2 C:\Users\panda\AppData\Local\Temp\arduino\sketches\21FB17ACE7872C2E58A1419889B9C374/..\..\cores\TinyCircuits_samd_tinyarcade_BuildOption_TAgame_671cb57aaf343a5cc514ad0bed195d1f\core.a(main.cpp.o)
                0x00011f86                initVariant()
 .text.startup.main
                0x00011f88       0x40 C:\Users\panda\AppData\Local\Temp\arduino\sketches\21FB17ACE7872C2E58A1419889B9C374/..\..\cores\TinyCircuits_samd_tinyarcade_BuildOption_TAgame_671cb57aaf343a5cc514ad0bed195d1f\core.a(main.cpp.o)
                0x00011f88                main
 .text.SystemInit
                0x00011fc8      0x194 C:\Users\panda\AppData\Local\Temp\arduino\sketches\21FB17ACE7872C2E58A1419889B9C374/..\..\cores\TinyCircuits_samd_tinyarcade_BuildOption_TAgame_671cb57aaf343a5cc514ad0bed195d1f\core.a(startup.c.o)
                0x00011fc8                SystemInit
 .text.init     0x0001215c       0xf0 C:\Users\panda\AppData\Local\Temp\arduino\sketches\21FB17ACE7872C2E58A1419889B9C374/..\..\cores\TinyCircuits_samd_tinyarcade_BuildOption_TAgame_671cb57aaf343a5cc514ad0bed195d1f\core.a(wiring.c.o)
                0x0001215c                init
 .text.mapResolution
                0x0001224c       0x12 C:\Users\panda\AppData\Local\Temp\arduino\sketches\21FB17ACE7872C2E58A1419889B9C374/..\..\cores\TinyCircuits_samd_tinyarcade_BuildOption_TAgame_671cb57aaf343a5cc514ad0bed195d1f\core.a(wiring_analog.c.o)
 *fill*         0x0001225e        0x2 
 .text.analogReference
                0x00012260       0x64 C:\Users\panda\AppData\Local\Temp\arduino\sketches\21FB17ACE7872C2E58A1419889B9C374/..\..\cores\TinyCircuits_samd_tinyarcade_BuildOption_TAgame_671cb57aaf343a5cc514ad0bed195d1f\core.a(wiring_analog.c.o)
                0x00012260                analogReference
 .text.analogRead
                0x000122c4       0xd8 C:\Users\panda\AppData\Local\Temp\arduino\sketches\21FB17ACE7872C2E58A1419889B9C374/..\..\cores\TinyCircuits_samd_tinyarcade_BuildOption_TAgame_671cb57aaf343a5cc514ad0bed195d1f\core.a(wiring_analog.c.o)
                0x000122c4                analogRead
 .text.analogWrite
                0x0001239c      0x1d4 C:\Users\panda\AppData\Local\Temp\arduino\sketches\21FB17ACE7872C2E58A1419889B9C374/..\..\cores\TinyCircuits_samd_tinyarcade_BuildOption_TAgame_671cb57aaf343a5cc514ad0bed195d1f\core.a(wiring_analog.c.o)
                0x0001239c                analogWrite
 .text.pinMode  0x00012570       0x98 C:\Users\panda\AppData\Local\Temp\arduino\sketches\21FB17ACE7872C2E58A1419889B9C374/..\..\cores\TinyCircuits_samd_tinyarcade_BuildOption_TAgame_671cb57aaf343a5cc514ad0bed195d1f\core.a(wiring_digital.c.o)
                0x00012570                pinMode
 .text.digitalWrite
                0x00012608       0x58 C:\Users\panda\AppData\Local\Temp\arduino\sketches\21FB17ACE7872C2E58A1419889B9C374/..\..\cores\TinyCircuits_samd_tinyarcade_BuildOption_TAgame_671cb57aaf343a5cc514ad0bed195d1f\core.a(wiring_digital.c.o)
                0x00012608                digitalWrite
 .text.digitalRead
                0x00012660       0x30 C:\Users\panda\AppData\Local\Temp\arduino\sketches\21FB17ACE7872C2E58A1419889B9C374/..\..\cores\TinyCircuits_samd_tinyarcade_BuildOption_TAgame_671cb57aaf343a5cc514ad0bed195d1f\core.a(wiring_digital.c.o)
                0x00012660                digitalRead
 .text.pinPeripheral
                0x00012690       0xc0 C:\Users\panda\AppData\Local\Temp\arduino\sketches\21FB17ACE7872C2E58A1419889B9C374/..\..\cores\TinyCircuits_samd_tinyarcade_BuildOption_TAgame_671cb57aaf343a5cc514ad0bed195d1f\core.a(wiring_private.c.o)
                0x00012690                pinPeripheral
 .text.initiateReset
                0x00012750       0x14 C:\Users\panda\AppData\Local\Temp\arduino\sketches\21FB17ACE7872C2E58A1419889B9C374/..\..\cores\TinyCircuits_samd_tinyarcade_BuildOption_TAgame_671cb57aaf343a5cc514ad0bed195d1f\core.a(Reset.cpp.o)
                0x00012750                initiateReset
 .text.cancelReset
                0x00012764       0x10 C:\Users\panda\AppData\Local\Temp\arduino\sketches\21FB17ACE7872C2E58A1419889B9C374/..\..\cores\TinyCircuits_samd_tinyarcade_BuildOption_TAgame_671cb57aaf343a5cc514ad0bed195d1f\core.a(Reset.cpp.o)
                0x00012764                cancelReset
 .text.tickReset
                0x00012774       0x78 C:\Users\panda\AppData\Local\Temp\arduino\sketches\21FB17ACE7872C2E58A1419889B9C374/..\..\cores\TinyCircuits_samd_tinyarcade_BuildOption_TAgame_671cb57aaf343a5cc514ad0bed195d1f\core.a(Reset.cpp.o)
                0x00012774                tickReset
 .text._ZN26DoubleBufferedEPOutHandlerD2Ev
                0x000127ec        0x2 C:\Users\panda\AppData\Local\Temp\arduino\sketches\21FB17ACE7872C2E58A1419889B9C374/..\..\cores\TinyCircuits_samd_tinyarcade_BuildOption_TAgame_671cb57aaf343a5cc514ad0bed195d1f\core.a(USBCore.cpp.o)
                0x000127ec                DoubleBufferedEPOutHandler::~DoubleBufferedEPOutHandler()
                0x000127ec                DoubleBufferedEPOutHandler::~DoubleBufferedEPOutHandler()
 .text._ZN26DoubleBufferedEPOutHandlerD0Ev
                0x000127ee        0xc C:\Users\panda\AppData\Local\Temp\arduino\sketches\21FB17ACE7872C2E58A1419889B9C374/..\..\cores\TinyCircuits_samd_tinyarcade_BuildOption_TAgame_671cb57aaf343a5cc514ad0bed195d1f\core.a(USBCore.cpp.o)
                0x000127ee                DoubleBufferedEPOutHandler::~DoubleBufferedEPOutHandler()
 *fill*         0x000127fa        0x2 
 .text._ZN14USBDeviceClass6initEPEmm.part.7
                0x000127fc       0xc4 C:\Users\panda\AppData\Local\Temp\arduino\sketches\21FB17ACE7872C2E58A1419889B9C374/..\..\cores\TinyCircuits_samd_tinyarcade_BuildOption_TAgame_671cb57aaf343a5cc514ad0bed195d1f\core.a(USBCore.cpp.o)
 .text._ZN7__GuardC2Ev
                0x000128c0        0xe C:\Users\panda\AppData\Local\Temp\arduino\sketches\21FB17ACE7872C2E58A1419889B9C374/..\..\cores\TinyCircuits_samd_tinyarcade_BuildOption_TAgame_671cb57aaf343a5cc514ad0bed195d1f\core.a(USBCore.cpp.o)
                0x000128c0                __Guard::__Guard()
                0x000128c0                __Guard::__Guard()
 .text._ZN7__GuardD2Ev
                0x000128ce        0xe C:\Users\panda\AppData\Local\Temp\arduino\sketches\21FB17ACE7872C2E58A1419889B9C374/..\..\cores\TinyCircuits_samd_tinyarcade_BuildOption_TAgame_671cb57aaf343a5cc514ad0bed195d1f\core.a(USBCore.cpp.o)
                0x000128ce                __Guard::~__Guard()
                0x000128ce                __Guard::~__Guard()
 .text._ZNK26DoubleBufferedEPOutHandler10_availableEv
                0x000128dc       0x70 C:\Users\panda\AppData\Local\Temp\arduino\sketches\21FB17ACE7872C2E58A1419889B9C374/..\..\cores\TinyCircuits_samd_tinyarcade_BuildOption_TAgame_671cb57aaf343a5cc514ad0bed195d1f\core.a(USBCore.cpp.o)
                0x000128dc                DoubleBufferedEPOutHandler::_available() const
 .text._ZN26DoubleBufferedEPOutHandler7releaseEv
                0x0001294c       0x3c C:\Users\panda\AppData\Local\Temp\arduino\sketches\21FB17ACE7872C2E58A1419889B9C374/..\..\cores\TinyCircuits_samd_tinyarcade_BuildOption_TAgame_671cb57aaf343a5cc514ad0bed195d1f\core.a(USBCore.cpp.o)
                0x0001294c                DoubleBufferedEPOutHandler::release()
 .text._ZN26DoubleBufferedEPOutHandler14handleEndpointEv
                0x00012988       0xea C:\Users\panda\AppData\Local\Temp\arduino\sketches\21FB17ACE7872C2E58A1419889B9C374/..\..\cores\TinyCircuits_samd_tinyarcade_BuildOption_TAgame_671cb57aaf343a5cc514ad0bed195d1f\core.a(USBCore.cpp.o)
                0x00012988                DoubleBufferedEPOutHandler::handleEndpoint()
 .text._ZN26DoubleBufferedEPOutHandler5_recvEv
                0x00012a72      0x198 C:\Users\panda\AppData\Local\Temp\arduino\sketches\21FB17ACE7872C2E58A1419889B9C374/..\..\cores\TinyCircuits_samd_tinyarcade_BuildOption_TAgame_671cb57aaf343a5cc514ad0bed195d1f\core.a(USBCore.cpp.o)
                0x00012a72                DoubleBufferedEPOutHandler::_recv()
 .text._ZN26DoubleBufferedEPOutHandler4peekEv
                0x00012c0a       0x22 C:\Users\panda\AppData\Local\Temp\arduino\sketches\21FB17ACE7872C2E58A1419889B9C374/..\..\cores\TinyCircuits_samd_tinyarcade_BuildOption_TAgame_671cb57aaf343a5cc514ad0bed195d1f\core.a(USBCore.cpp.o)
                0x00012c0a                DoubleBufferedEPOutHandler::peek()
 .text._ZN26DoubleBufferedEPOutHandler9availableEv
                0x00012c2c       0x18 C:\Users\panda\AppData\Local\Temp\arduino\sketches\21FB17ACE7872C2E58A1419889B9C374/..\..\cores\TinyCircuits_samd_tinyarcade_BuildOption_TAgame_671cb57aaf343a5cc514ad0bed195d1f\core.a(USBCore.cpp.o)
                0x00012c2c                DoubleBufferedEPOutHandler::available()
 .text._ZN26DoubleBufferedEPOutHandler4recvEPvm
                0x00012c44       0x72 C:\Users\panda\AppData\Local\Temp\arduino\sketches\21FB17ACE7872C2E58A1419889B9C374/..\..\cores\TinyCircuits_samd_tinyarcade_BuildOption_TAgame_671cb57aaf343a5cc514ad0bed195d1f\core.a(USBCore.cpp.o)
                0x00012c44                DoubleBufferedEPOutHandler::recv(void*, unsigned long)
 .text._ZN14USBDeviceClass14SendInterfacesEPm
                0x00012cb6       0x20 C:\Users\panda\AppData\Local\Temp\arduino\sketches\21FB17ACE7872C2E58A1419889B9C374/..\..\cores\TinyCircuits_samd_tinyarcade_BuildOption_TAgame_671cb57aaf343a5cc514ad0bed195d1f\core.a(USBCore.cpp.o)
                0x00012cb6                USBDeviceClass::SendInterfaces(unsigned long*)
 *fill*         0x00012cd6        0x2 
 .text._ZN14USBDeviceClass4initEv
                0x00012cd8      0x144 C:\Users\panda\AppData\Local\Temp\arduino\sketches\21FB17ACE7872C2E58A1419889B9C374/..\..\cores\TinyCircuits_samd_tinyarcade_BuildOption_TAgame_671cb57aaf343a5cc514ad0bed195d1f\core.a(USBCore.cpp.o)
                0x00012cd8                USBDeviceClass::init()
 .text._ZN14USBDeviceClass6attachEv
                0x00012e1c       0x34 C:\Users\panda\AppData\Local\Temp\arduino\sketches\21FB17ACE7872C2E58A1419889B9C374/..\..\cores\TinyCircuits_samd_tinyarcade_BuildOption_TAgame_671cb57aaf343a5cc514ad0bed195d1f\core.a(USBCore.cpp.o)
                0x00012e1c                USBDeviceClass::attach()
 .text._ZN14USBDeviceClass10setAddressEm
                0x00012e50       0x48 C:\Users\panda\AppData\Local\Temp\arduino\sketches\21FB17ACE7872C2E58A1419889B9C374/..\..\cores\TinyCircuits_samd_tinyarcade_BuildOption_TAgame_671cb57aaf343a5cc514ad0bed195d1f\core.a(USBCore.cpp.o)
                0x00012e50                USBDeviceClass::setAddress(unsigned long)
 .text._ZN14USBDeviceClass25handleClassInterfaceSetupER8USBSetup
                0x00012e98       0x24 C:\Users\panda\AppData\Local\Temp\arduino\sketches\21FB17ACE7872C2E58A1419889B9C374/..\..\cores\TinyCircuits_samd_tinyarcade_BuildOption_TAgame_671cb57aaf343a5cc514ad0bed195d1f\core.a(USBCore.cpp.o)
                0x00012e98                USBDeviceClass::handleClassInterfaceSetup(USBSetup&)
 .text._ZN14USBDeviceClass6initEPEmm
                0x00012ebc      0x120 C:\Users\panda\AppData\Local\Temp\arduino\sketches\21FB17ACE7872C2E58A1419889B9C374/..\..\cores\TinyCircuits_samd_tinyarcade_BuildOption_TAgame_671cb57aaf343a5cc514ad0bed195d1f\core.a(USBCore.cpp.o)
                0x00012ebc                USBDeviceClass::initEP(unsigned long, unsigned long)
 .text._ZN14USBDeviceClass13initEndpointsEv
                0x00012fdc       0x24 C:\Users\panda\AppData\Local\Temp\arduino\sketches\21FB17ACE7872C2E58A1419889B9C374/..\..\cores\TinyCircuits_samd_tinyarcade_BuildOption_TAgame_671cb57aaf343a5cc514ad0bed195d1f\core.a(USBCore.cpp.o)
                0x00012fdc                USBDeviceClass::initEndpoints()
 .text._ZN14USBDeviceClass5clearEm
                0x00013000       0x38 C:\Users\panda\AppData\Local\Temp\arduino\sketches\21FB17ACE7872C2E58A1419889B9C374/..\..\cores\TinyCircuits_samd_tinyarcade_BuildOption_TAgame_671cb57aaf343a5cc514ad0bed195d1f\core.a(USBCore.cpp.o)
                0x00013000                USBDeviceClass::clear(unsigned long)
 .text._ZN14USBDeviceClass9availableEm
                0x00013038       0x2c C:\Users\panda\AppData\Local\Temp\arduino\sketches\21FB17ACE7872C2E58A1419889B9C374/..\..\cores\TinyCircuits_samd_tinyarcade_BuildOption_TAgame_671cb57aaf343a5cc514ad0bed195d1f\core.a(USBCore.cpp.o)
                0x00013038                USBDeviceClass::available(unsigned long)
 .text._ZN14USBDeviceClass5flushEm
                0x00013064       0x2c C:\Users\panda\AppData\Local\Temp\arduino\sketches\21FB17ACE7872C2E58A1419889B9C374/..\..\cores\TinyCircuits_samd_tinyarcade_BuildOption_TAgame_671cb57aaf343a5cc514ad0bed195d1f\core.a(USBCore.cpp.o)
                0x00013064                USBDeviceClass::flush(unsigned long)
 .text._ZN14USBDeviceClass4recvEmPvm
                0x00013090       0xc0 C:\Users\panda\AppData\Local\Temp\arduino\sketches\21FB17ACE7872C2E58A1419889B9C374/..\..\cores\TinyCircuits_samd_tinyarcade_BuildOption_TAgame_671cb57aaf343a5cc514ad0bed195d1f\core.a(USBCore.cpp.o)
                0x00013090                USBDeviceClass::recv(unsigned long, void*, unsigned long)
 .text._ZN14USBDeviceClass4recvEm
                0x00013150       0x1c C:\Users\panda\AppData\Local\Temp\arduino\sketches\21FB17ACE7872C2E58A1419889B9C374/..\..\cores\TinyCircuits_samd_tinyarcade_BuildOption_TAgame_671cb57aaf343a5cc514ad0bed195d1f\core.a(USBCore.cpp.o)
                0x00013150                USBDeviceClass::recv(unsigned long)
 .text._ZN14USBDeviceClass14armRecvCtrlOUTEm
                0x0001316c       0x5c C:\Users\panda\AppData\Local\Temp\arduino\sketches\21FB17ACE7872C2E58A1419889B9C374/..\..\cores\TinyCircuits_samd_tinyarcade_BuildOption_TAgame_671cb57aaf343a5cc514ad0bed195d1f\core.a(USBCore.cpp.o)
                0x0001316c                USBDeviceClass::armRecvCtrlOUT(unsigned long)
 .text._ZN14USBDeviceClass11recvControlEPvm
                0x000131c8       0x28 C:\Users\panda\AppData\Local\Temp\arduino\sketches\21FB17ACE7872C2E58A1419889B9C374/..\..\cores\TinyCircuits_samd_tinyarcade_BuildOption_TAgame_671cb57aaf343a5cc514ad0bed195d1f\core.a(USBCore.cpp.o)
                0x000131c8                USBDeviceClass::recvControl(void*, unsigned long)
 .text._ZN14USBDeviceClass4sendEmPKvm
                0x000131f0      0x10c C:\Users\panda\AppData\Local\Temp\arduino\sketches\21FB17ACE7872C2E58A1419889B9C374/..\..\cores\TinyCircuits_samd_tinyarcade_BuildOption_TAgame_671cb57aaf343a5cc514ad0bed195d1f\core.a(USBCore.cpp.o)
                0x000131f0                USBDeviceClass::send(unsigned long, void const*, unsigned long)
 .text._ZN14USBDeviceClass7armSendEmPKvm
                0x000132fc       0x48 C:\Users\panda\AppData\Local\Temp\arduino\sketches\21FB17ACE7872C2E58A1419889B9C374/..\..\cores\TinyCircuits_samd_tinyarcade_BuildOption_TAgame_671cb57aaf343a5cc514ad0bed195d1f\core.a(USBCore.cpp.o)
                0x000132fc                USBDeviceClass::armSend(unsigned long, void const*, unsigned long)
 .text._ZN14USBDeviceClass11sendControlEPKvm
                0x00013344       0x54 C:\Users\panda\AppData\Local\Temp\arduino\sketches\21FB17ACE7872C2E58A1419889B9C374/..\..\cores\TinyCircuits_samd_tinyarcade_BuildOption_TAgame_671cb57aaf343a5cc514ad0bed195d1f\core.a(USBCore.cpp.o)
                0x00013344                USBDeviceClass::sendControl(void const*, unsigned long)
 .text._ZN14USBDeviceClass20sendStringDescriptorEPKhm
                0x00013398       0x64 C:\Users\panda\AppData\Local\Temp\arduino\sketches\21FB17ACE7872C2E58A1419889B9C374/..\..\cores\TinyCircuits_samd_tinyarcade_BuildOption_TAgame_671cb57aaf343a5cc514ad0bed195d1f\core.a(USBCore.cpp.o)
                0x00013398                USBDeviceClass::sendStringDescriptor(unsigned char const*, unsigned long)
 .text._ZN14USBDeviceClass17sendConfigurationEm
                0x000133fc       0x80 C:\Users\panda\AppData\Local\Temp\arduino\sketches\21FB17ACE7872C2E58A1419889B9C374/..\..\cores\TinyCircuits_samd_tinyarcade_BuildOption_TAgame_671cb57aaf343a5cc514ad0bed195d1f\core.a(USBCore.cpp.o)
                0x000133fc                USBDeviceClass::sendConfiguration(unsigned long)
 .text._ZN14USBDeviceClass14sendDescriptorER8USBSetup
                0x0001347c       0xe0 C:\Users\panda\AppData\Local\Temp\arduino\sketches\21FB17ACE7872C2E58A1419889B9C374/..\..\cores\TinyCircuits_samd_tinyarcade_BuildOption_TAgame_671cb57aaf343a5cc514ad0bed195d1f\core.a(USBCore.cpp.o)
                0x0001347c                USBDeviceClass::sendDescriptor(USBSetup&)
 .text._ZN14USBDeviceClass7sendZlpEm
                0x0001355c       0x18 C:\Users\panda\AppData\Local\Temp\arduino\sketches\21FB17ACE7872C2E58A1419889B9C374/..\..\cores\TinyCircuits_samd_tinyarcade_BuildOption_TAgame_671cb57aaf343a5cc514ad0bed195d1f\core.a(USBCore.cpp.o)
                0x0001355c                USBDeviceClass::sendZlp(unsigned long)
 .text._ZN14USBDeviceClass19handleStandardSetupER8USBSetup
                0x00013574       0xf0 C:\Users\panda\AppData\Local\Temp\arduino\sketches\21FB17ACE7872C2E58A1419889B9C374/..\..\cores\TinyCircuits_samd_tinyarcade_BuildOption_TAgame_671cb57aaf343a5cc514ad0bed195d1f\core.a(USBCore.cpp.o)
                0x00013574                USBDeviceClass::handleStandardSetup(USBSetup&)
 .text._ZN14USBDeviceClass10ISRHandlerEv
                0x00013664      0x108 C:\Users\panda\AppData\Local\Temp\arduino\sketches\21FB17ACE7872C2E58A1419889B9C374/..\..\cores\TinyCircuits_samd_tinyarcade_BuildOption_TAgame_671cb57aaf343a5cc514ad0bed195d1f\core.a(USBCore.cpp.o)
                0x00013664                USBDeviceClass::ISRHandler()
 .text.UDD_Handler
                0x0001376c       0x10 C:\Users\panda\AppData\Local\Temp\arduino\sketches\21FB17ACE7872C2E58A1419889B9C374/..\..\cores\TinyCircuits_samd_tinyarcade_BuildOption_TAgame_671cb57aaf343a5cc514ad0bed195d1f\core.a(USBCore.cpp.o)
                0x0001376c                UDD_Handler
 .text.startup._GLOBAL__sub_I_usbd
                0x0001377c       0x10 C:\Users\panda\AppData\Local\Temp\arduino\sketches\21FB17ACE7872C2E58A1419889B9C374/..\..\cores\TinyCircuits_samd_tinyarcade_BuildOption_TAgame_671cb57aaf343a5cc514ad0bed195d1f\core.a(USBCore.cpp.o)
 .text._Znwj    0x0001378c        0x8 C:\Users\panda\AppData\Local\Temp\arduino\sketches\21FB17ACE7872C2E58A1419889B9C374/..\..\cores\TinyCircuits_samd_tinyarcade_BuildOption_TAgame_671cb57aaf343a5cc514ad0bed195d1f\core.a(new.cpp.o)
                0x0001378c                operator new(unsigned int)
 .text._ZdlPv   0x00013794        0x8 C:\Users\panda\AppData\Local\Temp\arduino\sketches\21FB17ACE7872C2E58A1419889B9C374/..\..\cores\TinyCircuits_samd_tinyarcade_BuildOption_TAgame_671cb57aaf343a5cc514ad0bed195d1f\core.a(new.cpp.o)
                0x00013794                operator delete(void*)
 .text._ZN7Serial_13getDescriptorER8USBSetup
                0x0001379c        0x4 C:\Users\panda\AppData\Local\Temp\arduino\sketches\21FB17ACE7872C2E58A1419889B9C374/..\..\cores\TinyCircuits_samd_tinyarcade_BuildOption_TAgame_671cb57aaf343a5cc514ad0bed195d1f\core.a(CDC.cpp.o)
                0x0001379c                Serial_::getDescriptor(USBSetup&)
 .text._ZL5utox8mPc
                0x000137a0       0x24 C:\Users\panda\AppData\Local\Temp\arduino\sketches\21FB17ACE7872C2E58A1419889B9C374/..\..\cores\TinyCircuits_samd_tinyarcade_BuildOption_TAgame_671cb57aaf343a5cc514ad0bed195d1f\core.a(CDC.cpp.o)
 .text._ZN7Serial_12getShortNameEPc
                0x000137c4       0x44 C:\Users\panda\AppData\Local\Temp\arduino\sketches\21FB17ACE7872C2E58A1419889B9C374/..\..\cores\TinyCircuits_samd_tinyarcade_BuildOption_TAgame_671cb57aaf343a5cc514ad0bed195d1f\core.a(CDC.cpp.o)
                0x000137c4                Serial_::getShortName(char*)
 .text._ZThn16_N7Serial_12getShortNameEPc
                0x00013808       0x10 C:\Users\panda\AppData\Local\Temp\arduino\sketches\21FB17ACE7872C2E58A1419889B9C374/..\..\cores\TinyCircuits_samd_tinyarcade_BuildOption_TAgame_671cb57aaf343a5cc514ad0bed195d1f\core.a(CDC.cpp.o)
                0x00013808                non-virtual thunk to Serial_::getShortName(char*)
 .text._ZN7Serial_14handleEndpointEi
                0x00013818        0x2 C:\Users\panda\AppData\Local\Temp\arduino\sketches\21FB17ACE7872C2E58A1419889B9C374/..\..\cores\TinyCircuits_samd_tinyarcade_BuildOption_TAgame_671cb57aaf343a5cc514ad0bed195d1f\core.a(CDC.cpp.o)
                0x00013818                Serial_::handleEndpoint(int)
 .text._ZN7Serial_17availableForWriteEv
                0x0001381a        0x4 C:\Users\panda\AppData\Local\Temp\arduino\sketches\21FB17ACE7872C2E58A1419889B9C374/..\..\cores\TinyCircuits_samd_tinyarcade_BuildOption_TAgame_671cb57aaf343a5cc514ad0bed195d1f\core.a(CDC.cpp.o)
                0x0001381a                Serial_::availableForWrite()
 .text._ZN7Serial_5writeEh
                0x0001381e       0x14 C:\Users\panda\AppData\Local\Temp\arduino\sketches\21FB17ACE7872C2E58A1419889B9C374/..\..\cores\TinyCircuits_samd_tinyarcade_BuildOption_TAgame_671cb57aaf343a5cc514ad0bed195d1f\core.a(CDC.cpp.o)
                0x0001381e                Serial_::write(unsigned char)
 *fill*         0x00013832        0x2 
 .text._ZN7Serial_12getInterfaceEPh
                0x00013834      0x11c C:\Users\panda\AppData\Local\Temp\arduino\sketches\21FB17ACE7872C2E58A1419889B9C374/..\..\cores\TinyCircuits_samd_tinyarcade_BuildOption_TAgame_671cb57aaf343a5cc514ad0bed195d1f\core.a(CDC.cpp.o)
                0x00013834                Serial_::getInterface(unsigned char*)
 .text._ZThn16_N7Serial_12getInterfaceEPh
                0x00013950       0x10 C:\Users\panda\AppData\Local\Temp\arduino\sketches\21FB17ACE7872C2E58A1419889B9C374/..\..\cores\TinyCircuits_samd_tinyarcade_BuildOption_TAgame_671cb57aaf343a5cc514ad0bed195d1f\core.a(CDC.cpp.o)
                0x00013950                non-virtual thunk to Serial_::getInterface(unsigned char*)
 .text._ZN7Serial_5setupER8USBSetup
                0x00013960       0xa8 C:\Users\panda\AppData\Local\Temp\arduino\sketches\21FB17ACE7872C2E58A1419889B9C374/..\..\cores\TinyCircuits_samd_tinyarcade_BuildOption_TAgame_671cb57aaf343a5cc514ad0bed195d1f\core.a(CDC.cpp.o)
                0x00013960                Serial_::setup(USBSetup&)
 .text._ZThn16_N7Serial_5setupER8USBSetup
                0x00013a08       0x10 C:\Users\panda\AppData\Local\Temp\arduino\sketches\21FB17ACE7872C2E58A1419889B9C374/..\..\cores\TinyCircuits_samd_tinyarcade_BuildOption_TAgame_671cb57aaf343a5cc514ad0bed195d1f\core.a(CDC.cpp.o)
                0x00013a08                non-virtual thunk to Serial_::setup(USBSetup&)
 .text._ZN7Serial_9availableEv
                0x00013a18       0x20 C:\Users\panda\AppData\Local\Temp\arduino\sketches\21FB17ACE7872C2E58A1419889B9C374/..\..\cores\TinyCircuits_samd_tinyarcade_BuildOption_TAgame_671cb57aaf343a5cc514ad0bed195d1f\core.a(CDC.cpp.o)
                0x00013a18                Serial_::available()
 .text._ZN7Serial_5flushEv
                0x00013a38        0xe C:\Users\panda\AppData\Local\Temp\arduino\sketches\21FB17ACE7872C2E58A1419889B9C374/..\..\cores\TinyCircuits_samd_tinyarcade_BuildOption_TAgame_671cb57aaf343a5cc514ad0bed195d1f\core.a(CDC.cpp.o)
                0x00013a38                Serial_::flush()
 .text._ZN7Serial_5clearEv
                0x00013a46        0xe C:\Users\panda\AppData\Local\Temp\arduino\sketches\21FB17ACE7872C2E58A1419889B9C374/..\..\cores\TinyCircuits_samd_tinyarcade_BuildOption_TAgame_671cb57aaf343a5cc514ad0bed195d1f\core.a(CDC.cpp.o)
                0x00013a46                Serial_::clear()
 .text._ZN7Serial_5writeEPKhj
                0x00013a54       0x1e C:\Users\panda\AppData\Local\Temp\arduino\sketches\21FB17ACE7872C2E58A1419889B9C374/..\..\cores\TinyCircuits_samd_tinyarcade_BuildOption_TAgame_671cb57aaf343a5cc514ad0bed195d1f\core.a(CDC.cpp.o)
                0x00013a54                Serial_::write(unsigned char const*, unsigned int)
 *fill*         0x00013a72        0x2 
 .text._ZN7Serial_4peekEv
                0x00013a74       0x1c C:\Users\panda\AppData\Local\Temp\arduino\sketches\21FB17ACE7872C2E58A1419889B9C374/..\..\cores\TinyCircuits_samd_tinyarcade_BuildOption_TAgame_671cb57aaf343a5cc514ad0bed195d1f\core.a(CDC.cpp.o)
                0x00013a74                Serial_::peek()
 .text._ZN7Serial_4readEv
                0x00013a90       0x24 C:\Users\panda\AppData\Local\Temp\arduino\sketches\21FB17ACE7872C2E58A1419889B9C374/..\..\cores\TinyCircuits_samd_tinyarcade_BuildOption_TAgame_671cb57aaf343a5cc514ad0bed195d1f\core.a(CDC.cpp.o)
                0x00013a90                Serial_::read()
 .text._ZThn16_N7Serial_14handleEndpointEi
                0x00013ab4        0x2 C:\Users\panda\AppData\Local\Temp\arduino\sketches\21FB17ACE7872C2E58A1419889B9C374/..\..\cores\TinyCircuits_samd_tinyarcade_BuildOption_TAgame_671cb57aaf343a5cc514ad0bed195d1f\core.a(CDC.cpp.o)
                0x00013ab4                non-virtual thunk to Serial_::handleEndpoint(int)
 .text._ZThn16_N7Serial_13getDescriptorER8USBSetup
                0x00013ab6        0x4 C:\Users\panda\AppData\Local\Temp\arduino\sketches\21FB17ACE7872C2E58A1419889B9C374/..\..\cores\TinyCircuits_samd_tinyarcade_BuildOption_TAgame_671cb57aaf343a5cc514ad0bed195d1f\core.a(CDC.cpp.o)
                0x00013ab6                non-virtual thunk to Serial_::getDescriptor(USBSetup&)
 *fill*         0x00013aba        0x2 
 .text._ZN7Serial_C2ER14USBDeviceClass
                0x00013abc       0x50 C:\Users\panda\AppData\Local\Temp\arduino\sketches\21FB17ACE7872C2E58A1419889B9C374/..\..\cores\TinyCircuits_samd_tinyarcade_BuildOption_TAgame_671cb57aaf343a5cc514ad0bed195d1f\core.a(CDC.cpp.o)
                0x00013abc                Serial_::Serial_(USBDeviceClass&)
                0x00013abc                Serial_::Serial_(USBDeviceClass&)
 .text._ZN7Serial_15enableInterruptEv
                0x00013b0c       0x30 C:\Users\panda\AppData\Local\Temp\arduino\sketches\21FB17ACE7872C2E58A1419889B9C374/..\..\cores\TinyCircuits_samd_tinyarcade_BuildOption_TAgame_671cb57aaf343a5cc514ad0bed195d1f\core.a(CDC.cpp.o)
                0x00013b0c                Serial_::enableInterrupt()
 .text._ZN7Serial_5beginEm
                0x00013b3c        0x2 C:\Users\panda\AppData\Local\Temp\arduino\sketches\21FB17ACE7872C2E58A1419889B9C374/..\..\cores\TinyCircuits_samd_tinyarcade_BuildOption_TAgame_671cb57aaf343a5cc514ad0bed195d1f\core.a(CDC.cpp.o)
                0x00013b3c                Serial_::begin(unsigned long)
 *fill*         0x00013b3e        0x2 
 .text.startup._GLOBAL__sub_I__ZN7Serial_12getInterfaceEPh
                0x00013b40       0x14 C:\Users\panda\AppData\Local\Temp\arduino\sketches\21FB17ACE7872C2E58A1419889B9C374/..\..\cores\TinyCircuits_samd_tinyarcade_BuildOption_TAgame_671cb57aaf343a5cc514ad0bed195d1f\core.a(CDC.cpp.o)
 .text._ZN13PluggableUSB_12getInterfaceEPh
                0x00013b54       0x28 C:\Users\panda\AppData\Local\Temp\arduino\sketches\21FB17ACE7872C2E58A1419889B9C374/..\..\cores\TinyCircuits_samd_tinyarcade_BuildOption_TAgame_671cb57aaf343a5cc514ad0bed195d1f\core.a(PluggableUSB.cpp.o)
                0x00013b54                PluggableUSB_::getInterface(unsigned char*)
 .text._ZN13PluggableUSB_13getDescriptorER8USBSetup
                0x00013b7c       0x20 C:\Users\panda\AppData\Local\Temp\arduino\sketches\21FB17ACE7872C2E58A1419889B9C374/..\..\cores\TinyCircuits_samd_tinyarcade_BuildOption_TAgame_671cb57aaf343a5cc514ad0bed195d1f\core.a(PluggableUSB.cpp.o)
                0x00013b7c                PluggableUSB_::getDescriptor(USBSetup&)
 .text._ZN13PluggableUSB_12getShortNameEPc
                0x00013b9c       0x26 C:\Users\panda\AppData\Local\Temp\arduino\sketches\21FB17ACE7872C2E58A1419889B9C374/..\..\cores\TinyCircuits_samd_tinyarcade_BuildOption_TAgame_671cb57aaf343a5cc514ad0bed195d1f\core.a(PluggableUSB.cpp.o)
                0x00013b9c                PluggableUSB_::getShortName(char*)
 .text._ZN13PluggableUSB_5setupER8USBSetup
                0x00013bc2       0x20 C:\Users\panda\AppData\Local\Temp\arduino\sketches\21FB17ACE7872C2E58A1419889B9C374/..\..\cores\TinyCircuits_samd_tinyarcade_BuildOption_TAgame_671cb57aaf343a5cc514ad0bed195d1f\core.a(PluggableUSB.cpp.o)
                0x00013bc2                PluggableUSB_::setup(USBSetup&)
 .text._ZN13PluggableUSB_14handleEndpointEi
                0x00013be2       0x1a C:\Users\panda\AppData\Local\Temp\arduino\sketches\21FB17ACE7872C2E58A1419889B9C374/..\..\cores\TinyCircuits_samd_tinyarcade_BuildOption_TAgame_671cb57aaf343a5cc514ad0bed195d1f\core.a(PluggableUSB.cpp.o)
                0x00013be2                PluggableUSB_::handleEndpoint(int)
 .text._ZN13PluggableUSB_4plugEP18PluggableUSBModule
                0x00013bfc       0x58 C:\Users\panda\AppData\Local\Temp\arduino\sketches\21FB17ACE7872C2E58A1419889B9C374/..\..\cores\TinyCircuits_samd_tinyarcade_BuildOption_TAgame_671cb57aaf343a5cc514ad0bed195d1f\core.a(PluggableUSB.cpp.o)
                0x00013bfc                PluggableUSB_::plug(PluggableUSBModule*)
 .text._Z12PluggableUSBv
                0x00013c54       0x24 C:\Users\panda\AppData\Local\Temp\arduino\sketches\21FB17ACE7872C2E58A1419889B9C374/..\..\cores\TinyCircuits_samd_tinyarcade_BuildOption_TAgame_671cb57aaf343a5cc514ad0bed195d1f\core.a(PluggableUSB.cpp.o)
                0x00013c54                PluggableUSB()
 .text          0x00013c78       0x14 c:/users/panda/appdata/local/arduino15/packages/arduino/tools/arm-none-eabi-gcc/7-2017q4/bin/../lib/gcc/arm-none-eabi/7.2.1/thumb/v6-m\libgcc.a(_thumb1_case_uqi.o)
                0x00013c78                __gnu_thumb1_case_uqi
 .text          0x00013c8c      0x114 c:/users/panda/appdata/local/arduino15/packages/arduino/tools/arm-none-eabi-gcc/7-2017q4/bin/../lib/gcc/arm-none-eabi/7.2.1/thumb/v6-m\libgcc.a(_udivsi3.o)
                0x00013c8c                __aeabi_uidiv
                0x00013c8c                __udivsi3
                0x00013d98                __aeabi_uidivmod
 .text          0x00013da0      0x1d4 c:/users/panda/appdata/local/arduino15/packages/arduino/tools/arm-none-eabi-gcc/7-2017q4/bin/../lib/gcc/arm-none-eabi/7.2.1/thumb/v6-m\libgcc.a(_divsi3.o)
                0x00013da0                __divsi3
                0x00013da0                __aeabi_idiv
                0x00013f6c                __aeabi_idivmod
 .text          0x00013f74        0x4 c:/users/panda/appdata/local/arduino15/packages/arduino/tools/arm-none-eabi-gcc/7-2017q4/bin/../lib/gcc/arm-none-eabi/7.2.1/thumb/v6-m\libgcc.a(_dvmd_tls.o)
                0x00013f74                __aeabi_idiv0
                0x00013f74                __aeabi_ldiv0
 .text.__libc_init_array
                0x00013f78       0x48 c:/users/panda/appdata/local/arduino15/packages/arduino/tools/arm-none-eabi-gcc/7-2017q4/bin/../lib/gcc/arm-none-eabi/7.2.1/../../../../arm-none-eabi/lib/thumb/v6-m\libc_nano.a(lib_a-init.o)
                0x00013f78                __libc_init_array
 .text.malloc   0x00013fc0       0x14 c:/users/panda/appdata/local/arduino15/packages/arduino/tools/arm-none-eabi-gcc/7-2017q4/bin/../lib/gcc/arm-none-eabi/7.2.1/../../../../arm-none-eabi/lib/thumb/v6-m\libc_nano.a(lib_a-malloc.o)
                0x00013fc0                malloc
 .text.free     0x00013fd4       0x14 c:/users/panda/appdata/local/arduino15/packages/arduino/tools/arm-none-eabi-gcc/7-2017q4/bin/../lib/gcc/arm-none-eabi/7.2.1/../../../../arm-none-eabi/lib/thumb/v6-m\libc_nano.a(lib_a-malloc.o)
                0x00013fd4                free
 .text.memcpy   0x00013fe8       0x12 c:/users/panda/appdata/local/arduino15/packages/arduino/tools/arm-none-eabi-gcc/7-2017q4/bin/../lib/gcc/arm-none-eabi/7.2.1/../../../../arm-none-eabi/lib/thumb/v6-m\libc_nano.a(lib_a-memcpy-stub.o)
                0x00013fe8                memcpy
 .text.memset   0x00013ffa       0x10 c:/users/panda/appdata/local/arduino15/packages/arduino/tools/arm-none-eabi-gcc/7-2017q4/bin/../lib/gcc/arm-none-eabi/7.2.1/../../../../arm-none-eabi/lib/thumb/v6-m\libc_nano.a(lib_a-memset.o)
                0x00013ffa                memset
 *fill*         0x0001400a        0x2 
 .text._free_r  0x0001400c       0x94 c:/users/panda/appdata/local/arduino15/packages/arduino/tools/arm-none-eabi-gcc/7-2017q4/bin/../lib/gcc/arm-none-eabi/7.2.1/../../../../arm-none-eabi/lib/thumb/v6-m\libc_nano.a(lib_a-nano-freer.o)
                0x0001400c                _free_r
 .text._malloc_r
                0x000140a0       0xbc c:/users/panda/appdata/local/arduino15/packages/arduino/tools/arm-none-eabi-gcc/7-2017q4/bin/../lib/gcc/arm-none-eabi/7.2.1/../../../../arm-none-eabi/lib/thumb/v6-m\libc_nano.a(lib_a-nano-mallocr.o)
                0x000140a0                _malloc_r
 .text._sbrk_r  0x0001415c       0x24 c:/users/panda/appdata/local/arduino15/packages/arduino/tools/arm-none-eabi-gcc/7-2017q4/bin/../lib/gcc/arm-none-eabi/7.2.1/../../../../arm-none-eabi/lib/thumb/v6-m\libc_nano.a(lib_a-sbrkr.o)
                0x0001415c                _sbrk_r
 .text          0x00014180        0xe c:/users/panda/appdata/local/arduino15/packages/arduino/tools/arm-none-eabi-gcc/7-2017q4/bin/../lib/gcc/arm-none-eabi/7.2.1/../../../../arm-none-eabi/lib/thumb/v6-m\libc_nano.a(lib_a-strlen.o)
                0x00014180                strlen
 .text.__malloc_lock
                0x0001418e        0x2 c:/users/panda/appdata/local/arduino15/packages/arduino/tools/arm-none-eabi-gcc/7-2017q4/bin/../lib/gcc/arm-none-eabi/7.2.1/../../../../arm-none-eabi/lib/thumb/v6-m\libc_nano.a(lib_a-mlock.o)
                0x0001418e                __malloc_lock
 .text.__malloc_unlock
                0x00014190        0x2 c:/users/panda/appdata/local/arduino15/packages/arduino/tools/arm-none-eabi-gcc/7-2017q4/bin/../lib/gcc/arm-none-eabi/7.2.1/../../../../arm-none-eabi/lib/thumb/v6-m\libc_nano.a(lib_a-mlock.o)
                0x00014190                __malloc_unlock
 *fill*         0x00014192        0x2 
 .text._sbrk    0x00014194       0x1c c:/users/panda/appdata/local/arduino15/packages/arduino/tools/arm-none-eabi-gcc/7-2017q4/bin/../lib/gcc/arm-none-eabi/7.2.1/../../../../arm-none-eabi/lib/thumb/v6-m\libnosys.a(sbrk.o)
                0x00014194                _sbrk
 *(.init)
 .init          0x000141b0        0x4 c:/users/panda/appdata/local/arduino15/packages/arduino/tools/arm-none-eabi-gcc/7-2017q4/bin/../lib/gcc/arm-none-eabi/7.2.1/thumb/v6-m/crti.o
                0x000141b0                _init
 .init          0x000141b4        0x8 c:/users/panda/appdata/local/arduino15/packages/arduino/tools/arm-none-eabi-gcc/7-2017q4/bin/../lib/gcc/arm-none-eabi/7.2.1/thumb/v6-m/crtn.o
 *(.fini)
 .fini          0x000141bc        0x4 c:/users/panda/appdata/local/arduino15/packages/arduino/tools/arm-none-eabi-gcc/7-2017q4/bin/../lib/gcc/arm-none-eabi/7.2.1/thumb/v6-m/crti.o
                0x000141bc                _fini
 .fini          0x000141c0        0x8 c:/users/panda/appdata/local/arduino15/packages/arduino/tools/arm-none-eabi-gcc/7-2017q4/bin/../lib/gcc/arm-none-eabi/7.2.1/thumb/v6-m/crtn.o
 *crtbegin.o(.ctors)
 *crtbegin?.o(.ctors)
 *(EXCLUDE_FILE(*crtend.o *crtend?.o) .ctors)
 *(SORT_BY_NAME(.ctors.*))
 *(.ctors)
 *crtbegin.o(.dtors)
 *crtbegin?.o(.dtors)
 *(EXCLUDE_FILE(*crtend.o *crtend?.o) .dtors)
 *(SORT_BY_NAME(.dtors.*))
 *(.dtors)
 *(.rodata*)
 .rodata._ZL22thinPixel7_10ptBitmaps
                0x000141c8      0x3b6 C:\Users\panda\AppData\Local\Temp\arduino\sketches\21FB17ACE7872C2E58A1419889B9C374\sketch\GameTutorial.ino.cpp.o
 *fill*         0x0001457e        0x2 
 .rodata._ZL23thinPixel7_10ptFontInfo
                0x00014580        0xc C:\Users\panda\AppData\Local\Temp\arduino\sketches\21FB17ACE7872C2E58A1419889B9C374\sketch\GameTutorial.ino.cpp.o
 .rodata._ZL26thinPixel7_10ptDescriptors
                0x0001458c      0x17c C:\Users\panda\AppData\Local\Temp\arduino\sketches\21FB17ACE7872C2E58A1419889B9C374\sketch\GameTutorial.ino.cpp.o
 .rodata        0x00014708       0x20 C:\Users\panda\AppData\Local\Temp\arduino\sketches\21FB17ACE7872C2E58A1419889B9C374\libraries\TinyScreen\TinyScreen.cpp.o
 .rodata._ZTV10TinyScreen
                0x00014728       0x18 C:\Users\panda\AppData\Local\Temp\arduino\sketches\21FB17ACE7872C2E58A1419889B9C374\libraries\TinyScreen\TinyScreen.cpp.o
                0x00014728                vtable for TinyScreen
 .rodata._ZTV7TwoWire
                0x00014740       0x24 C:\Users\panda\AppData\Local\Temp\arduino\sketches\21FB17ACE7872C2E58A1419889B9C374\libraries\Wire\Wire.cpp.o
                0x00014740                vtable for TwoWire
 .rodata.g_APinDescription
                0x00014764      0x450 C:\Users\panda\AppData\Local\Temp\arduino\sketches\21FB17ACE7872C2E58A1419889B9C374\core\variant.cpp.o
                0x00014764                g_APinDescription
 .rodata._ZTV4Uart
                0x00014bb4       0x34 C:\Users\panda\AppData\Local\Temp\arduino\sketches\21FB17ACE7872C2E58A1419889B9C374/..\..\cores\TinyCircuits_samd_tinyarcade_BuildOption_TAgame_671cb57aaf343a5cc514ad0bed195d1f\core.a(Uart.cpp.o)
                0x00014bb4                vtable for Uart
 .rodata        0x00014be8       0x10 C:\Users\panda\AppData\Local\Temp\arduino\sketches\21FB17ACE7872C2E58A1419889B9C374/..\..\cores\TinyCircuits_samd_tinyarcade_BuildOption_TAgame_671cb57aaf343a5cc514ad0bed195d1f\core.a(wiring_analog.c.o)
 .rodata._ZTV26DoubleBufferedEPOutHandler
                0x00014bf8       0x24 C:\Users\panda\AppData\Local\Temp\arduino\sketches\21FB17ACE7872C2E58A1419889B9C374/..\..\cores\TinyCircuits_samd_tinyarcade_BuildOption_TAgame_671cb57aaf343a5cc514ad0bed195d1f\core.a(USBCore.cpp.o)
                0x00014bf8                vtable for DoubleBufferedEPOutHandler
 .rodata._ZL14STRING_PRODUCT
                0x00014c1c        0xb C:\Users\panda\AppData\Local\Temp\arduino\sketches\21FB17ACE7872C2E58A1419889B9C374/..\..\cores\TinyCircuits_samd_tinyarcade_BuildOption_TAgame_671cb57aaf343a5cc514ad0bed195d1f\core.a(USBCore.cpp.o)
 *fill*         0x00014c27        0x1 
 .rodata._ZL15STRING_LANGUAGE
                0x00014c28        0x4 C:\Users\panda\AppData\Local\Temp\arduino\sketches\21FB17ACE7872C2E58A1419889B9C374/..\..\cores\TinyCircuits_samd_tinyarcade_BuildOption_TAgame_671cb57aaf343a5cc514ad0bed195d1f\core.a(USBCore.cpp.o)
 .rodata._ZL19STRING_MANUFACTURER
                0x00014c2c        0xd C:\Users\panda\AppData\Local\Temp\arduino\sketches\21FB17ACE7872C2E58A1419889B9C374/..\..\cores\TinyCircuits_samd_tinyarcade_BuildOption_TAgame_671cb57aaf343a5cc514ad0bed195d1f\core.a(USBCore.cpp.o)
 .rodata._ZL21USB_DeviceDescriptorB
                0x00014c39       0x12 C:\Users\panda\AppData\Local\Temp\arduino\sketches\21FB17ACE7872C2E58A1419889B9C374/..\..\cores\TinyCircuits_samd_tinyarcade_BuildOption_TAgame_671cb57aaf343a5cc514ad0bed195d1f\core.a(USBCore.cpp.o)
 *fill*         0x00014c4b        0x1 
 .rodata._ZTV7Serial_
                0x00014c4c       0x58 C:\Users\panda\AppData\Local\Temp\arduino\sketches\21FB17ACE7872C2E58A1419889B9C374/..\..\cores\TinyCircuits_samd_tinyarcade_BuildOption_TAgame_671cb57aaf343a5cc514ad0bed195d1f\core.a(CDC.cpp.o)
                0x00014c4c                vtable for Serial_
 .rodata.__sf_fake_stderr
                0x00014ca4       0x20 c:/users/panda/appdata/local/arduino15/packages/arduino/tools/arm-none-eabi-gcc/7-2017q4/bin/../lib/gcc/arm-none-eabi/7.2.1/../../../../arm-none-eabi/lib/thumb/v6-m\libc_nano.a(lib_a-findfp.o)
                0x00014ca4                __sf_fake_stderr
 .rodata.__sf_fake_stdin
                0x00014cc4       0x20 c:/users/panda/appdata/local/arduino15/packages/arduino/tools/arm-none-eabi-gcc/7-2017q4/bin/../lib/gcc/arm-none-eabi/7.2.1/../../../../arm-none-eabi/lib/thumb/v6-m\libc_nano.a(lib_a-findfp.o)
                0x00014cc4                __sf_fake_stdin
 .rodata.__sf_fake_stdout
                0x00014ce4       0x20 c:/users/panda/appdata/local/arduino15/packages/arduino/tools/arm-none-eabi-gcc/7-2017q4/bin/../lib/gcc/arm-none-eabi/7.2.1/../../../../arm-none-eabi/lib/thumb/v6-m\libc_nano.a(lib_a-findfp.o)
                0x00014ce4                __sf_fake_stdout
 *(.eh_frame*)
 .eh_frame      0x00014d04        0x0 c:/users/panda/appdata/local/arduino15/packages/arduino/tools/arm-none-eabi-gcc/7-2017q4/bin/../lib/gcc/arm-none-eabi/7.2.1/thumb/v6-m/crtbegin.o
 .eh_frame      0x00014d04        0x4 c:/users/panda/appdata/local/arduino15/packages/arduino/tools/arm-none-eabi-gcc/7-2017q4/bin/../lib/gcc/arm-none-eabi/7.2.1/thumb/v6-m/crtend.o

.glue_7         0x00014d08        0x0
 .glue_7        0x00014d08        0x0 linker stubs

.glue_7t        0x00014d08        0x0
 .glue_7t       0x00014d08        0x0 linker stubs

.vfp11_veneer   0x00014d08        0x0
 .vfp11_veneer  0x00014d08        0x0 linker stubs

.v4_bx          0x00014d08        0x0
 .v4_bx         0x00014d08        0x0 linker stubs

.iplt           0x00014d08        0x0
 .iplt          0x00014d08        0x0 c:/users/panda/appdata/local/arduino15/packages/arduino/tools/arm-none-eabi-gcc/7-2017q4/bin/../lib/gcc/arm-none-eabi/7.2.1/thumb/v6-m/crtbegin.o

.rel.dyn        0x00014d08        0x0
 .rel.iplt      0x00014d08        0x0 c:/users/panda/appdata/local/arduino15/packages/arduino/tools/arm-none-eabi-gcc/7-2017q4/bin/../lib/gcc/arm-none-eabi/7.2.1/thumb/v6-m/crtbegin.o

.ARM.extab
 *(.ARM.extab* .gnu.linkonce.armextab.*)
                0x00014d08                __exidx_start = .

.ARM.exidx
 *(.ARM.exidx* .gnu.linkonce.armexidx.*)
                0x00014d08                __exidx_end = .
                0x00014d08                __etext = .

.data           0x20000000      0x200 load address 0x00014d08
                0x20000000                __data_start__ = .
 *(vtable)
 *(.data*)
 .data.Block    0x20000000       0x1c C:\Users\panda\AppData\Local\Temp\arduino\sketches\21FB17ACE7872C2E58A1419889B9C374\sketch\GameTutorial.ino.cpp.o
                0x20000000                Block
 .data.GDCUBE8  0x2000001c       0x40 C:\Users\panda\AppData\Local\Temp\arduino\sketches\21FB17ACE7872C2E58A1419889B9C374\sketch\GameTutorial.ino.cpp.o
                0x2000001c                GDCUBE8
 .data.Spike    0x2000005c       0x1c C:\Users\panda\AppData\Local\Temp\arduino\sketches\21FB17ACE7872C2E58A1419889B9C374\sketch\GameTutorial.ino.cpp.o
                0x2000005c                Spike
 .data.arcadeVersion
                0x20000078        0x1 C:\Users\panda\AppData\Local\Temp\arduino\sketches\21FB17ACE7872C2E58A1419889B9C374\sketch\GameTutorial.ino.cpp.o
                0x20000078                arcadeVersion
 .data.block    0x20000079       0x40 C:\Users\panda\AppData\Local\Temp\arduino\sketches\21FB17ACE7872C2E58A1419889B9C374\sketch\GameTutorial.ino.cpp.o
                0x20000079                block
 *fill*         0x200000b9        0x3 
 .data.cube8    0x200000bc       0x30 C:\Users\panda\AppData\Local\Temp\arduino\sketches\21FB17ACE7872C2E58A1419889B9C374\sketch\GameTutorial.ino.cpp.o
                0x200000bc                cube8
 .data.frameTime
                0x200000ec        0x4 C:\Users\panda\AppData\Local\Temp\arduino\sketches\21FB17ACE7872C2E58A1419889B9C374\sketch\GameTutorial.ino.cpp.o
                0x200000ec                frameTime
 .data.groundLevel
                0x200000f0        0x4 C:\Users\panda\AppData\Local\Temp\arduino\sketches\21FB17ACE7872C2E58A1419889B9C374\sketch\GameTutorial.ino.cpp.o
                0x200000f0                groundLevel
 .data.spike    0x200000f4       0x40 C:\Users\panda\AppData\Local\Temp\arduino\sketches\21FB17ACE7872C2E58A1419889B9C374\sketch\GameTutorial.ino.cpp.o
                0x200000f4                spike
 .data.dmaReady
                0x20000134        0x4 C:\Users\panda\AppData\Local\Temp\arduino\sketches\21FB17ACE7872C2E58A1419889B9C374\libraries\TinyScreen\TinyScreen.cpp.o
                0x20000134                dmaReady
 .data.g_apTCInstances
                0x20000138       0x18 C:\Users\panda\AppData\Local\Temp\arduino\sketches\21FB17ACE7872C2E58A1419889B9C374\core\variant.cpp.o
                0x20000138                g_apTCInstances
 .data.SystemCoreClock
                0x20000150        0x4 C:\Users\panda\AppData\Local\Temp\arduino\sketches\21FB17ACE7872C2E58A1419889B9C374/..\..\cores\TinyCircuits_samd_tinyarcade_BuildOption_TAgame_671cb57aaf343a5cc514ad0bed195d1f\core.a(wiring.c.o)
                0x20000150                SystemCoreClock
 .data._ADCResolution
                0x20000154        0x4 C:\Users\panda\AppData\Local\Temp\arduino\sketches\21FB17ACE7872C2E58A1419889B9C374/..\..\cores\TinyCircuits_samd_tinyarcade_BuildOption_TAgame_671cb57aaf343a5cc514ad0bed195d1f\core.a(wiring_analog.c.o)
 .data._readResolution
                0x20000158        0x4 C:\Users\panda\AppData\Local\Temp\arduino\sketches\21FB17ACE7872C2E58A1419889B9C374/..\..\cores\TinyCircuits_samd_tinyarcade_BuildOption_TAgame_671cb57aaf343a5cc514ad0bed195d1f\core.a(wiring_analog.c.o)
 .data._writeResolution
                0x2000015c        0x4 C:\Users\panda\AppData\Local\Temp\arduino\sketches\21FB17ACE7872C2E58A1419889B9C374/..\..\cores\TinyCircuits_samd_tinyarcade_BuildOption_TAgame_671cb57aaf343a5cc514ad0bed195d1f\core.a(wiring_analog.c.o)
 .data._ZL5ticks
                0x20000160        0x4 C:\Users\panda\AppData\Local\Temp\arduino\sketches\21FB17ACE7872C2E58A1419889B9C374/..\..\cores\TinyCircuits_samd_tinyarcade_BuildOption_TAgame_671cb57aaf343a5cc514ad0bed195d1f\core.a(Reset.cpp.o)
 .data._ZL10breakValue
                0x20000164        0x4 C:\Users\panda\AppData\Local\Temp\arduino\sketches\21FB17ACE7872C2E58A1419889B9C374/..\..\cores\TinyCircuits_samd_tinyarcade_BuildOption_TAgame_671cb57aaf343a5cc514ad0bed195d1f\core.a(CDC.cpp.o)
 .data._ZL12_usbLineInfo
                0x20000168        0x8 C:\Users\panda\AppData\Local\Temp\arduino\sketches\21FB17ACE7872C2E58A1419889B9C374/..\..\cores\TinyCircuits_samd_tinyarcade_BuildOption_TAgame_671cb57aaf343a5cc514ad0bed195d1f\core.a(CDC.cpp.o)
 .data._serialPeek
                0x20000170        0x4 C:\Users\panda\AppData\Local\Temp\arduino\sketches\21FB17ACE7872C2E58A1419889B9C374/..\..\cores\TinyCircuits_samd_tinyarcade_BuildOption_TAgame_671cb57aaf343a5cc514ad0bed195d1f\core.a(CDC.cpp.o)
                0x20000170                _serialPeek
 .data._impure_ptr
                0x20000174        0x4 c:/users/panda/appdata/local/arduino15/packages/arduino/tools/arm-none-eabi-gcc/7-2017q4/bin/../lib/gcc/arm-none-eabi/7.2.1/../../../../arm-none-eabi/lib/thumb/v6-m\libc_nano.a(lib_a-impure.o)
                0x20000174                _impure_ptr
 .data.impure_data
                0x20000178       0x60 c:/users/panda/appdata/local/arduino15/packages/arduino/tools/arm-none-eabi-gcc/7-2017q4/bin/../lib/gcc/arm-none-eabi/7.2.1/../../../../arm-none-eabi/lib/thumb/v6-m\libc_nano.a(lib_a-impure.o)
                0x200001d8                . = ALIGN (0x4)
                0x200001d8                PROVIDE (__preinit_array_start, .)
 *(.preinit_array)
                0x200001d8                PROVIDE (__preinit_array_end, .)
                0x200001d8                . = ALIGN (0x4)
                0x200001d8                PROVIDE (__init_array_start, .)
 *(SORT_BY_NAME(.init_array.*))
 *(.init_array)
 .init_array    0x200001d8        0x4 c:/users/panda/appdata/local/arduino15/packages/arduino/tools/arm-none-eabi-gcc/7-2017q4/bin/../lib/gcc/arm-none-eabi/7.2.1/thumb/v6-m/crtbegin.o
 .init_array    0x200001dc        0x4 C:\Users\panda\AppData\Local\Temp\arduino\sketches\21FB17ACE7872C2E58A1419889B9C374\sketch\GameTutorial.ino.cpp.o
 .init_array    0x200001e0        0x4 C:\Users\panda\AppData\Local\Temp\arduino\sketches\21FB17ACE7872C2E58A1419889B9C374\libraries\SPI\SPI.cpp.o
 .init_array    0x200001e4        0x4 C:\Users\panda\AppData\Local\Temp\arduino\sketches\21FB17ACE7872C2E58A1419889B9C374\libraries\Wire\Wire.cpp.o
 .init_array    0x200001e8        0x4 C:\Users\panda\AppData\Local\Temp\arduino\sketches\21FB17ACE7872C2E58A1419889B9C374\core\variant.cpp.o
 .init_array    0x200001ec        0x4 C:\Users\panda\AppData\Local\Temp\arduino\sketches\21FB17ACE7872C2E58A1419889B9C374/..\..\cores\TinyCircuits_samd_tinyarcade_BuildOption_TAgame_671cb57aaf343a5cc514ad0bed195d1f\core.a(USBCore.cpp.o)