Archive member included to satisfy reference by file (symbol)

C:\Users\panda\AppData\Local\Temp\arduino\sketches\4D77A44A3605C64187FEB002B13978C1/..\..\cores\TinyCircuits_samd_tinyarcade_BuildOption_TAgame_671cb57aaf343a5cc514ad0bed195d1f\core.a(Print.cpp.o)
                              C:\Users\panda\AppData\Local\Temp\arduino\sketches\4D77A44A3605C64187FEB002B13978C1\libraries\TinyScreen\TinyScreen.cpp.o (Print::write(unsigned char const*, unsigned int))
C:\Users\panda\AppData\Local\Temp\arduino\sketches\4D77A44A3605C64187FEB002B13978C1/..\..\cores\TinyCircuits_samd_tinyarcade_BuildOption_TAgame_671cb57aaf343a5cc514ad0bed195d1f\core.a(SERCOM.cpp.o)
                              C:\Users\panda\AppData\Local\Temp\arduino\sketches\4D77A44A3605C64187FEB002B13978C1\core\variant.cpp.o (SERCOM::SERCOM(Sercom*))
C:\Users\panda\AppData\Local\Temp\arduino\sketches\4D77A44A3605C64187FEB002B13978C1/..\..\cores\TinyCircuits_samd_tinyarcade_BuildOption_TAgame_671cb57aaf343a5cc514ad0bed195d1f\core.a(Uart.cpp.o)
                              C:\Users\panda\AppData\Local\Temp\arduino\sketches\4D77A44A3605C64187FEB002B13978C1\sketch\GdArcade.ino.cpp.o (Uart::begin(unsigned long))
C:\Users\panda\AppData\Local\Temp\arduino\sketches\4D77A44A3605C64187FEB002B13978C1/..\..\cores\TinyCircuits_samd_tinyarcade_BuildOption_TAgame_671cb57aaf343a5cc514ad0bed195d1f\core.a(abi.cpp.o)
                              C:\Users\panda\AppData\Local\Temp\arduino\sketches\4D77A44A3605C64187FEB002B13978C1/..\..\cores\TinyCircuits_samd_tinyarcade_BuildOption_TAgame_671cb57aaf343a5cc514ad0bed195d1f\core.a(Print.cpp.o) (__cxa_pure_virtual)
C:\Users\panda\AppData\Local\Temp\arduino\sketches\4D77A44A3605C64187FEB002B13978C1/..\..\cores\TinyCircuits_samd_tinyarcade_BuildOption_TAgame_671cb57aaf343a5cc514ad0bed195d1f\core.a(cortex_handlers.c.o)
                              (Reset_Handler)
C:\Users\panda\AppData\Local\Temp\arduino\sketches\4D77A44A3605C64187FEB002B13978C1/..\..\cores\TinyCircuits_samd_tinyarcade_BuildOption_TAgame_671cb57aaf343a5cc514ad0bed195d1f\core.a(delay.c.o)
                              C:\Users\panda\AppData\Local\Temp\arduino\sketches\4D77A44A3605C64187FEB002B13978C1\sketch\GdArcade.ino.cpp.o (millis)
C:\Users\panda\AppData\Local\Temp\arduino\sketches\4D77A44A3605C64187FEB002B13978C1/..\..\cores\TinyCircuits_samd_tinyarcade_BuildOption_TAgame_671cb57aaf343a5cc514ad0bed195d1f\core.a(hooks.c.o)
                              C:\Users\panda\AppData\Local\Temp\arduino\sketches\4D77A44A3605C64187FEB002B13978C1/..\..\cores\TinyCircuits_samd_tinyarcade_BuildOption_TAgame_671cb57aaf343a5cc514ad0bed195d1f\core.a(delay.c.o) (yield)
C:\Users\panda\AppData\Local\Temp\arduino\sketches\4D77A44A3605C64187FEB002B13978C1/..\..\cores\TinyCircuits_samd_tinyarcade_BuildOption_TAgame_671cb57aaf343a5cc514ad0bed195d1f\core.a(main.cpp.o)
                              c:/users/panda/appdata/local/arduino15/packages/arduino/tools/arm-none-eabi-gcc/7-2017q4/bin/../lib/gcc/arm-none-eabi/7.2.1/../../../../arm-none-eabi/lib/thumb/v6-m/crt0.o (main)
C:\Users\panda\AppData\Local\Temp\arduino\sketches\4D77A44A3605C64187FEB002B13978C1/..\..\cores\TinyCircuits_samd_tinyarcade_BuildOption_TAgame_671cb57aaf343a5cc514ad0bed195d1f\core.a(startup.c.o)
                              C:\Users\panda\AppData\Local\Temp\arduino\sketches\4D77A44A3605C64187FEB002B13978C1/..\..\cores\TinyCircuits_samd_tinyarcade_BuildOption_TAgame_671cb57aaf343a5cc514ad0bed195d1f\core.a(cortex_handlers.c.o) (SystemInit)
C:\Users\panda\AppData\Local\Temp\arduino\sketches\4D77A44A3605C64187FEB002B13978C1/..\..\cores\TinyCircuits_samd_tinyarcade_BuildOption_TAgame_671cb57aaf343a5cc514ad0bed195d1f\core.a(wiring.c.o)
                              C:\Users\panda\AppData\Local\Temp\arduino\sketches\4D77A44A3605C64187FEB002B13978C1/..\..\cores\TinyCircuits_samd_tinyarcade_BuildOption_TAgame_671cb57aaf343a5cc514ad0bed195d1f\core.a(main.cpp.o) (init)
C:\Users\panda\AppData\Local\Temp\arduino\sketches\4D77A44A3605C64187FEB002B13978C1/..\..\cores\TinyCircuits_samd_tinyarcade_BuildOption_TAgame_671cb57aaf343a5cc514ad0bed195d1f\core.a(wiring_analog.c.o)
                              C:\Users\panda\AppData\Local\Temp\arduino\sketches\4D77A44A3605C64187FEB002B13978C1/..\..\cores\TinyCircuits_samd_tinyarcade_BuildOption_TAgame_671cb57aaf343a5cc514ad0bed195d1f\core.a(wiring.c.o) (analogReference)
C:\Users\panda\AppData\Local\Temp\arduino\sketches\4D77A44A3605C64187FEB002B13978C1/..\..\cores\TinyCircuits_samd_tinyarcade_BuildOption_TAgame_671cb57aaf343a5cc514ad0bed195d1f\core.a(wiring_digital.c.o)
                              C:\Users\panda\AppData\Local\Temp\arduino\sketches\4D77A44A3605C64187FEB002B13978C1\sketch\GdArcade.ino.cpp.o (pinMode)
C:\Users\panda\AppData\Local\Temp\arduino\sketches\4D77A44A3605C64187FEB002B13978C1/..\..\cores\TinyCircuits_samd_tinyarcade_BuildOption_TAgame_671cb57aaf343a5cc514ad0bed195d1f\core.a(wiring_private.c.o)
[...]
Memory Configuration

Name             Origin             Length             Attributes
FLASH            0x00010000         0x00030000         xr
RAM              0x20000000         0x00008000         xrw
*default*        0x00000000         0xffffffff

Linker script and memory map

LOAD c:/users/panda/appdata/local/arduino15/packages/arduino/tools/arm-none-eabi-gcc/7-2017q4/bin/../lib/gcc/arm-none-eabi/7.2.1/thumb/v6-m/crti.o
LOAD c:/users/panda/appdata/local/arduino15/packages/arduino/tools/arm-none-eabi-gcc/7-2017q4/bin/../lib/gcc/arm-none-eabi/7.2.1/thumb/v6-m/crtbegin.o
LOAD c:/users/panda/appdata/local/arduino15/packages/arduino/tools/arm-none-eabi-gcc/7-2017q4/bin/../lib/gcc/arm-none-eabi/7.2.1/../../../../arm-none-eabi/lib/thumb/v6-m/crt0.o
LOAD C:\Users\panda\AppData\Local\Temp\arduino\sketches\4D77A44A3605C64187FEB002B13978C1\sketch\GdArcade.ino.cpp.o
LOAD C:\Users\panda\AppData\Local\Temp\arduino\sketches\4D77A44A3605C64187FEB002B13978C1\libraries\TinyScreen\TinyScreen.cpp.o
LOAD C:\Users\panda\AppData\Local\Temp\arduino\sketches\4D77A44A3605C64187FEB002B13978C1\libraries\SPI\SPI.cpp.o
LOAD C:\Users\panda\AppData\Local\Temp\arduino\sketches\4D77A44A3605C64187FEB002B13978C1\libraries\Wire\Wire.cpp.o
LOAD C:\Users\panda\AppData\Local\Temp\arduino\sketches\4D77A44A3605C64187FEB002B13978C1\core\variant.cpp.o
START GROUP
LOAD C:\Users\panda\AppData\Local\Arduino15\packages\arduino\tools\CMSIS\4.5.0/CMSIS/Lib/GCC/\libarm_cortexM0l_math.a
LOAD C:\Users\panda\AppData\Local\Temp\arduino\sketches\4D77A44A3605C64187FEB002B13978C1/..\..\cores\TinyCircuits_samd_tinyarcade_BuildOption_TAgame_671cb57aaf343a5cc514ad0bed195d1f\core.a
END GROUP
LOAD c:/users/panda/appdata/local/arduino15/packages/arduino/tools/arm-none-eabi-gcc/7-2017q4/bin/../lib/gcc/arm-none-eabi/7.2.1/../../../../arm-none-eabi/lib/thumb/v6-m\libstdc++_nano.a
LOAD c:/users/panda/appdata/local/arduino15/packages/arduino/tools/arm-none-eabi-gcc/7-2017q4/bin/../lib/gcc/arm-none-eabi/7.2.1/../../../../arm-none-eabi/lib/thumb/v6-m\libm.a
START GROUP
LOAD c:/users/panda/appdata/local/arduino15/packages/arduino/tools/arm-none-eabi-gcc/7-2017q4/bin/../lib/gcc/arm-none-eabi/7.2.1/thumb/v6-m\libgcc.a
LOAD c:/users/panda/appdata/local/arduino15/packages/arduino/tools/arm-none-eabi-gcc/7-2017q4/bin/../lib/gcc/arm-none-eabi/7.2.1/../../../../arm-none-eabi/lib/thumb/v6-m\libc_nano.a
END GROUP
START GROUP
LOAD c:/users/panda/appdata/local/arduino15/packages/arduino/tools/arm-none-eabi-gcc/7-2017q4/bin/../lib/gcc/arm-none-eabi/7.2.1/thumb/v6-m\libgcc.a
LOAD c:/users/panda/appdata/local/arduino15/packages/arduino/tools/arm-none-eabi-gcc/7-2017q4/bin/../lib/gcc/arm-none-eabi/7.2.1/../../../../arm-none-eabi/lib/thumb/v6-m\libc_nano.a
LOAD c:/users/panda/appdata/local/arduino15/packages/arduino/tools/arm-none-eabi-gcc/7-2017q4/bin/../lib/gcc/arm-none-eabi/7.2.1/../../../../arm-none-eabi/lib/thumb/v6-m\libnosys.a
END GROUP
START GROUP
LOAD c:/users/panda/appdata/local/arduino15/packages/arduino/tools/arm-none-eabi-gcc/7-2017q4/bin/../lib/gcc/arm-none-eabi/7.2.1/thumb/v6-m\libgcc.a
LOAD c:/users/panda/appdata/local/arduino15/packages/arduino/tools/arm-none-eabi-gcc/7-2017q4/bin/../lib/gcc/arm-none-eabi/7.2.1/../../../../arm-none-eabi/lib/thumb/v6-m\libc_nano.a
LOAD c:/users/panda/appdata/local/arduino15/packages/arduino/tools/arm-none-eabi-gcc/7-2017q4/bin/../lib/gcc/arm-none-eabi/7.2.1/../../../../arm-none-eabi/lib/thumb/v6-m\libnosys.a
END GROUP
LOAD c:/users/panda/appdata/local/arduino15/packages/arduino/tools/arm-none-eabi-gcc/7-2017q4/bin/../lib/gcc/arm-none-eabi/7.2.1/thumb/v6-m/crtend.o
LOAD c:/users/panda/appdata/local/arduino15/packages/arduino/tools/arm-none-eabi-gcc/7-2017q4/bin/../lib/gcc/arm-none-eabi/7.2.1/thumb/v6-m/crtn.o

.text           0x00010000     0x4d80
                0x00010000                __text_start__ = .
 *(.sketch_boot)
                0x00010000                . = ALIGN (0x2000)
 *(.isr_vector)
 .isr_vector    0x00010000       0xb4 C:\Users\panda\AppData\Local\Temp\arduino\sketches\4D77A44A3605C64187FEB002B13978C1/..\..\cores\TinyCircuits_samd_tinyarcade_BuildOption_TAgame_671cb57aaf343a5cc514ad0bed195d1f\core.a(cortex_handlers.c.o)
                0x00010000                exception_table
 *(.text*)
 .text          0x000100b4       0x48 c:/users/panda/appdata/local/arduino15/packages/arduino/tools/arm-none-eabi-gcc/7-2017q4/bin/../lib/gcc/arm-none-eabi/7.2.1/thumb/v6-m/crtbegin.o
 .text._Z10arcadeInitv
                0x000100fc       0x64 C:\Users\panda\AppData\Local\Temp\arduino\sketches\4D77A44A3605C64187FEB002B13978C1\sketch\GdArcade.ino.cpp.o
                0x000100fc                arcadeInit()
 .text._Z11checkButtonh
                0x00010160       0x2c C:\Users\panda\AppData\Local\Temp\arduino\sketches\4D77A44A3605C64187FEB002B13978C1\sketch\GdArcade.ino.cpp.o
                0x00010160                checkButton(unsigned char)
 .text._Z13checkJoystickh
                0x0001018c       0xb4 C:\Users\panda\AppData\Local\Temp\arduino\sketches\4D77A44A3605C64187FEB002B13978C1\sketch\GdArcade.ino.cpp.o
                0x0001018c                checkJoystick(unsigned char)
 .text._Z10checkDeath9ts_sprite
                0x00010240       0x44 C:\Users\panda\AppData\Local\Temp\arduino\sketches\4D77A44A3605C64187FEB002B13978C1\sketch\GdArcade.ino.cpp.o
                0x00010240                checkDeath(ts_sprite)
 .text._Z14checkCollisionv
                0x00010284      0x150 C:\Users\panda\AppData\Local\Temp\arduino\sketches\4D77A44A3605C64187FEB002B13978C1\sketch\GdArcade.ino.cpp.o
                0x00010284                checkCollision()
 .text._Z8moveCharv
                0x000103d4       0xa0 C:\Users\panda\AppData\Local\Temp\arduino\sketches\4D77A44A3605C64187FEB002B13978C1\sketch\GdArcade.ino.cpp.o
                0x000103d4                moveChar()
 .text._Z12displayScenev
                0x00010474       0x60 C:\Users\panda\AppData\Local\Temp\arduino\sketches\4D77A44A3605C64187FEB002B13978C1\sketch\GdArcade.ino.cpp.o
                0x00010474                displayScene()
 .text.loop     0x000104d4       0xe8 C:\Users\panda\AppData\Local\Temp\arduino\sketches\4D77A44A3605C64187FEB002B13978C1\sketch\GdArcade.ino.cpp.o
                0x000104d4                loop
 .text.startup._GLOBAL__sub_I_arcadeVersion
                0x000105bc       0x8c C:\Users\panda\AppData\Local\Temp\arduino\sketches\4D77A44A3605C64187FEB002B13978C1\sketch\GdArcade.ino.cpp.o
 .text.setup    0x00010648       0x3c C:\Users\panda\AppData\Local\Temp\arduino\sketches\4D77A44A3605C64187FEB002B13978C1\sketch\GdArcade.ino.cpp.o
                0x00010648                setup
 .text._ZN5Print17availableForWriteEv
                0x00010684        0x4 C:\Users\panda\AppData\Local\Temp\arduino\sketches\4D77A44A3605C64187FEB002B13978C1\libraries\TinyScreen\TinyScreen.cpp.o
                0x00010684                Print::availableForWrite()
 .text._ZN5Print5flushEv
                0x00010688        0x2 C:\Users\panda\AppData\Local\Temp\arduino\sketches\4D77A44A3605C64187FEB002B13978C1\libraries\TinyScreen\TinyScreen.cpp.o
                0x00010688                Print::flush()
 *fill*         0x0001068a        0x2 
 .text._ZN10TinyScreen11writeBufferEPhi
                0x0001068c       0x78 C:\Users\panda\AppData\Local\Temp\arduino\sketches\4D77A44A3605C64187FEB002B13978C1\libraries\TinyScreen\TinyScreen.cpp.o
                0x0001068c                TinyScreen::writeBuffer(unsigned char*, int)
 .text._ZN10TinyScreenC2Eh
                0x00010704       0x64 C:\Users\panda\AppData\Local\Temp\arduino\sketches\4D77A44A3605C64187FEB002B13978C1\libraries\TinyScreen\TinyScreen.cpp.o
                0x00010704                TinyScreen::TinyScreen(unsigned char)
                0x00010704                TinyScreen::TinyScreen(unsigned char)
 .text._ZN10TinyScreen9setCursorEhh
                0x00010768        0x6 C:\Users\panda\AppData\Local\Temp\arduino\sketches\4D77A44A3605C64187FEB002B13978C1\libraries\TinyScreen\TinyScreen.cpp.o
                0x00010768                TinyScreen::setCursor(unsigned char, unsigned char)
 .text._ZN10TinyScreen7setFontERK9FONT_INFO
                0x0001076e       0x16 C:\Users\panda\AppData\Local\Temp\arduino\sketches\4D77A44A3605C64187FEB002B13978C1\libraries\TinyScreen\TinyScreen.cpp.o
                0x0001076e                TinyScreen::setFont(FONT_INFO const&)
 .text.DMAC_Handler
                0x00010784       0x3c C:\Users\panda\AppData\Local\Temp\arduino\sketches\4D77A44A3605C64187FEB002B13978C1\libraries\TinyScreen\TinyScreen.cpp.o
                0x00010784                DMAC_Handler
 .text._ZN10TinyScreen9writeGPIOEhh
                0x000107c0       0x30 C:\Users\panda\AppData\Local\Temp\arduino\sketches\4D77A44A3605C64187FEB002B13978C1\libraries\TinyScreen\TinyScreen.cpp.o
                0x000107c0                TinyScreen::writeGPIO(unsigned char, unsigned char)
 .text._ZN10TinyScreen12startCommandEv
                0x000107f0       0x24 C:\Users\panda\AppData\Local\Temp\arduino\sketches\4D77A44A3605C64187FEB002B13978C1\libraries\TinyScreen\TinyScreen.cpp.o
                0x000107f0                TinyScreen::startCommand()
 .text._ZN10TinyScreen9startDataEv
                0x00010814       0x24 C:\Users\panda\AppData\Local\Temp\arduino\sketches\4D77A44A3605C64187FEB002B13978C1\libraries\TinyScreen\TinyScreen.cpp.o
                0x00010814                TinyScreen::startData()
 .text._ZN10TinyScreen11endTransferEv
                0x00010838       0x1c C:\Users\panda\AppData\Local\Temp\arduino\sketches\4D77A44A3605C64187FEB002B13978C1\libraries\TinyScreen\TinyScreen.cpp.o
                0x00010838                TinyScreen::endTransfer()
 .text._ZN10TinyScreen4setXEhh
                0x00010854       0x3c C:\Users\panda\AppData\Local\Temp\arduino\sketches\4D77A44A3605C64187FEB002B13978C1\libraries\TinyScreen\TinyScreen.cpp.o
                0x00010854                TinyScreen::setX(unsigned char, unsigned char)
 .text._ZN10TinyScreen4setYEhh
                0x00010890       0x3c C:\Users\panda\AppData\Local\Temp\arduino\sketches\4D77A44A3605C64187FEB002B13978C1\libraries\TinyScreen\TinyScreen.cpp.o
                0x00010890                TinyScreen::setY(unsigned char, unsigned char)
 .text._ZN10TinyScreen11clearWindowEhhhh.part.5
                0x000108cc       0x6c C:\Users\panda\AppData\Local\Temp\arduino\sketches\4D77A44A3605C64187FEB002B13978C1\libraries\TinyScreen\TinyScreen.cpp.o
 .text._ZN10TinyScreen8drawRectEhhhhhhhh
                0x00010938       0xd8 C:\Users\panda\AppData\Local\Temp\arduino\sketches\4D77A44A3605C64187FEB002B13978C1\libraries\TinyScreen\TinyScreen.cpp.o
                0x00010938                TinyScreen::drawRect(unsigned char, unsigned char, unsigned char, unsigned char, unsigned char, unsigned char, unsigned char, unsigned char)
 .text._ZN10TinyScreen8drawRectEhhhhht
                0x00010a10       0x62 C:\Users\panda\AppData\Local\Temp\arduino\sketches\4D77A44A3605C64187FEB002B13978C1\libraries\TinyScreen\TinyScreen.cpp.o
                0x00010a10                TinyScreen::drawRect(unsigned char, unsigned char, unsigned char, unsigned char, unsigned char, unsigned short)
 .text._ZN10TinyScreen8drawLineEhhhhhhh
                0x00010a72       0x9e C:\Users\panda\AppData\Local\Temp\arduino\sketches\4D77A44A3605C64187FEB002B13978C1\libraries\TinyScreen\TinyScreen.cpp.o
                0x00010a72                TinyScreen::drawLine(unsigned char, unsigned char, unsigned char, unsigned char, unsigned char, unsigned char, unsigned char)
 .text._ZN10TinyScreen8drawLineEhhhht
                0x00010b10       0x58 C:\Users\panda\AppData\Local\Temp\arduino\sketches\4D77A44A3605C64187FEB002B13978C1\libraries\TinyScreen\TinyScreen.cpp.o
                0x00010b10                TinyScreen::drawLine(unsigned char, unsigned char, unsigned char, unsigned char, unsigned short)
 .text._ZN10TinyScreen13setBrightnessEh
                0x00010b68       0x2a C:\Users\panda\AppData\Local\Temp\arduino\sketches\4D77A44A3605C64187FEB002B13978C1\libraries\TinyScreen\TinyScreen.cpp.o
                0x00010b68                TinyScreen::setBrightness(unsigned char)
 *fill*         0x00010b92        0x2 
 .text._ZN10TinyScreen2onEv
                0x00010b94       0x34 C:\Users\panda\AppData\Local\Temp\arduino\sketches\4D77A44A3605C64187FEB002B13978C1\libraries\TinyScreen\TinyScreen.cpp.o
                0x00010b94                TinyScreen::on()
 .text._ZN10TinyScreen10writeRemapEv
                0x00010bc8       0x4a C:\Users\panda\AppData\Local\Temp\arduino\sketches\4D77A44A3605C64187FEB002B13978C1\libraries\TinyScreen\TinyScreen.cpp.o
                0x00010bc8                TinyScreen::writeRemap()
 .text._ZN10TinyScreen11setBitDepthEh
                0x00010c12        0xa C:\Users\panda\AppData\Local\Temp\arduino\sketches\4D77A44A3605C64187FEB002B13978C1\libraries\TinyScreen\TinyScreen.cpp.o
                0x00010c12                TinyScreen::setBitDepth(unsigned char)
 .text._ZN10TinyScreen7setFlipEh
                0x00010c1c        0xa C:\Users\panda\AppData\Local\Temp\arduino\sketches\4D77A44A3605C64187FEB002B13978C1\libraries\TinyScreen\TinyScreen.cpp.o
                0x00010c1c                TinyScreen::setFlip(unsigned char)
 *fill*         0x00010c26        0x2 
 .text._ZN10TinyScreen5writeEh
                0x00010c28      0x2d4 C:\Users\panda\AppData\Local\Temp\arduino\sketches\4D77A44A3605C64187FEB002B13978C1\libraries\TinyScreen\TinyScreen.cpp.o
                0x00010c28                TinyScreen::write(unsigned char)
 .text._ZN10TinyScreen3offEv
                0x00010efc       0x30 C:\Users\panda\AppData\Local\Temp\arduino\sketches\4D77A44A3605C64187FEB002B13978C1\libraries\TinyScreen\TinyScreen.cpp.o
                0x00010efc                TinyScreen::off()
 .text._ZN10TinyScreen5beginEv
                0x00010f2c      0x128 C:\Users\panda\AppData\Local\Temp\arduino\sketches\4D77A44A3605C64187FEB002B13978C1\libraries\TinyScreen\TinyScreen.cpp.o
                0x00010f2c                TinyScreen::begin()
 .text._ZN8SPIClass4initEv
                0x00011054       0x12 C:\Users\panda\AppData\Local\Temp\arduino\sketches\4D77A44A3605C64187FEB002B13978C1\libraries\SPI\SPI.cpp.o
                0x00011054                SPIClass::init()
 .text._ZN8SPIClass6configE11SPISettings
                0x00011066       0x4e C:\Users\panda\AppData\Local\Temp\arduino\sketches\4D77A44A3605C64187FEB002B13978C1\libraries\SPI\SPI.cpp.o
                0x00011066                SPIClass::config(SPISettings)
 .text._ZN8SPIClass5beginEv
                0x000110b4       0x50 C:\Users\panda\AppData\Local\Temp\arduino\sketches\4D77A44A3605C64187FEB002B13978C1\libraries\SPI\SPI.cpp.o
                0x000110b4                SPIClass::begin()
 .text._ZN8SPIClass11setDataModeEh
                0x00011104       0x28 C:\Users\panda\AppData\Local\Temp\arduino\sketches\4D77A44A3605C64187FEB002B13978C1\libraries\SPI\SPI.cpp.o
                0x00011104                SPIClass::setDataMode(unsigned char)
 .text._ZN8SPIClass15setClockDividerEh
                0x0001112c       0x10 C:\Users\panda\AppData\Local\Temp\arduino\sketches\4D77A44A3605C64187FEB002B13978C1\libraries\SPI\SPI.cpp.o
                0x0001112c                SPIClass::setClockDivider(unsigned char)
 .text._ZN8SPIClass8transferEh
                0x0001113c        0xa C:\Users\panda\AppData\Local\Temp\arduino\sketches\4D77A44A3605C64187FEB002B13978C1\libraries\SPI\SPI.cpp.o
                0x0001113c                SPIClass::transfer(unsigned char)
 *fill*         0x00011146        0x2 
 .text.startup._GLOBAL__sub_I__ZN8SPIClassC2EP6SERCOMhhh14SercomSpiTXPad11SercomRXPad
                0x00011148       0x68 C:\Users\panda\AppData\Local\Temp\arduino\sketches\4D77A44A3605C64187FEB002B13978C1\libraries\SPI\SPI.cpp.o
 .text._ZN7TwoWire5writeEPKhj
                0x000111b0       0x24 C:\Users\panda\AppData\Local\Temp\arduino\sketches\4D77A44A3605C64187FEB002B13978C1\libraries\Wire\Wire.cpp.o
                0x000111b0                TwoWire::write(unsigned char const*, unsigned int)
 .text._ZN7TwoWire5flushEv
                0x000111d4        0x2 C:\Users\panda\AppData\Local\Temp\arduino\sketches\4D77A44A3605C64187FEB002B13978C1\libraries\Wire\Wire.cpp.o
                0x000111d4                TwoWire::flush()
 .text._ZN7TwoWire4peekEv
                0x000111d6       0x1a C:\Users\panda\AppData\Local\Temp\arduino\sketches\4D77A44A3605C64187FEB002B13978C1\libraries\Wire\Wire.cpp.o
                0x000111d6                TwoWire::peek()
 .text._ZN7TwoWire9availableEv
                0x000111f0       0x12 C:\Users\panda\AppData\Local\Temp\arduino\sketches\4D77A44A3605C64187FEB002B13978C1\libraries\Wire\Wire.cpp.o
                0x000111f0                TwoWire::available()
 *fill*         0x00011202        0x2 
 .text._ZN7TwoWireC2EP6SERCOMhh
                0x00011204       0x60 C:\Users\panda\AppData\Local\Temp\arduino\sketches\4D77A44A3605C64187FEB002B13978C1\libraries\Wire\Wire.cpp.o
                0x00011204                TwoWire::TwoWire(SERCOM*, unsigned char, unsigned char)
                0x00011204                TwoWire::TwoWire(SERCOM*, unsigned char, unsigned char)
 .text._ZN7TwoWire17beginTransmissionEh
                0x00011264       0x16 C:\Users\panda\AppData\Local\Temp\arduino\sketches\4D77A44A3605C64187FEB002B13978C1\libraries\Wire\Wire.cpp.o
                0x00011264                TwoWire::beginTransmission(unsigned char)
 .text._ZN11RingBufferNILi256EE10store_charEh
                0x0001127a       0x1a C:\Users\panda\AppData\Local\Temp\arduino\sketches\4D77A44A3605C64187FEB002B13978C1\libraries\Wire\Wire.cpp.o
                0x0001127a                RingBufferN<256>::store_char(unsigned char)
 .text._ZN7TwoWire5writeEh
                0x00011294       0x2a C:\Users\panda\AppData\Local\Temp\arduino\sketches\4D77A44A3605C64187FEB002B13978C1\libraries\Wire\Wire.cpp.o
                0x00011294                TwoWire::write(unsigned char)
 .text._ZN11RingBufferNILi256EE9read_charEv
                0x000112be       0x20 C:\Users\panda\AppData\Local\Temp\arduino\sketches\4D77A44A3605C64187FEB002B13978C1\libraries\Wire\Wire.cpp.o
                0x000112be                RingBufferN<256>::read_char()
 .text._ZN7TwoWire15endTransmissionEb
                0x000112de       0x70 C:\Users\panda\AppData\Local\Temp\arduino\sketches\4D77A44A3605C64187FEB002B13978C1\libraries\Wire\Wire.cpp.o
                0x000112de                TwoWire::endTransmission(bool)
 .text._ZN7TwoWire15endTransmissionEv
                0x0001134e        0xa C:\Users\panda\AppData\Local\Temp\arduino\sketches\4D77A44A3605C64187FEB002B13978C1\libraries\Wire\Wire.cpp.o
                0x0001134e                TwoWire::endTransmission()
 .text._ZN7TwoWire4readEv
                0x00011358        0xa C:\Users\panda\AppData\Local\Temp\arduino\sketches\4D77A44A3605C64187FEB002B13978C1\libraries\Wire\Wire.cpp.o
                0x00011358                TwoWire::read()
 .text._ZN7TwoWire9onServiceEv
                0x00011362      0x11c C:\Users\panda\AppData\Local\Temp\arduino\sketches\4D77A44A3605C64187FEB002B13978C1\libraries\Wire\Wire.cpp.o
                0x00011362                TwoWire::onService()
 *fill*         0x0001147e        0x2 
 .text.SERCOM2_Handler
                0x00011480       0x10 C:\Users\panda\AppData\Local\Temp\arduino\sketches\4D77A44A3605C64187FEB002B13978C1\libraries\Wire\Wire.cpp.o
                0x00011480                SERCOM2_Handler
 .text.startup._GLOBAL__sub_I__ZN7TwoWireC2EP6SERCOMhh
                0x00011490       0x18 C:\Users\panda\AppData\Local\Temp\arduino\sketches\4D77A44A3605C64187FEB002B13978C1\libraries\Wire\Wire.cpp.o
 .text.SERCOM0_Handler
                0x000114a8       0x10 C:\Users\panda\AppData\Local\Temp\arduino\sketches\4D77A44A3605C64187FEB002B13978C1\core\variant.cpp.o
                0x000114a8                SERCOM0_Handler
 .text.SERCOM5_Handler
                0x000114b8       0x10 C:\Users\panda\AppData\Local\Temp\arduino\sketches\4D77A44A3605C64187FEB002B13978C1\core\variant.cpp.o
                0x000114b8                SERCOM5_Handler
 .text.startup._GLOBAL__sub_I_g_APinDescription
                0x000114c8       0x94 C:\Users\panda\AppData\Local\Temp\arduino\sketches\4D77A44A3605C64187FEB002B13978C1\core\variant.cpp.o
 .text._ZN5Print5writeEPKhj
                0x0001155c       0x28 C:\Users\panda\AppData\Local\Temp\arduino\sketches\4D77A44A3605C64187FEB002B13978C1/..\..\cores\TinyCircuits_samd_tinyarcade_BuildOption_TAgame_671cb57aaf343a5cc514ad0bed195d1f\core.a(Print.cpp.o)
                0x0001155c                Print::write(unsigned char const*, unsigned int)
 .text._ZN6SERCOMC2EP6Sercom
                0x00011584        0x4 C:\Users\panda\AppData\Local\Temp\arduino\sketches\4D77A44A3605C64187FEB002B13978C1/..\..\cores\TinyCircuits_samd_tinyarcade_BuildOption_TAgame_671cb57aaf343a5cc514ad0bed195d1f\core.a(SERCOM.cpp.o)
                0x00011584                SERCOM::SERCOM(Sercom*)
                0x00011584                SERCOM::SERCOM(Sercom*)
 .text._ZN6SERCOM9initFrameE18SercomUartCharSize15SercomDataOrder16SercomParityMode19SercomNumberStopBit
                0x00011588       0x3a C:\Users\panda\AppData\Local\Temp\arduino\sketches\4D77A44A3605C64187FEB002B13978C1/..\..\cores\TinyCircuits_samd_tinyarcade_BuildOption_TAgame_671cb57aaf343a5cc514ad0bed195d1f\core.a(SERCOM.cpp.o)
                0x00011588                SERCOM::initFrame(SercomUartCharSize, SercomDataOrder, SercomParityMode, SercomNumberStopBit)
 .text._ZN6SERCOM8initPadsE15SercomUartTXPad11SercomRXPad
                0x000115c2       0x26 C:\Users\panda\AppData\Local\Temp\arduino\sketches\4D77A44A3605C64187FEB002B13978C1/..\..\cores\TinyCircuits_samd_tinyarcade_BuildOption_TAgame_671cb57aaf343a5cc514ad0bed195d1f\core.a(SERCOM.cpp.o)
                0x000115c2                SERCOM::initPads(SercomUartTXPad, SercomRXPad)
 .text._ZN6SERCOM9resetUARTEv
                0x000115e8       0x1a C:\Users\panda\AppData\Local\Temp\arduino\sketches\4D77A44A3605C64187FEB002B13978C1/..\..\cores\TinyCircuits_samd_tinyarcade_BuildOption_TAgame_671cb57aaf343a5cc514ad0bed195d1f\core.a(SERCOM.cpp.o)
                0x000115e8                SERCOM::resetUART()
 .text._ZN6SERCOM10enableUARTEv
                0x00011602       0x14 C:\Users\panda\AppData\Local\Temp\arduino\sketches\4D77A44A3605C64187FEB002B13978C1/..\..\cores\TinyCircuits_samd_tinyarcade_BuildOption_TAgame_671cb57aaf343a5cc514ad0bed195d1f\core.a(SERCOM.cpp.o)
                0x00011602                SERCOM::enableUART()
 .text._ZN6SERCOM9flushUARTEv
                0x00011616       0x10 C:\Users\panda\AppData\Local\Temp\arduino\sketches\4D77A44A3605C64187FEB002B13978C1/..\..\cores\TinyCircuits_samd_tinyarcade_BuildOption_TAgame_671cb57aaf343a5cc514ad0bed195d1f\core.a(SERCOM.cpp.o)
                0x00011616                SERCOM::flushUART()
 .text._ZN6SERCOM15clearStatusUARTEv
                0x00011626        0x8 C:\Users\panda\AppData\Local\Temp\arduino\sketches\4D77A44A3605C64187FEB002B13978C1/..\..\cores\TinyCircuits_samd_tinyarcade_BuildOption_TAgame_671cb57aaf343a5cc514ad0bed195d1f\core.a(SERCOM.cpp.o)
                0x00011626                SERCOM::clearStatusUART()
 .text._ZN6SERCOM17availableDataUARTEv
                0x0001162e        0xa C:\Users\panda\AppData\Local\Temp\arduino\sketches\4D77A44A3605C64187FEB002B13978C1/..\..\cores\TinyCircuits_samd_tinyarcade_BuildOption_TAgame_671cb57aaf343a5cc514ad0bed195d1f\core.a(SERCOM.cpp.o)
                0x0001162e                SERCOM::availableDataUART()
 .text._ZN6SERCOM11isUARTErrorEv
                0x00011638        0x8 C:\Users\panda\AppData\Local\Temp\arduino\sketches\4D77A44A3605C64187FEB002B13978C1/..\..\cores\TinyCircuits_samd_tinyarcade_BuildOption_TAgame_671cb57aaf343a5cc514ad0bed195d1f\core.a(SERCOM.cpp.o)
                0x00011638                SERCOM::isUARTError()
 .text._ZN6SERCOM20acknowledgeUARTErrorEv
                0x00011640        0xe C:\Users\panda\AppData\Local\Temp\arduino\sketches\4D77A44A3605C64187FEB002B13978C1/..\..\cores\TinyCircuits_samd_tinyarcade_BuildOption_TAgame_671cb57aaf343a5cc514ad0bed195d1f\core.a(SERCOM.cpp.o)
                0x00011640                SERCOM::acknowledgeUARTError()
 .text._ZN6SERCOM16isFrameErrorUARTEv
                0x0001164e        0xa C:\Users\panda\AppData\Local\Temp\arduino\sketches\4D77A44A3605C64187FEB002B13978C1/..\..\cores\TinyCircuits_samd_tinyarcade_BuildOption_TAgame_671cb57aaf343a5cc514ad0bed195d1f\core.a(SERCOM.cpp.o)
                0x0001164e                SERCOM::isFrameErrorUART()
 .text._ZN6SERCOM19clearFrameErrorUARTEv
                0x00011658        0xc C:\Users\panda\AppData\Local\Temp\arduino\sketches\4D77A44A3605C64187FEB002B13978C1/..\..\cores\TinyCircuits_samd_tinyarcade_BuildOption_TAgame_671cb57aaf343a5cc514ad0bed195d1f\core.a(SERCOM.cpp.o)
                0x00011658                SERCOM::clearFrameErrorUART()
 .text._ZN6SERCOM23isDataRegisterEmptyUARTEv
                0x00011664        0xa C:\Users\panda\AppData\Local\Temp\arduino\sketches\4D77A44A3605C64187FEB002B13978C1/..\..\cores\TinyCircuits_samd_tinyarcade_BuildOption_TAgame_671cb57aaf343a5cc514ad0bed195d1f\core.a(SERCOM.cpp.o)
                0x00011664                SERCOM::isDataRegisterEmptyUART()
 .text._ZN6SERCOM12readDataUARTEv
                0x0001166e        0x8 C:\Users\panda\AppData\Local\Temp\arduino\sketches\4D77A44A3605C64187FEB002B13978C1/..\..\cores\TinyCircuits_samd_tinyarcade_BuildOption_TAgame_671cb57aaf343a5cc514ad0bed195d1f\core.a(SERCOM.cpp.o)
                0x0001166e                SERCOM::readDataUART()
 .text._ZN6SERCOM13writeDataUARTEh
                0x00011676       0x10 C:\Users\panda\AppData\Local\Temp\arduino\sketches\4D77A44A3605C64187FEB002B13978C1/..\..\cores\TinyCircuits_samd_tinyarcade_BuildOption_TAgame_671cb57aaf343a5cc514ad0bed195d1f\core.a(SERCOM.cpp.o)
                0x00011676                SERCOM::writeDataUART(unsigned char)
 .text._ZN6SERCOM36enableDataRegisterEmptyInterruptUARTEv
                0x00011686        0x8 C:\Users\panda\AppData\Local\Temp\arduino\sketches\4D77A44A3605C64187FEB002B13978C1/..\..\cores\TinyCircuits_samd_tinyarcade_BuildOption_TAgame_671cb57aaf343a5cc514ad0bed195d1f\core.a(SERCOM.cpp.o)
                0x00011686                SERCOM::enableDataRegisterEmptyInterruptUART()
 .text._ZN6SERCOM37disableDataRegisterEmptyInterruptUARTEv
                0x0001168e        0x8 C:\Users\panda\AppData\Local\Temp\arduino\sketches\4D77A44A3605C64187FEB002B13978C1/..\..\cores\TinyCircuits_samd_tinyarcade_BuildOption_TAgame_671cb57aaf343a5cc514ad0bed195d1f\core.a(SERCOM.cpp.o)
                0x0001168e                SERCOM::disableDataRegisterEmptyInterruptUART()
 *fill*         0x00011696        0x2 
 .text._ZN6SERCOM12initSPIClockE18SercomSpiClockModem
                0x00011698       0x30 C:\Users\panda\AppData\Local\Temp\arduino\sketches\4D77A44A3605C64187FEB002B13978C1/..\..\cores\TinyCircuits_samd_tinyarcade_BuildOption_TAgame_671cb57aaf343a5cc514ad0bed195d1f\core.a(SERCOM.cpp.o)
                0x00011698                SERCOM::initSPIClock(SercomSpiClockMode, unsigned long)
 .text._ZN6SERCOM8resetSPIEv
                0x000116c8       0x1a C:\Users\panda\AppData\Local\Temp\arduino\sketches\4D77A44A3605C64187FEB002B13978C1/..\..\cores\TinyCircuits_samd_tinyarcade_BuildOption_TAgame_671cb57aaf343a5cc514ad0bed195d1f\core.a(SERCOM.cpp.o)
                0x000116c8                SERCOM::resetSPI()
 .text._ZN6SERCOM9enableSPIEv
                0x000116e2       0x14 C:\Users\panda\AppData\Local\Temp\arduino\sketches\4D77A44A3605C64187FEB002B13978C1/..\..\cores\TinyCircuits_samd_tinyarcade_BuildOption_TAgame_671cb57aaf343a5cc514ad0bed195d1f\core.a(SERCOM.cpp.o)
                0x000116e2                SERCOM::enableSPI()
 .text._ZN6SERCOM10disableSPIEv
                0x000116f6       0x12 C:\Users\panda\AppData\Local\Temp\arduino\sketches\4D77A44A3605C64187FEB002B13978C1/..\..\cores\TinyCircuits_samd_tinyarcade_BuildOption_TAgame_671cb57aaf343a5cc514ad0bed195d1f\core.a(SERCOM.cpp.o)
                0x000116f6                SERCOM::disableSPI()
 .text._ZN6SERCOM14setBaudrateSPIEh
                0x00011708       0x30 C:\Users\panda\AppData\Local\Temp\arduino\sketches\4D77A44A3605C64187FEB002B13978C1/..\..\cores\TinyCircuits_samd_tinyarcade_BuildOption_TAgame_671cb57aaf343a5cc514ad0bed195d1f\core.a(SERCOM.cpp.o)
                0x00011708                SERCOM::setBaudrateSPI(unsigned char)
 .text._ZN6SERCOM15setClockModeSPIE18SercomSpiClockMode
                0x00011738       0x40 C:\Users\panda\AppData\Local\Temp\arduino\sketches\4D77A44A3605C64187FEB002B13978C1/..\..\cores\TinyCircuits_samd_tinyarcade_BuildOption_TAgame_671cb57aaf343a5cc514ad0bed195d1f\core.a(SERCOM.cpp.o)
                0x00011738                SERCOM::setClockModeSPI(SercomSpiClockMode)
 .text._ZN6SERCOM15transferDataSPIEh
                0x00011778       0x1a C:\Users\panda\AppData\Local\Temp\arduino\sketches\4D77A44A3605C64187FEB002B13978C1/..\..\cores\TinyCircuits_samd_tinyarcade_BuildOption_TAgame_671cb57aaf343a5cc514ad0bed195d1f\core.a(SERCOM.cpp.o)
                0x00011778                SERCOM::transferDataSPI(unsigned char)
 .text._ZN6SERCOM18prepareNackBitWIREEv
                0x00011792       0x10 C:\Users\panda\AppData\Local\Temp\arduino\sketches\4D77A44A3605C64187FEB002B13978C1/..\..\cores\TinyCircuits_samd_tinyarcade_BuildOption_TAgame_671cb57aaf343a5cc514ad0bed195d1f\core.a(SERCOM.cpp.o)
                0x00011792                SERCOM::prepareNackBitWIRE()
 *fill*         0x000117a2        0x2 
 .text._ZN6SERCOM17prepareAckBitWIREEv
                0x000117a4       0x14 C:\Users\panda\AppData\Local\Temp\arduino\sketches\4D77A44A3605C64187FEB002B13978C1/..\..\cores\TinyCircuits_samd_tinyarcade_BuildOption_TAgame_671cb57aaf343a5cc514ad0bed195d1f\core.a(SERCOM.cpp.o)
                0x000117a4                SERCOM::prepareAckBitWIRE()
 .text._ZN6SERCOM22prepareCommandBitsWireEh
                0x000117b8       0x2c C:\Users\panda\AppData\Local\Temp\arduino\sketches\4D77A44A3605C64187FEB002B13978C1/..\..\cores\TinyCircuits_samd_tinyarcade_BuildOption_TAgame_671cb57aaf343a5cc514ad0bed195d1f\core.a(SERCOM.cpp.o)
                0x000117b8                SERCOM::prepareCommandBitsWire(unsigned char)
 .text._ZN6SERCOM21startTransmissionWIREEh23SercomWireReadWriteFlag
                0x000117e4       0x84 C:\Users\panda\AppData\Local\Temp\arduino\sketches\4D77A44A3605C64187FEB002B13978C1/..\..\cores\TinyCircuits_samd_tinyarcade_BuildOption_TAgame_671cb57aaf343a5cc514ad0bed195d1f\core.a(SERCOM.cpp.o)
                0x000117e4                SERCOM::startTransmissionWIRE(unsigned char, SercomWireReadWriteFlag)
 .text._ZN6SERCOM18sendDataMasterWIREEh
                0x00011868       0x24 C:\Users\panda\AppData\Local\Temp\arduino\sketches\4D77A44A3605C64187FEB002B13978C1/..\..\cores\TinyCircuits_samd_tinyarcade_BuildOption_TAgame_671cb57aaf343a5cc514ad0bed195d1f\core.a(SERCOM.cpp.o)
                0x00011868                SERCOM::sendDataMasterWIRE(unsigned char)
 .text._ZN6SERCOM17sendDataSlaveWIREEh
                0x0001188c       0x1c C:\Users\panda\AppData\Local\Temp\arduino\sketches\4D77A44A3605C64187FEB002B13978C1/..\..\cores\TinyCircuits_samd_tinyarcade_BuildOption_TAgame_671cb57aaf343a5cc514ad0bed195d1f\core.a(SERCOM.cpp.o)
                0x0001188c                SERCOM::sendDataSlaveWIRE(unsigned char)
 .text._ZN6SERCOM11isSlaveWIREEv
                0x000118a8       0x12 C:\Users\panda\AppData\Local\Temp\arduino\sketches\4D77A44A3605C64187FEB002B13978C1/..\..\cores\TinyCircuits_samd_tinyarcade_BuildOption_TAgame_671cb57aaf343a5cc514ad0bed195d1f\core.a(SERCOM.cpp.o)
                0x000118a8                SERCOM::isSlaveWIRE()
 .text._ZN6SERCOM15isDataReadyWIREEv
                0x000118ba        0xa C:\Users\panda\AppData\Local\Temp\arduino\sketches\4D77A44A3605C64187FEB002B13978C1/..\..\cores\TinyCircuits_samd_tinyarcade_BuildOption_TAgame_671cb57aaf343a5cc514ad0bed195d1f\core.a(SERCOM.cpp.o)
                0x000118ba                SERCOM::isDataReadyWIRE()
 .text._ZN6SERCOM18isStopDetectedWIREEv
                0x000118c4        0xa C:\Users\panda\AppData\Local\Temp\arduino\sketches\4D77A44A3605C64187FEB002B13978C1/..\..\cores\TinyCircuits_samd_tinyarcade_BuildOption_TAgame_671cb57aaf343a5cc514ad0bed195d1f\core.a(SERCOM.cpp.o)
                0x000118c4                SERCOM::isStopDetectedWIRE()
 .text._ZN6SERCOM21isRestartDetectedWIREEv
                0x000118ce        0xa C:\Users\panda\AppData\Local\Temp\arduino\sketches\4D77A44A3605C64187FEB002B13978C1/..\..\cores\TinyCircuits_samd_tinyarcade_BuildOption_TAgame_671cb57aaf343a5cc514ad0bed195d1f\core.a(SERCOM.cpp.o)
                0x000118ce                SERCOM::isRestartDetectedWIRE()
 .text._ZN6SERCOM14isAddressMatchEv
                0x000118d8        0xa C:\Users\panda\AppData\Local\Temp\arduino\sketches\4D77A44A3605C64187FEB002B13978C1/..\..\cores\TinyCircuits_samd_tinyarcade_BuildOption_TAgame_671cb57aaf343a5cc514ad0bed195d1f\core.a(SERCOM.cpp.o)
                0x000118d8                SERCOM::isAddressMatch()
 .text._ZN6SERCOM25isMasterReadOperationWIREEv
                0x000118e2        0xa C:\Users\panda\AppData\Local\Temp\arduino\sketches\4D77A44A3605C64187FEB002B13978C1/..\..\cores\TinyCircuits_samd_tinyarcade_BuildOption_TAgame_671cb57aaf343a5cc514ad0bed195d1f\core.a(SERCOM.cpp.o)
                0x000118e2                SERCOM::isMasterReadOperationWIRE()
 .text._ZN6SERCOM12readDataWIREEv
                0x000118ec       0x20 C:\Users\panda\AppData\Local\Temp\arduino\sketches\4D77A44A3605C64187FEB002B13978C1/..\..\cores\TinyCircuits_samd_tinyarcade_BuildOption_TAgame_671cb57aaf343a5cc514ad0bed195d1f\core.a(SERCOM.cpp.o)
                0x000118ec                SERCOM::readDataWIRE()
 .text._ZN6SERCOM13initClockNVICEv
                0x0001190c       0xa8 C:\Users\panda\AppData\Local\Temp\arduino\sketches\4D77A44A3605C64187FEB002B13978C1/..\..\cores\TinyCircuits_samd_tinyarcade_BuildOption_TAgame_671cb57aaf343a5cc514ad0bed195d1f\core.a(SERCOM.cpp.o)
                0x0001190c                SERCOM::initClockNVIC()
 .text._ZN6SERCOM8initUARTE14SercomUartMode20SercomUartSampleRatem
                0x000119b4       0x6c C:\Users\panda\AppData\Local\Temp\arduino\sketches\4D77A44A3605C64187FEB002B13978C1/..\..\cores\TinyCircuits_samd_tinyarcade_BuildOption_TAgame_671cb57aaf343a5cc514ad0bed195d1f\core.a(SERCOM.cpp.o)
                0x000119b4                SERCOM::initUART(SercomUartMode, SercomUartSampleRate, unsigned long)
 .text._ZN6SERCOM7initSPIE14SercomSpiTXPad11SercomRXPad17SercomSpiCharSize15SercomDataOrder
                0x00011a20       0x4a C:\Users\panda\AppData\Local\Temp\arduino\sketches\4D77A44A3605C64187FEB002B13978C1/..\..\cores\TinyCircuits_samd_tinyarcade_BuildOption_TAgame_671cb57aaf343a5cc514ad0bed195d1f\core.a(SERCOM.cpp.o)
                0x00011a20                SERCOM::initSPI(SercomSpiTXPad, SercomRXPad, SercomSpiCharSize, SercomDataOrder)
 .text._ZN4UartcvbEv
                0x00011a6a        0x4 C:\Users\panda\AppData\Local\Temp\arduino\sketches\4D77A44A3605C64187FEB002B13978C1/..\..\cores\TinyCircuits_samd_tinyarcade_BuildOption_TAgame_671cb57aaf343a5cc514ad0bed195d1f\core.a(Uart.cpp.o)
                0x00011a6a                Uart::operator bool()
 *fill*         0x00011a6e        0x2 
 .text._ZN4Uart5beginEm
                0x00011a70       0x10 C:\Users\panda\AppData\Local\Temp\arduino\sketches\4D77A44A3605C64187FEB002B13978C1/..\..\cores\TinyCircuits_samd_tinyarcade_BuildOption_TAgame_671cb57aaf343a5cc514ad0bed195d1f\core.a(Uart.cpp.o)
                0x00011a70                Uart::begin(unsigned long)
 .text._ZN4Uart4peekEv
                0x00011a80       0x1a C:\Users\panda\AppData\Local\Temp\arduino\sketches\4D77A44A3605C64187FEB002B13978C1/..\..\cores\TinyCircuits_samd_tinyarcade_BuildOption_TAgame_671cb57aaf343a5cc514ad0bed195d1f\core.a(Uart.cpp.o)
                0x00011a80                Uart::peek()
 .text._ZN4Uart3endEv
                0x00011a9a       0x20 C:\Users\panda\AppData\Local\Temp\arduino\sketches\4D77A44A3605C64187FEB002B13978C1/..\..\cores\TinyCircuits_samd_tinyarcade_BuildOption_TAgame_671cb57aaf343a5cc514ad0bed195d1f\core.a(Uart.cpp.o)
                0x00011a9a                Uart::end()
 .text._ZN4Uart16extractNbStopBitEt
                0x00011aba        0xc C:\Users\panda\AppData\Local\Temp\arduino\sketches\4D77A44A3605C64187FEB002B13978C1/..\..\cores\TinyCircuits_samd_tinyarcade_BuildOption_TAgame_671cb57aaf343a5cc514ad0bed195d1f\core.a(Uart.cpp.o)
                0x00011aba                Uart::extractNbStopBit(unsigned short)
 .text._ZN4Uart15extractCharSizeEt
                0x00011ac6       0x28 C:\Users\panda\AppData\Local\Temp\arduino\sketches\4D77A44A3605C64187FEB002B13978C1/..\..\cores\TinyCircuits_samd_tinyarcade_BuildOption_TAgame_671cb57aaf343a5cc514ad0bed195d1f\core.a(Uart.cpp.o)
                0x00011ac6                Uart::extractCharSize(unsigned short)
 .text._ZN4Uart13extractParityEt
                0x00011aee       0x14 C:\Users\panda\AppData\Local\Temp\arduino\sketches\4D77A44A3605C64187FEB002B13978C1/..\..\cores\TinyCircuits_samd_tinyarcade_BuildOption_TAgame_671cb57aaf343a5cc514ad0bed195d1f\core.a(Uart.cpp.o)
                0x00011aee                Uart::extractParity(unsigned short)
 *fill*         0x00011b02        0x2 
 .text._ZN4Uart5beginEmt
                0x00011b04       0xf8 C:\Users\panda\AppData\Local\Temp\arduino\sketches\4D77A44A3605C64187FEB002B13978C1/..\..\cores\TinyCircuits_samd_tinyarcade_BuildOption_TAgame_671cb57aaf343a5cc514ad0bed195d1f\core.a(Uart.cpp.o)
                0x00011b04                Uart::begin(unsigned long, unsigned short)
 .text._ZN11RingBufferNILi256EEC2Ev
                0x00011bfc       0x1c C:\Users\panda\AppData\Local\Temp\arduino\sketches\4D77A44A3605C64187FEB002B13978C1/..\..\cores\TinyCircuits_samd_tinyarcade_BuildOption_TAgame_671cb57aaf343a5cc514ad0bed195d1f\core.a(Uart.cpp.o)
                0x00011bfc                RingBufferN<256>::RingBufferN()
                0x00011bfc                RingBufferN<256>::RingBufferN()
 .text._ZN4UartC2EP6SERCOMhh11SercomRXPad15SercomUartTXPad
                0x00011c18       0x74 C:\Users\panda\AppData\Local\Temp\arduino\sketches\4D77A44A3605C64187FEB002B13978C1/..\..\cores\TinyCircuits_samd_tinyarcade_BuildOption_TAgame_671cb57aaf343a5cc514ad0bed195d1f\core.a(Uart.cpp.o)
                0x00011c18                Uart::Uart(SERCOM*, unsigned char, unsigned char, SercomRXPad, SercomUartTXPad)
                0x00011c18                Uart::Uart(SERCOM*, unsigned char, unsigned char, SercomRXPad, SercomUartTXPad)
 .text._ZN11RingBufferNILi256EE9availableEv
                0x00011c8c       0x12 C:\Users\panda\AppData\Local\Temp\arduino\sketches\4D77A44A3605C64187FEB002B13978C1/..\..\cores\TinyCircuits_samd_tinyarcade_BuildOption_TAgame_671cb57aaf343a5cc514ad0bed195d1f\core.a(Uart.cpp.o)
                0x00011c8c                RingBufferN<256>::available()
 .text._ZN4Uart5flushEv
                0x00011c9e       0x1a C:\Users\panda\AppData\Local\Temp\arduino\sketches\4D77A44A3605C64187FEB002B13978C1/..\..\cores\TinyCircuits_samd_tinyarcade_BuildOption_TAgame_671cb57aaf343a5cc514ad0bed195d1f\core.a(Uart.cpp.o)
                0x00011c9e                Uart::flush()
 .text._ZN4Uart9availableEv
                0x00011cb8        0xa C:\Users\panda\AppData\Local\Temp\arduino\sketches\4D77A44A3605C64187FEB002B13978C1/..\..\cores\TinyCircuits_samd_tinyarcade_BuildOption_TAgame_671cb57aaf343a5cc514ad0bed195d1f\core.a(Uart.cpp.o)
                0x00011cb8                Uart::available()
 .text._ZN11RingBufferNILi256EE17availableForStoreEv
                0x00011cc2       0x20 C:\Users\panda\AppData\Local\Temp\arduino\sketches\4D77A44A3605C64187FEB002B13978C1/..\..\cores\TinyCircuits_samd_tinyarcade_BuildOption_TAgame_671cb57aaf343a5cc514ad0bed195d1f\core.a(Uart.cpp.o)
                0x00011cc2                RingBufferN<256>::availableForStore()
 .text._ZN4Uart17availableForWriteEv
                0x00011ce2        0xc C:\Users\panda\AppData\Local\Temp\arduino\sketches\4D77A44A3605C64187FEB002B13978C1/..\..\cores\TinyCircuits_samd_tinyarcade_BuildOption_TAgame_671cb57aaf343a5cc514ad0bed195d1f\core.a(Uart.cpp.o)
                0x00011ce2                Uart::availableForWrite()
 .text._ZN4Uart10IrqHandlerEv
                0x00011cee       0xcc C:\Users\panda\AppData\Local\Temp\arduino\sketches\4D77A44A3605C64187FEB002B13978C1/..\..\cores\TinyCircuits_samd_tinyarcade_BuildOption_TAgame_671cb57aaf343a5cc514ad0bed195d1f\core.a(Uart.cpp.o)
                0x00011cee                Uart::IrqHandler()
 *fill*         0x00011dba        0x2 
 .text._ZN4Uart5writeEh
                0x00011dbc       0xb4 C:\Users\panda\AppData\Local\Temp\arduino\sketches\4D77A44A3605C64187FEB002B13978C1/..\..\cores\TinyCircuits_samd_tinyarcade_BuildOption_TAgame_671cb57aaf343a5cc514ad0bed195d1f\core.a(Uart.cpp.o)
                0x00011dbc                Uart::write(unsigned char)
 .text._ZN4Uart4readEv
                0x00011e70       0x4c C:\Users\panda\AppData\Local\Temp\arduino\sketches\4D77A44A3605C64187FEB002B13978C1/..\..\cores\TinyCircuits_samd_tinyarcade_BuildOption_TAgame_671cb57aaf343a5cc514ad0bed195d1f\core.a(Uart.cpp.o)
                0x00011e70                Uart::read()
 .text.Dummy_Handler
                0x00011ebc        0x2 C:\Users\panda\AppData\Local\Temp\arduino\sketches\4D77A44A3605C64187FEB002B13978C1/..\..\cores\TinyCircuits_samd_tinyarcade_BuildOption_TAgame_671cb57aaf343a5cc514ad0bed195d1f\core.a(cortex_handlers.c.o)
                0x00011ebc                HardFault_Handler
                0x00011ebc                AC_Handler
                0x00011ebc                PendSV_Handler
                0x00011ebc                NMI_Handler
                0x00011ebc                TC7_Handler
                0x00011ebc                SERCOM1_Handler
                0x00011ebc                ADC_Handler
                0x00011ebc                TCC1_Handler
                0x00011ebc                TCC0_Handler
                0x00011ebc                RTC_Handler
                0x00011ebc                EIC_Handler
                0x00011ebc                TC6_Handler
                0x00011ebc                WDT_Handler
                0x00011ebc                TC4_Handler
                0x00011ebc                TC3_Handler
                0x00011ebc                Dummy_Handler
                0x00011ebc                PM_Handler
                0x00011ebc                SVC_Handler
                0x00011ebc                TCC2_Handler
                0x00011ebc                EVSYS_Handler
                0x00011ebc                SERCOM3_Handler
                0x00011ebc                SERCOM4_Handler
                0x00011ebc                I2S_Handler
                0x00011ebc                NVMCTRL_Handler
                0x00011ebc                DAC_Handler
                0x00011ebc                PTC_Handler
                0x00011ebc                SYSCTRL_Handler
 *fill*         0x00011ebe        0x2 
 .text.USB_Handler
                0x00011ec0       0x14 C:\Users\panda\AppData\Local\Temp\arduino\sketches\4D77A44A3605C64187FEB002B13978C1/..\..\cores\TinyCircuits_samd_tinyarcade_BuildOption_TAgame_671cb57aaf343a5cc514ad0bed195d1f\core.a(cortex_handlers.c.o)
                0x00011ec0                USB_Handler
 .text.Reset_Handler
                0x00011ed4       0x54 C:\Users\panda\AppData\Local\Temp\arduino\sketches\4D77A44A3605C64187FEB002B13978C1/..\..\cores\TinyCircuits_samd_tinyarcade_BuildOption_TAgame_671cb57aaf343a5cc514ad0bed195d1f\core.a(cortex_handlers.c.o)
                0x00011ed4                Reset_Handler
 .text.SysTick_Handler
                0x00011f28       0x10 C:\Users\panda\AppData\Local\Temp\arduino\sketches\4D77A44A3605C64187FEB002B13978C1/..\..\cores\TinyCircuits_samd_tinyarcade_BuildOption_TAgame_671cb57aaf343a5cc514ad0bed195d1f\core.a(cortex_handlers.c.o)
                0x00011f28                SysTick_Handler
 .text.USB_SetHandler
                0x00011f38        0xc C:\Users\panda\AppData\Local\Temp\arduino\sketches\4D77A44A3605C64187FEB002B13978C1/..\..\cores\TinyCircuits_samd_tinyarcade_BuildOption_TAgame_671cb57aaf343a5cc514ad0bed195d1f\core.a(cortex_handlers.c.o)
                0x00011f38                USB_SetHandler
 .text.millis   0x00011f44        0xc C:\Users\panda\AppData\Local\Temp\arduino\sketches\4D77A44A3605C64187FEB002B13978C1/..\..\cores\TinyCircuits_samd_tinyarcade_BuildOption_TAgame_671cb57aaf343a5cc514ad0bed195d1f\core.a(delay.c.o)
                0x00011f44                millis
 .text.micros   0x00011f50       0x60 C:\Users\panda\AppData\Local\Temp\arduino\sketches\4D77A44A3605C64187FEB002B13978C1/..\..\cores\TinyCircuits_samd_tinyarcade_BuildOption_TAgame_671cb57aaf343a5cc514ad0bed195d1f\core.a(delay.c.o)
                0x00011f50                micros
 .text.delay    0x00011fb0       0x30 C:\Users\panda\AppData\Local\Temp\arduino\sketches\4D77A44A3605C64187FEB002B13978C1/..\..\cores\TinyCircuits_samd_tinyarcade_BuildOption_TAgame_671cb57aaf343a5cc514ad0bed195d1f\core.a(delay.c.o)
                0x00011fb0                delay
 .text.resetExternalChip
                0x00011fe0        0x2 C:\Users\panda\AppData\Local\Temp\arduino\sketches\4D77A44A3605C64187FEB002B13978C1/..\..\cores\TinyCircuits_samd_tinyarcade_BuildOption_TAgame_671cb57aaf343a5cc514ad0bed195d1f\core.a(delay.c.o)
                0x00011fe0                resetExternalChip
 *fill*         0x00011fe2        0x2 
 .text.SysTick_DefaultHandler
                0x00011fe4       0x14 C:\Users\panda\AppData\Local\Temp\arduino\sketches\4D77A44A3605C64187FEB002B13978C1/..\..\cores\TinyCircuits_samd_tinyarcade_BuildOption_TAgame_671cb57aaf343a5cc514ad0bed195d1f\core.a(delay.c.o)
                0x00011fe4                SysTick_DefaultHandler
 .text.__empty  0x00011ff8        0x2 C:\Users\panda\AppData\Local\Temp\arduino\sketches\4D77A44A3605C64187FEB002B13978C1/..\..\cores\TinyCircuits_samd_tinyarcade_BuildOption_TAgame_671cb57aaf343a5cc514ad0bed195d1f\core.a(hooks.c.o)
                0x00011ff8                yield
 .text.__false  0x00011ffa        0x4 C:\Users\panda\AppData\Local\Temp\arduino\sketches\4D77A44A3605C64187FEB002B13978C1/..\..\cores\TinyCircuits_samd_tinyarcade_BuildOption_TAgame_671cb57aaf343a5cc514ad0bed195d1f\core.a(hooks.c.o)
                0x00011ffa                sysTickHook
 .text._Z11initVariantv
                0x00011ffe        0x2 C:\Users\panda\AppData\Local\Temp\arduino\sketches\4D77A44A3605C64187FEB002B13978C1/..\..\cores\TinyCircuits_samd_tinyarcade_BuildOption_TAgame_671cb57aaf343a5cc514ad0bed195d1f\core.a(main.cpp.o)
                0x00011ffe                initVariant()
 .text.startup.main
                0x00012000       0x40 C:\Users\panda\AppData\Local\Temp\arduino\sketches\4D77A44A3605C64187FEB002B13978C1/..\..\cores\TinyCircuits_samd_tinyarcade_BuildOption_TAgame_671cb57aaf343a5cc514ad0bed195d1f\core.a(main.cpp.o)
                0x00012000                main
 .text.SystemInit
                0x00012040      0x194 C:\Users\panda\AppData\Local\Temp\arduino\sketches\4D77A44A3605C64187FEB002B13978C1/..\..\cores\TinyCircuits_samd_tinyarcade_BuildOption_TAgame_671cb57aaf343a5cc514ad0bed195d1f\core.a(startup.c.o)
                0x00012040                SystemInit
 .text.init     0x000121d4       0xf0 C:\Users\panda\AppData\Local\Temp\arduino\sketches\4D77A44A3605C64187FEB002B13978C1/..\..\cores\TinyCircuits_samd_tinyarcade_BuildOption_TAgame_671cb57aaf343a5cc514ad0bed195d1f\core.a(wiring.c.o)
                0x000121d4                init
 .text.mapResolution
                0x000122c4       0x12 C:\Users\panda\AppData\Local\Temp\arduino\sketches\4D77A44A3605C64187FEB002B13978C1/..\..\cores\TinyCircuits_samd_tinyarcade_BuildOption_TAgame_671cb57aaf343a5cc514ad0bed195d1f\core.a(wiring_analog.c.o)
 *fill*         0x000122d6        0x2 
 .text.analogReference
                0x000122d8       0x64 C:\Users\panda\AppData\Local\Temp\arduino\sketches\4D77A44A3605C64187FEB002B13978C1/..\..\cores\TinyCircuits_samd_tinyarcade_BuildOption_TAgame_671cb57aaf343a5cc514ad0bed195d1f\core.a(wiring_analog.c.o)
                0x000122d8                analogReference
 .text.analogRead
                0x0001233c       0xd8 C:\Users\panda\AppData\Local\Temp\arduino\sketches\4D77A44A3605C64187FEB002B13978C1/..\..\cores\TinyCircuits_samd_tinyarcade_BuildOption_TAgame_671cb57aaf343a5cc514ad0bed195d1f\core.a(wiring_analog.c.o)
                0x0001233c                analogRead
 .text.analogWrite
                0x00012414      0x1d4 C:\Users\panda\AppData\Local\Temp\arduino\sketches\4D77A44A3605C64187FEB002B13978C1/..\..\cores\TinyCircuits_samd_tinyarcade_BuildOption_TAgame_671cb57aaf343a5cc514ad0bed195d1f\core.a(wiring_analog.c.o)
                0x00012414                analogWrite
 .text.pinMode  0x000125e8       0x98 C:\Users\panda\AppData\Local\Temp\arduino\sketches\4D77A44A3605C64187FEB002B13978C1/..\..\cores\TinyCircuits_samd_tinyarcade_BuildOption_TAgame_671cb57aaf343a5cc514ad0bed195d1f\core.a(wiring_digital.c.o)
                0x000125e8                pinMode
 .text.digitalWrite
                0x00012680       0x58 C:\Users\panda\AppData\Local\Temp\arduino\sketches\4D77A44A3605C64187FEB002B13978C1/..\..\cores\TinyCircuits_samd_tinyarcade_BuildOption_TAgame_671cb57aaf343a5cc514ad0bed195d1f\core.a(wiring_digital.c.o)
                0x00012680                digitalWrite
 .text.digitalRead
                0x000126d8       0x30 C:\Users\panda\AppData\Local\Temp\arduino\sketches\4D77A44A3605C64187FEB002B13978C1/..\..\cores\TinyCircuits_samd_tinyarcade_BuildOption_TAgame_671cb57aaf343a5cc514ad0bed195d1f\core.a(wiring_digital.c.o)
                0x000126d8                digitalRead
 .text.pinPeripheral
                0x00012708       0xc0 C:\Users\panda\AppData\Local\Temp\arduino\sketches\4D77A44A3605C64187FEB002B13978C1/..\..\cores\TinyCircuits_samd_tinyarcade_BuildOption_TAgame_671cb57aaf343a5cc514ad0bed195d1f\core.a(wiring_private.c.o)
                0x00012708                pinPeripheral
 .text.initiateReset
                0x000127c8       0x14 C:\Users\panda\AppData\Local\Temp\arduino\sketches\4D77A44A3605C64187FEB002B13978C1/..\..\cores\TinyCircuits_samd_tinyarcade_BuildOption_TAgame_671cb57aaf343a5cc514ad0bed195d1f\core.a(Reset.cpp.o)
                0x000127c8                initiateReset
 .text.cancelReset
                0x000127dc       0x10 C:\Users\panda\AppData\Local\Temp\arduino\sketches\4D77A44A3605C64187FEB002B13978C1/..\..\cores\TinyCircuits_samd_tinyarcade_BuildOption_TAgame_671cb57aaf343a5cc514ad0bed195d1f\core.a(Reset.cpp.o)
                0x000127dc                cancelReset
 .text.tickReset
                0x000127ec       0x78 C:\Users\panda\AppData\Local\Temp\arduino\sketches\4D77A44A3605C64187FEB002B13978C1/..\..\cores\TinyCircuits_samd_tinyarcade_BuildOption_TAgame_671cb57aaf343a5cc514ad0bed195d1f\core.a(Reset.cpp.o)
                0x000127ec                tickReset
 .text._ZN26DoubleBufferedEPOutHandlerD2Ev
                0x00012864        0x2 C:\Users\panda\AppData\Local\Temp\arduino\sketches\4D77A44A3605C64187FEB002B13978C1/..\..\cores\TinyCircuits_samd_tinyarcade_BuildOption_TAgame_671cb57aaf343a5cc514ad0bed195d1f\core.a(USBCore.cpp.o)
                0x00012864                DoubleBufferedEPOutHandler::~DoubleBufferedEPOutHandler()
                0x00012864                DoubleBufferedEPOutHandler::~DoubleBufferedEPOutHandler()
 .text._ZN26DoubleBufferedEPOutHandlerD0Ev
                0x00012866        0xc C:\Users\panda\AppData\Local\Temp\arduino\sketches\4D77A44A3605C64187FEB002B13978C1/..\..\cores\TinyCircuits_samd_tinyarcade_BuildOption_TAgame_671cb57aaf343a5cc514ad0bed195d1f\core.a(USBCore.cpp.o)
                0x00012866                DoubleBufferedEPOutHandler::~DoubleBufferedEPOutHandler()
 *fill*         0x00012872        0x2 
 .text._ZN14USBDeviceClass6initEPEmm.part.7
                0x00012874       0xc4 C:\Users\panda\AppData\Local\Temp\arduino\sketches\4D77A44A3605C64187FEB002B13978C1/..\..\cores\TinyCircuits_samd_tinyarcade_BuildOption_TAgame_671cb57aaf343a5cc514ad0bed195d1f\core.a(USBCore.cpp.o)
 .text._ZN7__GuardC2Ev
                0x00012938        0xe C:\Users\panda\AppData\Local\Temp\arduino\sketches\4D77A44A3605C64187FEB002B13978C1/..\..\cores\TinyCircuits_samd_tinyarcade_BuildOption_TAgame_671cb57aaf343a5cc514ad0bed195d1f\core.a(USBCore.cpp.o)
                0x00012938                __Guard::__Guard()
                0x00012938                __Guard::__Guard()
 .text._ZN7__GuardD2Ev
                0x00012946        0xe C:\Users\panda\AppData\Local\Temp\arduino\sketches\4D77A44A3605C64187FEB002B13978C1/..\..\cores\TinyCircuits_samd_tinyarcade_BuildOption_TAgame_671cb57aaf343a5cc514ad0bed195d1f\core.a(USBCore.cpp.o)
                0x00012946                __Guard::~__Guard()
                0x00012946                __Guard::~__Guard()
 .text._ZNK26DoubleBufferedEPOutHandler10_availableEv
                0x00012954       0x70 C:\Users\panda\AppData\Local\Temp\arduino\sketches\4D77A44A3605C64187FEB002B13978C1/..\..\cores\TinyCircuits_samd_tinyarcade_BuildOption_TAgame_671cb57aaf343a5cc514ad0bed195d1f\core.a(USBCore.cpp.o)
                0x00012954                DoubleBufferedEPOutHandler::_available() const
 .text._ZN26DoubleBufferedEPOutHandler7releaseEv
                0x000129c4       0x3c C:\Users\panda\AppData\Local\Temp\arduino\sketches\4D77A44A3605C64187FEB002B13978C1/..\..\cores\TinyCircuits_samd_tinyarcade_BuildOption_TAgame_671cb57aaf343a5cc514ad0bed195d1f\core.a(USBCore.cpp.o)
                0x000129c4                DoubleBufferedEPOutHandler::release()
 .text._ZN26DoubleBufferedEPOutHandler14handleEndpointEv
                0x00012a00       0xea C:\Users\panda\AppData\Local\Temp\arduino\sketches\4D77A44A3605C64187FEB002B13978C1/..\..\cores\TinyCircuits_samd_tinyarcade_BuildOption_TAgame_671cb57aaf343a5cc514ad0bed195d1f\core.a(USBCore.cpp.o)
                0x00012a00                DoubleBufferedEPOutHandler::handleEndpoint()
 .text._ZN26DoubleBufferedEPOutHandler5_recvEv
                0x00012aea      0x198 C:\Users\panda\AppData\Local\Temp\arduino\sketches\4D77A44A3605C64187FEB002B13978C1/..\..\cores\TinyCircuits_samd_tinyarcade_BuildOption_TAgame_671cb57aaf343a5cc514ad0bed195d1f\core.a(USBCore.cpp.o)
                0x00012aea                DoubleBufferedEPOutHandler::_recv()
 .text._ZN26DoubleBufferedEPOutHandler4peekEv
                0x00012c82       0x22 C:\Users\panda\AppData\Local\Temp\arduino\sketches\4D77A44A3605C64187FEB002B13978C1/..\..\cores\TinyCircuits_samd_tinyarcade_BuildOption_TAgame_671cb57aaf343a5cc514ad0bed195d1f\core.a(USBCore.cpp.o)
                0x00012c82                DoubleBufferedEPOutHandler::peek()
 .text._ZN26DoubleBufferedEPOutHandler9availableEv
                0x00012ca4       0x18 C:\Users\panda\AppData\Local\Temp\arduino\sketches\4D77A44A3605C64187FEB002B13978C1/..\..\cores\TinyCircuits_samd_tinyarcade_BuildOption_TAgame_671cb57aaf343a5cc514ad0bed195d1f\core.a(USBCore.cpp.o)
                0x00012ca4                DoubleBufferedEPOutHandler::available()
 .text._ZN26DoubleBufferedEPOutHandler4recvEPvm
                0x00012cbc       0x72 C:\Users\panda\AppData\Local\Temp\arduino\sketches\4D77A44A3605C64187FEB002B13978C1/..\..\cores\TinyCircuits_samd_tinyarcade_BuildOption_TAgame_671cb57aaf343a5cc514ad0bed195d1f\core.a(USBCore.cpp.o)
                0x00012cbc                DoubleBufferedEPOutHandler::recv(void*, unsigned long)
 .text._ZN14USBDeviceClass14SendInterfacesEPm
                0x00012d2e       0x20 C:\Users\panda\AppData\Local\Temp\arduino\sketches\4D77A44A3605C64187FEB002B13978C1/..\..\cores\TinyCircuits_samd_tinyarcade_BuildOption_TAgame_671cb57aaf343a5cc514ad0bed195d1f\core.a(USBCore.cpp.o)
                0x00012d2e                USBDeviceClass::SendInterfaces(unsigned long*)
 *fill*         0x00012d4e        0x2 
 .text._ZN14USBDeviceClass4initEv
                0x00012d50      0x144 C:\Users\panda\AppData\Local\Temp\arduino\sketches\4D77A44A3605C64187FEB002B13978C1/..\..\cores\TinyCircuits_samd_tinyarcade_BuildOption_TAgame_671cb57aaf343a5cc514ad0bed195d1f\core.a(USBCore.cpp.o)
                0x00012d50                USBDeviceClass::init()
 .text._ZN14USBDeviceClass6attachEv
                0x00012e94       0x34 C:\Users\panda\AppData\Local\Temp\arduino\sketches\4D77A44A3605C64187FEB002B13978C1/..\..\cores\TinyCircuits_samd_tinyarcade_BuildOption_TAgame_671cb57aaf343a5cc514ad0bed195d1f\core.a(USBCore.cpp.o)
                0x00012e94                USBDeviceClass::attach()
 .text._ZN14USBDeviceClass10setAddressEm
                0x00012ec8       0x48 C:\Users\panda\AppData\Local\Temp\arduino\sketches\4D77A44A3605C64187FEB002B13978C1/..\..\cores\TinyCircuits_samd_tinyarcade_BuildOption_TAgame_671cb57aaf343a5cc514ad0bed195d1f\core.a(USBCore.cpp.o)
                0x00012ec8                USBDeviceClass::setAddress(unsigned long)
 .text._ZN14USBDeviceClass25handleClassInterfaceSetupER8USBSetup
                0x00012f10       0x24 C:\Users\panda\AppData\Local\Temp\arduino\sketches\4D77A44A3605C64187FEB002B13978C1/..\..\cores\TinyCircuits_samd_tinyarcade_BuildOption_TAgame_671cb57aaf343a5cc514ad0bed195d1f\core.a(USBCore.cpp.o)
                0x00012f10                USBDeviceClass::handleClassInterfaceSetup(USBSetup&)
 .text._ZN14USBDeviceClass6initEPEmm
                0x00012f34      0x120 C:\Users\panda\AppData\Local\Temp\arduino\sketches\4D77A44A3605C64187FEB002B13978C1/..\..\cores\TinyCircuits_samd_tinyarcade_BuildOption_TAgame_671cb57aaf343a5cc514ad0bed195d1f\core.a(USBCore.cpp.o)
                0x00012f34                USBDeviceClass::initEP(unsigned long, unsigned long)
 .text._ZN14USBDeviceClass13initEndpointsEv
                0x00013054       0x24 C:\Users\panda\AppData\Local\Temp\arduino\sketches\4D77A44A3605C64187FEB002B13978C1/..\..\cores\TinyCircuits_samd_tinyarcade_BuildOption_TAgame_671cb57aaf343a5cc514ad0bed195d1f\core.a(USBCore.cpp.o)
                0x00013054                USBDeviceClass::initEndpoints()
 .text._ZN14USBDeviceClass5clearEm
                0x00013078       0x38 C:\Users\panda\AppData\Local\Temp\arduino\sketches\4D77A44A3605C64187FEB002B13978C1/..\..\cores\TinyCircuits_samd_tinyarcade_BuildOption_TAgame_671cb57aaf343a5cc514ad0bed195d1f\core.a(USBCore.cpp.o)
                0x00013078                USBDeviceClass::clear(unsigned long)
 .text._ZN14USBDeviceClass9availableEm
                0x000130b0       0x2c C:\Users\panda\AppData\Local\Temp\arduino\sketches\4D77A44A3605C64187FEB002B13978C1/..\..\cores\TinyCircuits_samd_tinyarcade_BuildOption_TAgame_671cb57aaf343a5cc514ad0bed195d1f\core.a(USBCore.cpp.o)
                0x000130b0                USBDeviceClass::available(unsigned long)
 .text._ZN14USBDeviceClass5flushEm
                0x000130dc       0x2c C:\Users\panda\AppData\Local\Temp\arduino\sketches\4D77A44A3605C64187FEB002B13978C1/..\..\cores\TinyCircuits_samd_tinyarcade_BuildOption_TAgame_671cb57aaf343a5cc514ad0bed195d1f\core.a(USBCore.cpp.o)
                0x000130dc                USBDeviceClass::flush(unsigned long)
 .text._ZN14USBDeviceClass4recvEmPvm
                0x00013108       0xc0 C:\Users\panda\AppData\Local\Temp\arduino\sketches\4D77A44A3605C64187FEB002B13978C1/..\..\cores\TinyCircuits_samd_tinyarcade_BuildOption_TAgame_671cb57aaf343a5cc514ad0bed195d1f\core.a(USBCore.cpp.o)
                0x00013108                USBDeviceClass::recv(unsigned long, void*, unsigned long)
 .text._ZN14USBDeviceClass4recvEm
                0x000131c8       0x1c C:\Users\panda\AppData\Local\Temp\arduino\sketches\4D77A44A3605C64187FEB002B13978C1/..\..\cores\TinyCircuits_samd_tinyarcade_BuildOption_TAgame_671cb57aaf343a5cc514ad0bed195d1f\core.a(USBCore.cpp.o)
                0x000131c8                USBDeviceClass::recv(unsigned long)
 .text._ZN14USBDeviceClass14armRecvCtrlOUTEm
                0x000131e4       0x5c C:\Users\panda\AppData\Local\Temp\arduino\sketches\4D77A44A3605C64187FEB002B13978C1/..\..\cores\TinyCircuits_samd_tinyarcade_BuildOption_TAgame_671cb57aaf343a5cc514ad0bed195d1f\core.a(USBCore.cpp.o)
                0x000131e4                USBDeviceClass::armRecvCtrlOUT(unsigned long)
 .text._ZN14USBDeviceClass11recvControlEPvm
                0x00013240       0x28 C:\Users\panda\AppData\Local\Temp\arduino\sketches\4D77A44A3605C64187FEB002B13978C1/..\..\cores\TinyCircuits_samd_tinyarcade_BuildOption_TAgame_671cb57aaf343a5cc514ad0bed195d1f\core.a(USBCore.cpp.o)
                0x00013240                USBDeviceClass::recvControl(void*, unsigned long)
 .text._ZN14USBDeviceClass4sendEmPKvm
                0x00013268      0x10c C:\Users\panda\AppData\Local\Temp\arduino\sketches\4D77A44A3605C64187FEB002B13978C1/..\..\cores\TinyCircuits_samd_tinyarcade_BuildOption_TAgame_671cb57aaf343a5cc514ad0bed195d1f\core.a(USBCore.cpp.o)
                0x00013268                USBDeviceClass::send(unsigned long, void const*, unsigned long)
 .text._ZN14USBDeviceClass7armSendEmPKvm
                0x00013374       0x48 C:\Users\panda\AppData\Local\Temp\arduino\sketches\4D77A44A3605C64187FEB002B13978C1/..\..\cores\TinyCircuits_samd_tinyarcade_BuildOption_TAgame_671cb57aaf343a5cc514ad0bed195d1f\core.a(USBCore.cpp.o)
                0x00013374                USBDeviceClass::armSend(unsigned long, void const*, unsigned long)
 .text._ZN14USBDeviceClass11sendControlEPKvm
                0x000133bc       0x54 C:\Users\panda\AppData\Local\Temp\arduino\sketches\4D77A44A3605C64187FEB002B13978C1/..\..\cores\TinyCircuits_samd_tinyarcade_BuildOption_TAgame_671cb57aaf343a5cc514ad0bed195d1f\core.a(USBCore.cpp.o)
                0x000133bc                USBDeviceClass::sendControl(void const*, unsigned long)
 .text._ZN14USBDeviceClass20sendStringDescriptorEPKhm
                0x00013410       0x64 C:\Users\panda\AppData\Local\Temp\arduino\sketches\4D77A44A3605C64187FEB002B13978C1/..\..\cores\TinyCircuits_samd_tinyarcade_BuildOption_TAgame_671cb57aaf343a5cc514ad0bed195d1f\core.a(USBCore.cpp.o)
                0x00013410                USBDeviceClass::sendStringDescriptor(unsigned char const*, unsigned long)
 .text._ZN14USBDeviceClass17sendConfigurationEm
                0x00013474       0x80 C:\Users\panda\AppData\Local\Temp\arduino\sketches\4D77A44A3605C64187FEB002B13978C1/..\..\cores\TinyCircuits_samd_tinyarcade_BuildOption_TAgame_671cb57aaf343a5cc514ad0bed195d1f\core.a(USBCore.cpp.o)
                0x00013474                USBDeviceClass::sendConfiguration(unsigned long)
 .text._ZN14USBDeviceClass14sendDescriptorER8USBSetup
                0x000134f4       0xe0 C:\Users\panda\AppData\Local\Temp\arduino\sketches\4D77A44A3605C64187FEB002B13978C1/..\..\cores\TinyCircuits_samd_tinyarcade_BuildOption_TAgame_671cb57aaf343a5cc514ad0bed195d1f\core.a(USBCore.cpp.o)
                0x000134f4                USBDeviceClass::sendDescriptor(USBSetup&)
 .text._ZN14USBDeviceClass7sendZlpEm
                0x000135d4       0x18 C:\Users\panda\AppData\Local\Temp\arduino\sketches\4D77A44A3605C64187FEB002B13978C1/..\..\cores\TinyCircuits_samd_tinyarcade_BuildOption_TAgame_671cb57aaf343a5cc514ad0bed195d1f\core.a(USBCore.cpp.o)
                0x000135d4                USBDeviceClass::sendZlp(unsigned long)
 .text._ZN14USBDeviceClass19handleStandardSetupER8USBSetup
                0x000135ec       0xf0 C:\Users\panda\AppData\Local\Temp\arduino\sketches\4D77A44A3605C64187FEB002B13978C1/..\..\cores\TinyCircuits_samd_tinyarcade_BuildOption_TAgame_671cb57aaf343a5cc514ad0bed195d1f\core.a(USBCore.cpp.o)
                0x000135ec                USBDeviceClass::handleStandardSetup(USBSetup&)
 .text._ZN14USBDeviceClass10ISRHandlerEv
                0x000136dc      0x108 C:\Users\panda\AppData\Local\Temp\arduino\sketches\4D77A44A3605C64187FEB002B13978C1/..\..\cores\TinyCircuits_samd_tinyarcade_BuildOption_TAgame_671cb57aaf343a5cc514ad0bed195d1f\core.a(USBCore.cpp.o)
                0x000136dc                USBDeviceClass::ISRHandler()
 .text.UDD_Handler
                0x000137e4       0x10 C:\Users\panda\AppData\Local\Temp\arduino\sketches\4D77A44A3605C64187FEB002B13978C1/..\..\cores\TinyCircuits_samd_tinyarcade_BuildOption_TAgame_671cb57aaf343a5cc514ad0bed195d1f\core.a(USBCore.cpp.o)
                0x000137e4                UDD_Handler
 .text.startup._GLOBAL__sub_I_usbd
                0x000137f4       0x10 C:\Users\panda\AppData\Local\Temp\arduino\sketches\4D77A44A3605C64187FEB002B13978C1/..\..\cores\TinyCircuits_samd_tinyarcade_BuildOption_TAgame_671cb57aaf343a5cc514ad0bed195d1f\core.a(USBCore.cpp.o)
 .text._Znwj    0x00013804        0x8 C:\Users\panda\AppData\Local\Temp\arduino\sketches\4D77A44A3605C64187FEB002B13978C1/..\..\cores\TinyCircuits_samd_tinyarcade_BuildOption_TAgame_671cb57aaf343a5cc514ad0bed195d1f\core.a(new.cpp.o)
                0x00013804                operator new(unsigned int)
 .text._ZdlPv   0x0001380c        0x8 C:\Users\panda\AppData\Local\Temp\arduino\sketches\4D77A44A3605C64187FEB002B13978C1/..\..\cores\TinyCircuits_samd_tinyarcade_BuildOption_TAgame_671cb57aaf343a5cc514ad0bed195d1f\core.a(new.cpp.o)
                0x0001380c                operator delete(void*)
 .text._ZN7Serial_13getDescriptorER8USBSetup
                0x00013814        0x4 C:\Users\panda\AppData\Local\Temp\arduino\sketches\4D77A44A3605C64187FEB002B13978C1/..\..\cores\TinyCircuits_samd_tinyarcade_BuildOption_TAgame_671cb57aaf343a5cc514ad0bed195d1f\core.a(CDC.cpp.o)
                0x00013814                Serial_::getDescriptor(USBSetup&)
 .text._ZL5utox8mPc
                0x00013818       0x24 C:\Users\panda\AppData\Local\Temp\arduino\sketches\4D77A44A3605C64187FEB002B13978C1/..\..\cores\TinyCircuits_samd_tinyarcade_BuildOption_TAgame_671cb57aaf343a5cc514ad0bed195d1f\core.a(CDC.cpp.o)
 .text._ZN7Serial_12getShortNameEPc
                0x0001383c       0x44 C:\Users\panda\AppData\Local\Temp\arduino\sketches\4D77A44A3605C64187FEB002B13978C1/..\..\cores\TinyCircuits_samd_tinyarcade_BuildOption_TAgame_671cb57aaf343a5cc514ad0bed195d1f\core.a(CDC.cpp.o)
                0x0001383c                Serial_::getShortName(char*)
 .text._ZThn16_N7Serial_12getShortNameEPc
                0x00013880       0x10 C:\Users\panda\AppData\Local\Temp\arduino\sketches\4D77A44A3605C64187FEB002B13978C1/..\..\cores\TinyCircuits_samd_tinyarcade_BuildOption_TAgame_671cb57aaf343a5cc514ad0bed195d1f\core.a(CDC.cpp.o)
                0x00013880                non-virtual thunk to Serial_::getShortName(char*)
 .text._ZN7Serial_14handleEndpointEi
                0x00013890        0x2 C:\Users\panda\AppData\Local\Temp\arduino\sketches\4D77A44A3605C64187FEB002B13978C1/..\..\cores\TinyCircuits_samd_tinyarcade_BuildOption_TAgame_671cb57aaf343a5cc514ad0bed195d1f\core.a(CDC.cpp.o)
                0x00013890                Serial_::handleEndpoint(int)
 .text._ZN7Serial_17availableForWriteEv
                0x00013892        0x4 C:\Users\panda\AppData\Local\Temp\arduino\sketches\4D77A44A3605C64187FEB002B13978C1/..\..\cores\TinyCircuits_samd_tinyarcade_BuildOption_TAgame_671cb57aaf343a5cc514ad0bed195d1f\core.a(CDC.cpp.o)
                0x00013892                Serial_::availableForWrite()
 .text._ZN7Serial_5writeEh
                0x00013896       0x14 C:\Users\panda\AppData\Local\Temp\arduino\sketches\4D77A44A3605C64187FEB002B13978C1/..\..\cores\TinyCircuits_samd_tinyarcade_BuildOption_TAgame_671cb57aaf343a5cc514ad0bed195d1f\core.a(CDC.cpp.o)
                0x00013896                Serial_::write(unsigned char)
 *fill*         0x000138aa        0x2 
 .text._ZN7Serial_12getInterfaceEPh
                0x000138ac      0x11c C:\Users\panda\AppData\Local\Temp\arduino\sketches\4D77A44A3605C64187FEB002B13978C1/..\..\cores\TinyCircuits_samd_tinyarcade_BuildOption_TAgame_671cb57aaf343a5cc514ad0bed195d1f\core.a(CDC.cpp.o)
                0x000138ac                Serial_::getInterface(unsigned char*)
 .text._ZThn16_N7Serial_12getInterfaceEPh
                0x000139c8       0x10 C:\Users\panda\AppData\Local\Temp\arduino\sketches\4D77A44A3605C64187FEB002B13978C1/..\..\cores\TinyCircuits_samd_tinyarcade_BuildOption_TAgame_671cb57aaf343a5cc514ad0bed195d1f\core.a(CDC.cpp.o)
                0x000139c8                non-virtual thunk to Serial_::getInterface(unsigned char*)
 .text._ZN7Serial_5setupER8USBSetup
                0x000139d8       0xa8 C:\Users\panda\AppData\Local\Temp\arduino\sketches\4D77A44A3605C64187FEB002B13978C1/..\..\cores\TinyCircuits_samd_tinyarcade_BuildOption_TAgame_671cb57aaf343a5cc514ad0bed195d1f\core.a(CDC.cpp.o)
                0x000139d8                Serial_::setup(USBSetup&)
 .text._ZThn16_N7Serial_5setupER8USBSetup
                0x00013a80       0x10 C:\Users\panda\AppData\Local\Temp\arduino\sketches\4D77A44A3605C64187FEB002B13978C1/..\..\cores\TinyCircuits_samd_tinyarcade_BuildOption_TAgame_671cb57aaf343a5cc514ad0bed195d1f\core.a(CDC.cpp.o)
                0x00013a80                non-virtual thunk to Serial_::setup(USBSetup&)
 .text._ZN7Serial_9availableEv
                0x00013a90       0x20 C:\Users\panda\AppData\Local\Temp\arduino\sketches\4D77A44A3605C64187FEB002B13978C1/..\..\cores\TinyCircuits_samd_tinyarcade_BuildOption_TAgame_671cb57aaf343a5cc514ad0bed195d1f\core.a(CDC.cpp.o)
                0x00013a90                Serial_::available()
 .text._ZN7Serial_5flushEv
                0x00013ab0        0xe C:\Users\panda\AppData\Local\Temp\arduino\sketches\4D77A44A3605C64187FEB002B13978C1/..\..\cores\TinyCircuits_samd_tinyarcade_BuildOption_TAgame_671cb57aaf343a5cc514ad0bed195d1f\core.a(CDC.cpp.o)
                0x00013ab0                Serial_::flush()
 .text._ZN7Serial_5clearEv
                0x00013abe        0xe C:\Users\panda\AppData\Local\Temp\arduino\sketches\4D77A44A3605C64187FEB002B13978C1/..\..\cores\TinyCircuits_samd_tinyarcade_BuildOption_TAgame_671cb57aaf343a5cc514ad0bed195d1f\core.a(CDC.cpp.o)
                0x00013abe                Serial_::clear()
 .text._ZN7Serial_5writeEPKhj
                0x00013acc       0x1e C:\Users\panda\AppData\Local\Temp\arduino\sketches\4D77A44A3605C64187FEB002B13978C1/..\..\cores\TinyCircuits_samd_tinyarcade_BuildOption_TAgame_671cb57aaf343a5cc514ad0bed195d1f\core.a(CDC.cpp.o)
                0x00013acc                Serial_::write(unsigned char const*, unsigned int)
 *fill*         0x00013aea        0x2 
 .text._ZN7Serial_4peekEv
                0x00013aec       0x1c C:\Users\panda\AppData\Local\Temp\arduino\sketches\4D77A44A3605C64187FEB002B13978C1/..\..\cores\TinyCircuits_samd_tinyarcade_BuildOption_TAgame_671cb57aaf343a5cc514ad0bed195d1f\core.a(CDC.cpp.o)
                0x00013aec                Serial_::peek()
 .text._ZN7Serial_4readEv
                0x00013b08       0x24 C:\Users\panda\AppData\Local\Temp\arduino\sketches\4D77A44A3605C64187FEB002B13978C1/..\..\cores\TinyCircuits_samd_tinyarcade_BuildOption_TAgame_671cb57aaf343a5cc514ad0bed195d1f\core.a(CDC.cpp.o)
                0x00013b08                Serial_::read()
 .text._ZThn16_N7Serial_14handleEndpointEi
                0x00013b2c        0x2 C:\Users\panda\AppData\Local\Temp\arduino\sketches\4D77A44A3605C64187FEB002B13978C1/..\..\cores\TinyCircuits_samd_tinyarcade_BuildOption_TAgame_671cb57aaf343a5cc514ad0bed195d1f\core.a(CDC.cpp.o)
                0x00013b2c                non-virtual thunk to Serial_::handleEndpoint(int)
 .text._ZThn16_N7Serial_13getDescriptorER8USBSetup
                0x00013b2e        0x4 C:\Users\panda\AppData\Local\Temp\arduino\sketches\4D77A44A3605C64187FEB002B13978C1/..\..\cores\TinyCircuits_samd_tinyarcade_BuildOption_TAgame_671cb57aaf343a5cc514ad0bed195d1f\core.a(CDC.cpp.o)
                0x00013b2e                non-virtual thunk to Serial_::getDescriptor(USBSetup&)
 *fill*         0x00013b32        0x2 
 .text._ZN7Serial_C2ER14USBDeviceClass
                0x00013b34       0x50 C:\Users\panda\AppData\Local\Temp\arduino\sketches\4D77A44A3605C64187FEB002B13978C1/..\..\cores\TinyCircuits_samd_tinyarcade_BuildOption_TAgame_671cb57aaf343a5cc514ad0bed195d1f\core.a(CDC.cpp.o)
                0x00013b34                Serial_::Serial_(USBDeviceClass&)
                0x00013b34                Serial_::Serial_(USBDeviceClass&)
 .text._ZN7Serial_15enableInterruptEv
                0x00013b84       0x30 C:\Users\panda\AppData\Local\Temp\arduino\sketches\4D77A44A3605C64187FEB002B13978C1/..\..\cores\TinyCircuits_samd_tinyarcade_BuildOption_TAgame_671cb57aaf343a5cc514ad0bed195d1f\core.a(CDC.cpp.o)
                0x00013b84                Serial_::enableInterrupt()
 .text._ZN7Serial_5beginEm
                0x00013bb4        0x2 C:\Users\panda\AppData\Local\Temp\arduino\sketches\4D77A44A3605C64187FEB002B13978C1/..\..\cores\TinyCircuits_samd_tinyarcade_BuildOption_TAgame_671cb57aaf343a5cc514ad0bed195d1f\core.a(CDC.cpp.o)
                0x00013bb4                Serial_::begin(unsigned long)
 *fill*         0x00013bb6        0x2 
 .text.startup._GLOBAL__sub_I__ZN7Serial_12getInterfaceEPh
                0x00013bb8       0x14 C:\Users\panda\AppData\Local\Temp\arduino\sketches\4D77A44A3605C64187FEB002B13978C1/..\..\cores\TinyCircuits_samd_tinyarcade_BuildOption_TAgame_671cb57aaf343a5cc514ad0bed195d1f\core.a(CDC.cpp.o)
 .text._ZN13PluggableUSB_12getInterfaceEPh
                0x00013bcc       0x28 C:\Users\panda\AppData\Local\Temp\arduino\sketches\4D77A44A3605C64187FEB002B13978C1/..\..\cores\TinyCircuits_samd_tinyarcade_BuildOption_TAgame_671cb57aaf343a5cc514ad0bed195d1f\core.a(PluggableUSB.cpp.o)
                0x00013bcc                PluggableUSB_::getInterface(unsigned char*)
 .text._ZN13PluggableUSB_13getDescriptorER8USBSetup
                0x00013bf4       0x20 C:\Users\panda\AppData\Local\Temp\arduino\sketches\4D77A44A3605C64187FEB002B13978C1/..\..\cores\TinyCircuits_samd_tinyarcade_BuildOption_TAgame_671cb57aaf343a5cc514ad0bed195d1f\core.a(PluggableUSB.cpp.o)
                0x00013bf4                PluggableUSB_::getDescriptor(USBSetup&)
 .text._ZN13PluggableUSB_12getShortNameEPc
                0x00013c14       0x26 C:\Users\panda\AppData\Local\Temp\arduino\sketches\4D77A44A3605C64187FEB002B13978C1/..\..\cores\TinyCircuits_samd_tinyarcade_BuildOption_TAgame_671cb57aaf343a5cc514ad0bed195d1f\core.a(PluggableUSB.cpp.o)
                0x00013c14                PluggableUSB_::getShortName(char*)
 .text._ZN13PluggableUSB_5setupER8USBSetup
                0x00013c3a       0x20 C:\Users\panda\AppData\Local\Temp\arduino\sketches\4D77A44A3605C64187FEB002B13978C1/..\..\cores\TinyCircuits_samd_tinyarcade_BuildOption_TAgame_671cb57aaf343a5cc514ad0bed195d1f\core.a(PluggableUSB.cpp.o)
                0x00013c3a                PluggableUSB_::setup(USBSetup&)
 .text._ZN13PluggableUSB_14handleEndpointEi
                0x00013c5a       0x1a C:\Users\panda\AppData\Local\Temp\arduino\sketches\4D77A44A3605C64187FEB002B13978C1/..\..\cores\TinyCircuits_samd_tinyarcade_BuildOption_TAgame_671cb57aaf343a5cc514ad0bed195d1f\core.a(PluggableUSB.cpp.o)
                0x00013c5a                PluggableUSB_::handleEndpoint(int)
 .text._ZN13PluggableUSB_4plugEP18PluggableUSBModule
                0x00013c74       0x58 C:\Users\panda\AppData\Local\Temp\arduino\sketches\4D77A44A3605C64187FEB002B13978C1/..\..\cores\TinyCircuits_samd_tinyarcade_BuildOption_TAgame_671cb57aaf343a5cc514ad0bed195d1f\core.a(PluggableUSB.cpp.o)
                0x00013c74                PluggableUSB_::plug(PluggableUSBModule*)
 .text._Z12PluggableUSBv
                0x00013ccc       0x24 C:\Users\panda\AppData\Local\Temp\arduino\sketches\4D77A44A3605C64187FEB002B13978C1/..\..\cores\TinyCircuits_samd_tinyarcade_BuildOption_TAgame_671cb57aaf343a5cc514ad0bed195d1f\core.a(PluggableUSB.cpp.o)
                0x00013ccc                PluggableUSB()
 .text          0x00013cf0       0x14 c:/users/panda/appdata/local/arduino15/packages/arduino/tools/arm-none-eabi-gcc/7-2017q4/bin/../lib/gcc/arm-none-eabi/7.2.1/thumb/v6-m\libgcc.a(_thumb1_case_uqi.o)
                0x00013cf0                __gnu_thumb1_case_uqi
 .text          0x00013d04      0x114 c:/users/panda/appdata/local/arduino15/packages/arduino/tools/arm-none-eabi-gcc/7-2017q4/bin/../lib/gcc/arm-none-eabi/7.2.1/thumb/v6-m\libgcc.a(_udivsi3.o)
                0x00013d04                __aeabi_uidiv
                0x00013d04                __udivsi3
                0x00013e10                __aeabi_uidivmod
 .text          0x00013e18      0x1d4 c:/users/panda/appdata/local/arduino15/packages/arduino/tools/arm-none-eabi-gcc/7-2017q4/bin/../lib/gcc/arm-none-eabi/7.2.1/thumb/v6-m\libgcc.a(_divsi3.o)
                0x00013e18                __divsi3
                0x00013e18                __aeabi_idiv
                0x00013fe4                __aeabi_idivmod
 .text          0x00013fec        0x4 c:/users/panda/appdata/local/arduino15/packages/arduino/tools/arm-none-eabi-gcc/7-2017q4/bin/../lib/gcc/arm-none-eabi/7.2.1/thumb/v6-m\libgcc.a(_dvmd_tls.o)
                0x00013fec                __aeabi_idiv0
                0x00013fec                __aeabi_ldiv0
 .text.__libc_init_array
                0x00013ff0       0x48 c:/users/panda/appdata/local/arduino15/packages/arduino/tools/arm-none-eabi-gcc/7-2017q4/bin/../lib/gcc/arm-none-eabi/7.2.1/../../../../arm-none-eabi/lib/thumb/v6-m\libc_nano.a(lib_a-init.o)
                0x00013ff0                __libc_init_array
 .text.malloc   0x00014038       0x14 c:/users/panda/appdata/local/arduino15/packages/arduino/tools/arm-none-eabi-gcc/7-2017q4/bin/../lib/gcc/arm-none-eabi/7.2.1/../../../../arm-none-eabi/lib/thumb/v6-m\libc_nano.a(lib_a-malloc.o)
                0x00014038                malloc
 .text.free     0x0001404c       0x14 c:/users/panda/appdata/local/arduino15/packages/arduino/tools/arm-none-eabi-gcc/7-2017q4/bin/../lib/gcc/arm-none-eabi/7.2.1/../../../../arm-none-eabi/lib/thumb/v6-m\libc_nano.a(lib_a-malloc.o)
                0x0001404c                free
 .text.memcpy   0x00014060       0x12 c:/users/panda/appdata/local/arduino15/packages/arduino/tools/arm-none-eabi-gcc/7-2017q4/bin/../lib/gcc/arm-none-eabi/7.2.1/../../../../arm-none-eabi/lib/thumb/v6-m\libc_nano.a(lib_a-memcpy-stub.o)
                0x00014060                memcpy
 .text.memset   0x00014072       0x10 c:/users/panda/appdata/local/arduino15/packages/arduino/tools/arm-none-eabi-gcc/7-2017q4/bin/../lib/gcc/arm-none-eabi/7.2.1/../../../../arm-none-eabi/lib/thumb/v6-m\libc_nano.a(lib_a-memset.o)
                0x00014072                memset
 *fill*         0x00014082        0x2 
 .text._free_r  0x00014084       0x94 c:/users/panda/appdata/local/arduino15/packages/arduino/tools/arm-none-eabi-gcc/7-2017q4/bin/../lib/gcc/arm-none-eabi/7.2.1/../../../../arm-none-eabi/lib/thumb/v6-m\libc_nano.a(lib_a-nano-freer.o)
                0x00014084                _free_r
 .text._malloc_r
                0x00014118       0xbc c:/users/panda/appdata/local/arduino15/packages/arduino/tools/arm-none-eabi-gcc/7-2017q4/bin/../lib/gcc/arm-none-eabi/7.2.1/../../../../arm-none-eabi/lib/thumb/v6-m\libc_nano.a(lib_a-nano-mallocr.o)
                0x00014118                _malloc_r
 .text._sbrk_r  0x000141d4       0x24 c:/users/panda/appdata/local/arduino15/packages/arduino/tools/arm-none-eabi-gcc/7-2017q4/bin/../lib/gcc/arm-none-eabi/7.2.1/../../../../arm-none-eabi/lib/thumb/v6-m\libc_nano.a(lib_a-sbrkr.o)
                0x000141d4                _sbrk_r
 .text          0x000141f8        0xe c:/users/panda/appdata/local/arduino15/packages/arduino/tools/arm-none-eabi-gcc/7-2017q4/bin/../lib/gcc/arm-none-eabi/7.2.1/../../../../arm-none-eabi/lib/thumb/v6-m\libc_nano.a(lib_a-strlen.o)
                0x000141f8                strlen
 .text.__malloc_lock
                0x00014206        0x2 c:/users/panda/appdata/local/arduino15/packages/arduino/tools/arm-none-eabi-gcc/7-2017q4/bin/../lib/gcc/arm-none-eabi/7.2.1/../../../../arm-none-eabi/lib/thumb/v6-m\libc_nano.a(lib_a-mlock.o)
                0x00014206                __malloc_lock
 .text.__malloc_unlock
                0x00014208        0x2 c:/users/panda/appdata/local/arduino15/packages/arduino/tools/arm-none-eabi-gcc/7-2017q4/bin/../lib/gcc/arm-none-eabi/7.2.1/../../../../arm-none-eabi/lib/thumb/v6-m\libc_nano.a(lib_a-mlock.o)
                0x00014208                __malloc_unlock
 *fill*         0x0001420a        0x2 
 .text._sbrk    0x0001420c       0x1c c:/users/panda/appdata/local/arduino15/packages/arduino/tools/arm-none-eabi-gcc/7-2017q4/bin/../lib/gcc/arm-none-eabi/7.2.1/../../../../arm-none-eabi/lib/thumb/v6-m\libnosys.a(sbrk.o)
                0x0001420c                _sbrk
 *(.init)
 .init          0x00014228        0x4 c:/users/panda/appdata/local/arduino15/packages/arduino/tools/arm-none-eabi-gcc/7-2017q4/bin/../lib/gcc/arm-none-eabi/7.2.1/thumb/v6-m/crti.o
                0x00014228                _init
 .init          0x0001422c        0x8 c:/users/panda/appdata/local/arduino15/packages/arduino/tools/arm-none-eabi-gcc/7-2017q4/bin/../lib/gcc/arm-none-eabi/7.2.1/thumb/v6-m/crtn.o
 *(.fini)
 .fini          0x00014234        0x4 c:/users/panda/appdata/local/arduino15/packages/arduino/tools/arm-none-eabi-gcc/7-2017q4/bin/../lib/gcc/arm-none-eabi/7.2.1/thumb/v6-m/crti.o
                0x00014234                _fini
 .fini          0x00014238        0x8 c:/users/panda/appdata/local/arduino15/packages/arduino/tools/arm-none-eabi-gcc/7-2017q4/bin/../lib/gcc/arm-none-eabi/7.2.1/thumb/v6-m/crtn.o
 *crtbegin.o(.ctors)
 *crtbegin?.o(.ctors)
 *(EXCLUDE_FILE(*crtend.o *crtend?.o) .ctors)
 *(SORT_BY_NAME(.ctors.*))
 *(.ctors)
 *crtbegin.o(.dtors)
 *crtbegin?.o(.dtors)
 *(EXCLUDE_FILE(*crtend.o *crtend?.o) .dtors)
 *(SORT_BY_NAME(.dtors.*))
 *(.dtors)
 *(.rodata*)
 .rodata._ZL22thinPixel7_10ptBitmaps
                0x00014240      0x3b6 C:\Users\panda\AppData\Local\Temp\arduino\sketches\4D77A44A3605C64187FEB002B13978C1\sketch\GdArcade.ino.cpp.o
 *fill*         0x000145f6        0x2 
 .rodata._ZL23thinPixel7_10ptFontInfo
                0x000145f8        0xc C:\Users\panda\AppData\Local\Temp\arduino\sketches\4D77A44A3605C64187FEB002B13978C1\sketch\GdArcade.ino.cpp.o
 .rodata._ZL26thinPixel7_10ptDescriptors
                0x00014604      0x17c C:\Users\panda\AppData\Local\Temp\arduino\sketches\4D77A44A3605C64187FEB002B13978C1\sketch\GdArcade.ino.cpp.o
 .rodata        0x00014780       0x20 C:\Users\panda\AppData\Local\Temp\arduino\sketches\4D77A44A3605C64187FEB002B13978C1\libraries\TinyScreen\TinyScreen.cpp.o
 .rodata._ZTV10TinyScreen
                0x000147a0       0x18 C:\Users\panda\AppData\Local\Temp\arduino\sketches\4D77A44A3605C64187FEB002B13978C1\libraries\TinyScreen\TinyScreen.cpp.o
                0x000147a0                vtable for TinyScreen
 .rodata._ZTV7TwoWire
                0x000147b8       0x24 C:\Users\panda\AppData\Local\Temp\arduino\sketches\4D77A44A3605C64187FEB002B13978C1\libraries\Wire\Wire.cpp.o
                0x000147b8                vtable for TwoWire
 .rodata.g_APinDescription
                0x000147dc      0x450 C:\Users\panda\AppData\Local\Temp\arduino\sketches\4D77A44A3605C64187FEB002B13978C1\core\variant.cpp.o
                0x000147dc                g_APinDescription
 .rodata._ZTV4Uart
                0x00014c2c       0x34 C:\Users\panda\AppData\Local\Temp\arduino\sketches\4D77A44A3605C64187FEB002B13978C1/..\..\cores\TinyCircuits_samd_tinyarcade_BuildOption_TAgame_671cb57aaf343a5cc514ad0bed195d1f\core.a(Uart.cpp.o)
                0x00014c2c                vtable for Uart
 .rodata        0x00014c60       0x10 C:\Users\panda\AppData\Local\Temp\arduino\sketches\4D77A44A3605C64187FEB002B13978C1/..\..\cores\TinyCircuits_samd_tinyarcade_BuildOption_TAgame_671cb57aaf343a5cc514ad0bed195d1f\core.a(wiring_analog.c.o)
 .rodata._ZTV26DoubleBufferedEPOutHandler
                0x00014c70       0x24 C:\Users\panda\AppData\Local\Temp\arduino\sketches\4D77A44A3605C64187FEB002B13978C1/..\..\cores\TinyCircuits_samd_tinyarcade_BuildOption_TAgame_671cb57aaf343a5cc514ad0bed195d1f\core.a(USBCore.cpp.o)
                0x00014c70                vtable for DoubleBufferedEPOutHandler
 .rodata._ZL14STRING_PRODUCT
                0x00014c94        0xb C:\Users\panda\AppData\Local\Temp\arduino\sketches\4D77A44A3605C64187FEB002B13978C1/..\..\cores\TinyCircuits_samd_tinyarcade_BuildOption_TAgame_671cb57aaf343a5cc514ad0bed195d1f\core.a(USBCore.cpp.o)
 *fill*         0x00014c9f        0x1 
 .rodata._ZL15STRING_LANGUAGE
                0x00014ca0        0x4 C:\Users\panda\AppData\Local\Temp\arduino\sketches\4D77A44A3605C64187FEB002B13978C1/..\..\cores\TinyCircuits_samd_tinyarcade_BuildOption_TAgame_671cb57aaf343a5cc514ad0bed195d1f\core.a(USBCore.cpp.o)
 .rodata._ZL19STRING_MANUFACTURER
                0x00014ca4        0xd C:\Users\panda\AppData\Local\Temp\arduino\sketches\4D77A44A3605C64187FEB002B13978C1/..\..\cores\TinyCircuits_samd_tinyarcade_BuildOption_TAgame_671cb57aaf343a5cc514ad0bed195d1f\core.a(USBCore.cpp.o)
 .rodata._ZL21USB_DeviceDescriptorB
                0x00014cb1       0x12 C:\Users\panda\AppData\Local\Temp\arduino\sketches\4D77A44A3605C64187FEB002B13978C1/..\..\cores\TinyCircuits_samd_tinyarcade_BuildOption_TAgame_671cb57aaf343a5cc514ad0bed195d1f\core.a(USBCore.cpp.o)
 *fill*         0x00014cc3        0x1 
 .rodata._ZTV7Serial_
                0x00014cc4       0x58 C:\Users\panda\AppData\Local\Temp\arduino\sketches\4D77A44A3605C64187FEB002B13978C1/..\..\cores\TinyCircuits_samd_tinyarcade_BuildOption_TAgame_671cb57aaf343a5cc514ad0bed195d1f\core.a(CDC.cpp.o)
                0x00014cc4                vtable for Serial_
 .rodata.__sf_fake_stderr
                0x00014d1c       0x20 c:/users/panda/appdata/local/arduino15/packages/arduino/tools/arm-none-eabi-gcc/7-2017q4/bin/../lib/gcc/arm-none-eabi/7.2.1/../../../../arm-none-eabi/lib/thumb/v6-m\libc_nano.a(lib_a-findfp.o)
                0x00014d1c                __sf_fake_stderr
 .rodata.__sf_fake_stdin
                0x00014d3c       0x20 c:/users/panda/appdata/local/arduino15/packages/arduino/tools/arm-none-eabi-gcc/7-2017q4/bin/../lib/gcc/arm-none-eabi/7.2.1/../../../../arm-none-eabi/lib/thumb/v6-m\libc_nano.a(lib_a-findfp.o)
                0x00014d3c                __sf_fake_stdin
 .rodata.__sf_fake_stdout
                0x00014d5c       0x20 c:/users/panda/appdata/local/arduino15/packages/arduino/tools/arm-none-eabi-gcc/7-2017q4/bin/../lib/gcc/arm-none-eabi/7.2.1/../../../../arm-none-eabi/lib/thumb/v6-m\libc_nano.a(lib_a-findfp.o)
                0x00014d5c                __sf_fake_stdout
 *(.eh_frame*)
 .eh_frame      0x00014d7c        0x0 c:/users/panda/appdata/local/arduino15/packages/arduino/tools/arm-none-eabi-gcc/7-2017q4/bin/../lib/gcc/arm-none-eabi/7.2.1/thumb/v6-m/crtbegin.o
 .eh_frame      0x00014d7c        0x4 c:/users/panda/appdata/local/arduino15/packages/arduino/tools/arm-none-eabi-gcc/7-2017q4/bin/../lib/gcc/arm-none-eabi/7.2.1/thumb/v6-m/crtend.o

.glue_7         0x00014d80        0x0
 .glue_7        0x00014d80        0x0 linker stubs

.glue_7t        0x00014d80        0x0
 .glue_7t       0x00014d80        0x0 linker stubs

.vfp11_veneer   0x00014d80        0x0
 .vfp11_veneer  0x00014d80        0x0 linker stubs

.v4_bx          0x00014d80        0x0
 .v4_bx         0x00014d80        0x0 linker stubs

.iplt           0x00014d80        0x0
 .iplt          0x00014d80        0x0 c:/users/panda/appdata/local/arduino15/packages/arduino/tools/arm-none-eabi-gcc/7-2017q4/bin/../lib/gcc/arm-none-eabi/7.2.1/thumb/v6-m/crtbegin.o

.rel.dyn        0x00014d80        0x0
 .rel.iplt      0x00014d80        0x0 c:/users/panda/appdata/local/arduino15/packages/arduino/tools/arm-none-eabi-gcc/7-2017q4/bin/../lib/gcc/arm-none-eabi/7.2.1/thumb/v6-m/crtbegin.o

.ARM.extab
 *(.ARM.extab* .gnu.linkonce.armextab.*)
                0x00014d80                __exidx_start = .

.ARM.exidx
 *(.ARM.exidx* .gnu.linkonce.armexidx.*)
                0x00014d80                __exidx_end = .
                0x00014d80                __etext = .

.data           0x20000000      0x200 load address 0x00014d80
                0x20000000                __data_start__ = .
 *(vtable)
 *(.data*)
 .data.Block    0x20000000       0x1c C:\Users\panda\AppData\Local\Temp\arduino\sketches\4D77A44A3605C64187FEB002B13978C1\sketch\GdArcade.ino.cpp.o
                0x20000000                Block
 .data.GDCUBE8  0x2000001c       0x40 C:\Users\panda\AppData\Local\Temp\arduino\sketches\4D77A44A3605C64187FEB002B13978C1\sketch\GdArcade.ino.cpp.o
                0x2000001c                GDCUBE8
 .data.Spike    0x2000005c       0x1c C:\Users\panda\AppData\Local\Temp\arduino\sketches\4D77A44A3605C64187FEB002B13978C1\sketch\GdArcade.ino.cpp.o
                0x2000005c                Spike
 .data.arcadeVersion
                0x20000078        0x1 C:\Users\panda\AppData\Local\Temp\arduino\sketches\4D77A44A3605C64187FEB002B13978C1\sketch\GdArcade.ino.cpp.o
                0x20000078                arcadeVersion
 .data.block    0x20000079       0x40 C:\Users\panda\AppData\Local\Temp\arduino\sketches\4D77A44A3605C64187FEB002B13978C1\sketch\GdArcade.ino.cpp.o
                0x20000079                block
 *fill*         0x200000b9        0x3 
 .data.cube8    0x200000bc       0x30 C:\Users\panda\AppData\Local\Temp\arduino\sketches\4D77A44A3605C64187FEB002B13978C1\sketch\GdArcade.ino.cpp.o
                0x200000bc                cube8
 .data.frameTime
                0x200000ec        0x4 C:\Users\panda\AppData\Local\Temp\arduino\sketches\4D77A44A3605C64187FEB002B13978C1\sketch\GdArcade.ino.cpp.o
                0x200000ec                frameTime
 .data.groundLevel
                0x200000f0        0x4 C:\Users\panda\AppData\Local\Temp\arduino\sketches\4D77A44A3605C64187FEB002B13978C1\sketch\GdArcade.ino.cpp.o
                0x200000f0                groundLevel
 .data.spike    0x200000f4       0x40 C:\Users\panda\AppData\Local\Temp\arduino\sketches\4D77A44A3605C64187FEB002B13978C1\sketch\GdArcade.ino.cpp.o
                0x200000f4                spike
 .data.dmaReady
                0x20000134        0x4 C:\Users\panda\AppData\Local\Temp\arduino\sketches\4D77A44A3605C64187FEB002B13978C1\libraries\TinyScreen\TinyScreen.cpp.o
                0x20000134                dmaReady
 .data.g_apTCInstances
                0x20000138       0x18 C:\Users\panda\AppData\Local\Temp\arduino\sketches\4D77A44A3605C64187FEB002B13978C1\core\variant.cpp.o
                0x20000138                g_apTCInstances
 .data.SystemCoreClock
                0x20000150        0x4 C:\Users\panda\AppData\Local\Temp\arduino\sketches\4D77A44A3605C64187FEB002B13978C1/..\..\cores\TinyCircuits_samd_tinyarcade_BuildOption_TAgame_671cb57aaf343a5cc514ad0bed195d1f\core.a(wiring.c.o)
                0x20000150                SystemCoreClock
 .data._ADCResolution
                0x20000154        0x4 C:\Users\panda\AppData\Local\Temp\arduino\sketches\4D77A44A3605C64187FEB002B13978C1/..\..\cores\TinyCircuits_samd_tinyarcade_BuildOption_TAgame_671cb57aaf343a5cc514ad0bed195d1f\core.a(wiring_analog.c.o)
 .data._readResolution
                0x20000158        0x4 C:\Users\panda\AppData\Local\Temp\arduino\sketches\4D77A44A3605C64187FEB002B13978C1/..\..\cores\TinyCircuits_samd_tinyarcade_BuildOption_TAgame_671cb57aaf343a5cc514ad0bed195d1f\core.a(wiring_analog.c.o)
 .data._writeResolution
                0x2000015c        0x4 C:\Users\panda\AppData\Local\Temp\arduino\sketches\4D77A44A3605C64187FEB002B13978C1/..\..\cores\TinyCircuits_samd_tinyarcade_BuildOption_TAgame_671cb57aaf343a5cc514ad0bed195d1f\core.a(wiring_analog.c.o)
 .data._ZL5ticks
                0x20000160        0x4 C:\Users\panda\AppData\Local\Temp\arduino\sketches\4D77A44A3605C64187FEB002B13978C1/..\..\cores\TinyCircuits_samd_tinyarcade_BuildOption_TAgame_671cb57aaf343a5cc514ad0bed195d1f\core.a(Reset.cpp.o)
 .data._ZL10breakValue
                0x20000164        0x4 C:\Users\panda\AppData\Local\Temp\arduino\sketches\4D77A44A3605C64187FEB002B13978C1/..\..\cores\TinyCircuits_samd_tinyarcade_BuildOption_TAgame_671cb57aaf343a5cc514ad0bed195d1f\core.a(CDC.cpp.o)
 .data._ZL12_usbLineInfo
                0x20000168        0x8 C:\Users\panda\AppData\Local\Temp\arduino\sketches\4D77A44A3605C64187FEB002B13978C1/..\..\cores\TinyCircuits_samd_tinyarcade_BuildOption_TAgame_671cb57aaf343a5cc514ad0bed195d1f\core.a(CDC.cpp.o)
 .data._serialPeek
                0x20000170        0x4 C:\Users\panda\AppData\Local\Temp\arduino\sketches\4D77A44A3605C64187FEB002B13978C1/..\..\cores\TinyCircuits_samd_tinyarcade_BuildOption_TAgame_671cb57aaf343a5cc514ad0bed195d1f\core.a(CDC.cpp.o)
                0x20000170                _serialPeek
 .data._impure_ptr
                0x20000174        0x4 c:/users/panda/appdata/local/arduino15/packages/arduino/tools/arm-none-eabi-gcc/7-2017q4/bin/../lib/gcc/arm-none-eabi/7.2.1/../../../../arm-none-eabi/lib/thumb/v6-m\libc_nano.a(lib_a-impure.o)
                0x20000174                _impure_ptr
 .data.impure_data
                0x20000178       0x60 c:/users/panda/appdata/local/arduino15/packages/arduino/tools/arm-none-eabi-gcc/7-2017q4/bin/../lib/gcc/arm-none-eabi/7.2.1/../../../../arm-none-eabi/lib/thumb/v6-m\libc_nano.a(lib_a-impure.o)
                0x200001d8                . = ALIGN (0x4)
                0x200001d8                PROVIDE (__preinit_array_start, .)
 *(.preinit_array)
                0x200001d8                PROVIDE (__preinit_array_end, .)
                0x200001d8                . = ALIGN (0x4)
                0x200001d8                PROVIDE (__init_array_start, .)
 *(SORT_BY_NAME(.init_array.*))
 *(.init_array)
 .init_array    0x200001d8        0x4 c:/users/panda/appdata/local/arduino15/packages/arduino/tools/arm-none-eabi-gcc/7-2017q4/bin/../lib/gcc/arm-none-eabi/7.2.1/thumb/v6-m/crtbegin.o
 .init_array    0x200001dc        0x4 C:\Users\panda\AppData\Local\Temp\arduino\sketches\4D77A44A3605C64187FEB002B13978C1\sketch\GdArcade.ino.cpp.o
 .init_array    0x200001e0        0x4 C:\Users\panda\AppData\Local\Temp\arduino\sketches\4D77A44A3605C64187FEB002B13978C1\libraries\SPI\SPI.cpp.o
 .init_array    0x200001e4        0x4 C:\Users\panda\AppData\Local\Temp\arduino\sketches\4D77A44A3605C64187FEB002B13978C1\libraries\Wire\Wire.cpp.o
 .init_array    0x200001e8        0x4 C:\Users\panda\AppData\Local\Temp\arduino\sketches\4D77A44A3605C64187FEB002B13978C1\core\variant.cpp.o