Archive member included to satisfy reference by file (symbol)

C:\Users\panda\AppData\Local\Temp\arduino\sketches\4D77A44A3605C64187FEB002B13978C1/..\..\cores\TinyCircuits_samd_tinyarcade_BuildOption_TAgame_671cb57aaf343a5cc514ad0bed195d1f\core.a(Print.cpp.o)
                              C:\Users\panda\AppData\Local\Temp\arduino\sketches\4D77A44A3605C64187FEB002B13978C1\libraries\TinyScreen\TinyScreen.cpp.o (Print::write(unsigned char const*, unsigned int))
C:\Users\panda\AppData\Local\Temp\arduino\sketches\4D77A44A3605C64187FEB002B13978C1/..\..\cores\TinyCircuits_samd_tinyarcade_BuildOption_TAgame_671cb57aaf343a5cc514ad0bed195d1f\core.a(SERCOM.cpp.o)
                              C:\Users\panda\AppData\Local\Temp\arduino\sketches\4D77A44A3605C64187FEB002B13978C1\core\variant.cpp.o (SERCOM::SERCOM(Sercom*))
C:\Users\panda\AppData\Local\Temp\arduino\sketches\4D77A44A3605C64187FEB002B13978C1/..\..\cores\TinyCircuits_samd_tinyarcade_BuildOption_TAgame_671cb57aaf343a5cc514ad0bed195d1f\core.a(Uart.cpp.o)
                              C:\Users\panda\AppData\Local\Temp\arduino\sketches\4D77A44A3605C64187FEB002B13978C1\sketch\GdArcade.ino.cpp.o (Uart::begin(unsigned long))
C:\Users\panda\AppData\Local\Temp\arduino\sketches\4D77A44A3605C64187FEB002B13978C1/..\..\cores\TinyCircuits_samd_tinyarcade_BuildOption_TAgame_671cb57aaf343a5cc514ad0bed195d1f\core.a(abi.cpp.o)
                              C:\Users\panda\AppData\Local\Temp\arduino\sketches\4D77A44A3605C64187FEB002B13978C1/..\..\cores\TinyCircuits_samd_tinyarcade_BuildOption_TAgame_671cb57aaf343a5cc514ad0bed195d1f\core.a(Print.cpp.o) (__cxa_pure_virtual)
C:\Users\panda\AppData\Local\Temp\arduino\sketches\4D77A44A3605C64187FEB002B13978C1/..\..\cores\TinyCircuits_samd_tinyarcade_BuildOption_TAgame_671cb57aaf343a5cc514ad0bed195d1f\core.a(cortex_handlers.c.o)
                              (Reset_Handler)
C:\Users\panda\AppData\Local\Temp\arduino\sketches\4D77A44A3605C64187FEB002B13978C1/..\..\cores\TinyCircuits_samd_tinyarcade_BuildOption_TAgame_671cb57aaf343a5cc514ad0bed195d1f\core.a(delay.c.o)
                              C:\Users\panda\AppData\Local\Temp\arduino\sketches\4D77A44A3605C64187FEB002B13978C1\sketch\GdArcade.ino.cpp.o (millis)
C:\Users\panda\AppData\Local\Temp\arduino\sketches\4D77A44A3605C64187FEB002B13978C1/..\..\cores\TinyCircuits_samd_tinyarcade_BuildOption_TAgame_671cb57aaf343a5cc514ad0bed195d1f\core.a(hooks.c.o)
                              C:\Users\panda\AppData\Local\Temp\arduino\sketches\4D77A44A3605C64187FEB002B13978C1/..\..\cores\TinyCircuits_samd_tinyarcade_BuildOption_TAgame_671cb57aaf343a5cc514ad0bed195d1f\core.a(delay.c.o) (yield)
C:\Users\panda\AppData\Local\Temp\arduino\sketches\4D77A44A3605C64187FEB002B13978C1/..\..\cores\TinyCircuits_samd_tinyarcade_BuildOption_TAgame_671cb57aaf343a5cc514ad0bed195d1f\core.a(main.cpp.o)
                              c:/users/panda/appdata/local/arduino15/packages/arduino/tools/arm-none-eabi-gcc/7-2017q4/bin/../lib/gcc/arm-none-eabi/7.2.1/../../../../arm-none-eabi/lib/thumb/v6-m/crt0.o (main)
C:\Users\panda\AppData\Local\Temp\arduino\sketches\4D77A44A3605C64187FEB002B13978C1/..\..\cores\TinyCircuits_samd_tinyarcade_BuildOption_TAgame_671cb57aaf343a5cc514ad0bed195d1f\core.a(startup.c.o)
                              C:\Users\panda\AppData\Local\Temp\arduino\sketches\4D77A44A3605C64187FEB002B13978C1/..\..\cores\TinyCircuits_samd_tinyarcade_BuildOption_TAgame_671cb57aaf343a5cc514ad0bed195d1f\core.a(cortex_handlers.c.o) (SystemInit)
C:\Users\panda\AppData\Local\Temp\arduino\sketches\4D77A44A3605C64187FEB002B13978C1/..\..\cores\TinyCircuits_samd_tinyarcade_BuildOption_TAgame_671cb57aaf343a5cc514ad0bed195d1f\core.a(wiring.c.o)
                              C:\Users\panda\AppData\Local\Temp\arduino\sketches\4D77A44A3605C64187FEB002B13978C1/..\..\cores\TinyCircuits_samd_tinyarcade_BuildOption_TAgame_671cb57aaf343a5cc514ad0bed195d1f\core.a(main.cpp.o) (init)
C:\Users\panda\AppData\Local\Temp\arduino\sketches\4D77A44A3605C64187FEB002B13978C1/..\..\cores\TinyCircuits_samd_tinyarcade_BuildOption_TAgame_671cb57aaf343a5cc514ad0bed195d1f\core.a(wiring_analog.c.o)
                              C:\Users\panda\AppData\Local\Temp\arduino\sketches\4D77A44A3605C64187FEB002B13978C1/..\..\cores\TinyCircuits_samd_tinyarcade_BuildOption_TAgame_671cb57aaf343a5cc514ad0bed195d1f\core.a(wiring.c.o) (analogReference)
C:\Users\panda\AppData\Local\Temp\arduino\sketches\4D77A44A3605C64187FEB002B13978C1/..\..\cores\TinyCircuits_samd_tinyarcade_BuildOption_TAgame_671cb57aaf343a5cc514ad0bed195d1f\core.a(wiring_digital.c.o)
                              C:\Users\panda\AppData\Local\Temp\arduino\sketches\4D77A44A3605C64187FEB002B13978C1\sketch\GdArcade.ino.cpp.o (pinMode)
C:\Users\panda\AppData\Local\Temp\arduino\sketches\4D77A44A3605C64187FEB002B13978C1/..\..\cores\TinyCircuits_samd_tinyarcade_BuildOption_TAgame_671cb57aaf343a5cc514ad0bed195d1f\core.a(wiring_private.c.o)
[...]
Memory Configuration

Name             Origin             Length             Attributes
FLASH            0x00010000         0x00030000         xr
RAM              0x20000000         0x00008000         xrw
*default*        0x00000000         0xffffffff

Linker script and memory map

LOAD c:/users/panda/appdata/local/arduino15/packages/arduino/tools/arm-none-eabi-gcc/7-2017q4/bin/../lib/gcc/arm-none-eabi/7.2.1/thumb/v6-m/crti.o
LOAD c:/users/panda/appdata/local/arduino15/packages/arduino/tools/arm-none-eabi-gcc/7-2017q4/bin/../lib/gcc/arm-none-eabi/7.2.1/thumb/v6-m/crtbegin.o
LOAD c:/users/panda/appdata/local/arduino15/packages/arduino/tools/arm-none-eabi-gcc/7-2017q4/bin/../lib/gcc/arm-none-eabi/7.2.1/../../../../arm-none-eabi/lib/thumb/v6-m/crt0.o
LOAD C:\Users\panda\AppData\Local\Temp\arduino\sketches\4D77A44A3605C64187FEB002B13978C1\sketch\GdArcade.ino.cpp.o
LOAD C:\Users\panda\AppData\Local\Temp\arduino\sketches\4D77A44A3605C64187FEB002B13978C1\libraries\TinyScreen\TinyScreen.cpp.o
LOAD C:\Users\panda\AppData\Local\Temp\arduino\sketches\4D77A44A3605C64187FEB002B13978C1\libraries\SPI\SPI.cpp.o
LOAD C:\Users\panda\AppData\Local\Temp\arduino\sketches\4D77A44A3605C64187FEB002B13978C1\libraries\Wire\Wire.cpp.o
LOAD C:\Users\panda\AppData\Local\Temp\arduino\sketches\4D77A44A3605C64187FEB002B13978C1\core\variant.cpp.o
START GROUP
LOAD C:\Users\panda\AppData\Local\Arduino15\packages\arduino\tools\CMSIS\4.5.0/CMSIS/Lib/GCC/\libarm_cortexM0l_math.a
LOAD C:\Users\panda\AppData\Local\Temp\arduino\sketches\4D77A44A3605C64187FEB002B13978C1/..\..\cores\TinyCircuits_samd_tinyarcade_BuildOption_TAgame_671cb57aaf343a5cc514ad0bed195d1f\core.a
END GROUP
LOAD c:/users/panda/appdata/local/arduino15/packages/arduino/tools/arm-none-eabi-gcc/7-2017q4/bin/../lib/gcc/arm-none-eabi/7.2.1/../../../../arm-none-eabi/lib/thumb/v6-m\libstdc++_nano.a
LOAD c:/users/panda/appdata/local/arduino15/packages/arduino/tools/arm-none-eabi-gcc/7-2017q4/bin/../lib/gcc/arm-none-eabi/7.2.1/../../../../arm-none-eabi/lib/thumb/v6-m\libm.a
START GROUP
LOAD c:/users/panda/appdata/local/arduino15/packages/arduino/tools/arm-none-eabi-gcc/7-2017q4/bin/../lib/gcc/arm-none-eabi/7.2.1/thumb/v6-m\libgcc.a
LOAD c:/users/panda/appdata/local/arduino15/packages/arduino/tools/arm-none-eabi-gcc/7-2017q4/bin/../lib/gcc/arm-none-eabi/7.2.1/../../../../arm-none-eabi/lib/thumb/v6-m\libc_nano.a
END GROUP
START GROUP
LOAD c:/users/panda/appdata/local/arduino15/packages/arduino/tools/arm-none-eabi-gcc/7-2017q4/bin/../lib/gcc/arm-none-eabi/7.2.1/thumb/v6-m\libgcc.a
LOAD c:/users/panda/appdata/local/arduino15/packages/arduino/tools/arm-none-eabi-gcc/7-2017q4/bin/../lib/gcc/arm-none-eabi/7.2.1/../../../../arm-none-eabi/lib/thumb/v6-m\libc_nano.a
LOAD c:/users/panda/appdata/local/arduino15/packages/arduino/tools/arm-none-eabi-gcc/7-2017q4/bin/../lib/gcc/arm-none-eabi/7.2.1/../../../../arm-none-eabi/lib/thumb/v6-m\libnosys.a
END GROUP
START GROUP
LOAD c:/users/panda/appdata/local/arduino15/packages/arduino/tools/arm-none-eabi-gcc/7-2017q4/bin/../lib/gcc/arm-none-eabi/7.2.1/thumb/v6-m\libgcc.a
LOAD c:/users/panda/appdata/local/arduino15/packages/arduino/tools/arm-none-eabi-gcc/7-2017q4/bin/../lib/gcc/arm-none-eabi/7.2.1/../../../../arm-none-eabi/lib/thumb/v6-m\libc_nano.a
LOAD c:/users/panda/appdata/local/arduino15/packages/arduino/tools/arm-none-eabi-gcc/7-2017q4/bin/../lib/gcc/arm-none-eabi/7.2.1/../../../../arm-none-eabi/lib/thumb/v6-m\libnosys.a
END GROUP
LOAD c:/users/panda/appdata/local/arduino15/packages/arduino/tools/arm-none-eabi-gcc/7-2017q4/bin/../lib/gcc/arm-none-eabi/7.2.1/thumb/v6-m/crtend.o
LOAD c:/users/panda/appdata/local/arduino15/packages/arduino/tools/arm-none-eabi-gcc/7-2017q4/bin/../lib/gcc/arm-none-eabi/7.2.1/thumb/v6-m/crtn.o

.text           0x00010000     0x4d88
                0x00010000                __text_start__ = .
 *(.sketch_boot)
                0x00010000                . = ALIGN (0x2000)
 *(.isr_vector)
 .isr_vector    0x00010000       0xb4 C:\Users\panda\AppData\Local\Temp\arduino\sketches\4D77A44A3605C64187FEB002B13978C1/..\..\cores\TinyCircuits_samd_tinyarcade_BuildOption_TAgame_671cb57aaf343a5cc514ad0bed195d1f\core.a(cortex_handlers.c.o)
                0x00010000                exception_table
 *(.text*)
 .text          0x000100b4       0x48 c:/users/panda/appdata/local/arduino15/packages/arduino/tools/arm-none-eabi-gcc/7-2017q4/bin/../lib/gcc/arm-none-eabi/7.2.1/thumb/v6-m/crtbegin.o
 .text._Z10arcadeInitv
                0x000100fc       0x64 C:\Users\panda\AppData\Local\Temp\arduino\sketches\4D77A44A3605C64187FEB002B13978C1\sketch\GdArcade.ino.cpp.o
                0x000100fc                arcadeInit()
 .text._Z11checkButtonh
                0x00010160       0x2c C:\Users\panda\AppData\Local\Temp\arduino\sketches\4D77A44A3605C64187FEB002B13978C1\sketch\GdArcade.ino.cpp.o
                0x00010160                checkButton(unsigned char)
 .text._Z13checkJoystickh
                0x0001018c       0xb4 C:\Users\panda\AppData\Local\Temp\arduino\sketches\4D77A44A3605C64187FEB002B13978C1\sketch\GdArcade.ino.cpp.o
                0x0001018c                checkJoystick(unsigned char)
 .text._Z10checkDeath9ts_sprite
                0x00010240       0x4c C:\Users\panda\AppData\Local\Temp\arduino\sketches\4D77A44A3605C64187FEB002B13978C1\sketch\GdArcade.ino.cpp.o
                0x00010240                checkDeath(ts_sprite)
 .text._Z14checkCollisionv
                0x0001028c      0x150 C:\Users\panda\AppData\Local\Temp\arduino\sketches\4D77A44A3605C64187FEB002B13978C1\sketch\GdArcade.ino.cpp.o
                0x0001028c                checkCollision()
 .text._Z8moveCharv
                0x000103dc       0xa0 C:\Users\panda\AppData\Local\Temp\arduino\sketches\4D77A44A3605C64187FEB002B13978C1\sketch\GdArcade.ino.cpp.o
                0x000103dc                moveChar()
 .text._Z12displayScenev
                0x0001047c       0x60 C:\Users\panda\AppData\Local\Temp\arduino\sketches\4D77A44A3605C64187FEB002B13978C1\sketch\GdArcade.ino.cpp.o
                0x0001047c                displayScene()
 .text.loop     0x000104dc       0xe8 C:\Users\panda\AppData\Local\Temp\arduino\sketches\4D77A44A3605C64187FEB002B13978C1\sketch\GdArcade.ino.cpp.o
                0x000104dc                loop
 .text.startup._GLOBAL__sub_I_arcadeVersion
                0x000105c4       0x8c C:\Users\panda\AppData\Local\Temp\arduino\sketches\4D77A44A3605C64187FEB002B13978C1\sketch\GdArcade.ino.cpp.o
 .text.setup    0x00010650       0x3c C:\Users\panda\AppData\Local\Temp\arduino\sketches\4D77A44A3605C64187FEB002B13978C1\sketch\GdArcade.ino.cpp.o
                0x00010650                setup
 .text._ZN5Print17availableForWriteEv
                0x0001068c        0x4 C:\Users\panda\AppData\Local\Temp\arduino\sketches\4D77A44A3605C64187FEB002B13978C1\libraries\TinyScreen\TinyScreen.cpp.o
                0x0001068c                Print::availableForWrite()
 .text._ZN5Print5flushEv
                0x00010690        0x2 C:\Users\panda\AppData\Local\Temp\arduino\sketches\4D77A44A3605C64187FEB002B13978C1\libraries\TinyScreen\TinyScreen.cpp.o
                0x00010690                Print::flush()
 *fill*         0x00010692        0x2 
 .text._ZN10TinyScreen11writeBufferEPhi
                0x00010694       0x78 C:\Users\panda\AppData\Local\Temp\arduino\sketches\4D77A44A3605C64187FEB002B13978C1\libraries\TinyScreen\TinyScreen.cpp.o
                0x00010694                TinyScreen::writeBuffer(unsigned char*, int)
 .text._ZN10TinyScreenC2Eh
                0x0001070c       0x64 C:\Users\panda\AppData\Local\Temp\arduino\sketches\4D77A44A3605C64187FEB002B13978C1\libraries\TinyScreen\TinyScreen.cpp.o
                0x0001070c                TinyScreen::TinyScreen(unsigned char)
                0x0001070c                TinyScreen::TinyScreen(unsigned char)
 .text._ZN10TinyScreen9setCursorEhh
                0x00010770        0x6 C:\Users\panda\AppData\Local\Temp\arduino\sketches\4D77A44A3605C64187FEB002B13978C1\libraries\TinyScreen\TinyScreen.cpp.o
                0x00010770                TinyScreen::setCursor(unsigned char, unsigned char)
 .text._ZN10TinyScreen7setFontERK9FONT_INFO
                0x00010776       0x16 C:\Users\panda\AppData\Local\Temp\arduino\sketches\4D77A44A3605C64187FEB002B13978C1\libraries\TinyScreen\TinyScreen.cpp.o
                0x00010776                TinyScreen::setFont(FONT_INFO const&)
 .text.DMAC_Handler
                0x0001078c       0x3c C:\Users\panda\AppData\Local\Temp\arduino\sketches\4D77A44A3605C64187FEB002B13978C1\libraries\TinyScreen\TinyScreen.cpp.o
                0x0001078c                DMAC_Handler
 .text._ZN10TinyScreen9writeGPIOEhh
                0x000107c8       0x30 C:\Users\panda\AppData\Local\Temp\arduino\sketches\4D77A44A3605C64187FEB002B13978C1\libraries\TinyScreen\TinyScreen.cpp.o
                0x000107c8                TinyScreen::writeGPIO(unsigned char, unsigned char)
 .text._ZN10TinyScreen12startCommandEv
                0x000107f8       0x24 C:\Users\panda\AppData\Local\Temp\arduino\sketches\4D77A44A3605C64187FEB002B13978C1\libraries\TinyScreen\TinyScreen.cpp.o
                0x000107f8                TinyScreen::startCommand()
 .text._ZN10TinyScreen9startDataEv
                0x0001081c       0x24 C:\Users\panda\AppData\Local\Temp\arduino\sketches\4D77A44A3605C64187FEB002B13978C1\libraries\TinyScreen\TinyScreen.cpp.o
                0x0001081c                TinyScreen::startData()
 .text._ZN10TinyScreen11endTransferEv
                0x00010840       0x1c C:\Users\panda\AppData\Local\Temp\arduino\sketches\4D77A44A3605C64187FEB002B13978C1\libraries\TinyScreen\TinyScreen.cpp.o
                0x00010840                TinyScreen::endTransfer()
 .text._ZN10TinyScreen4setXEhh
                0x0001085c       0x3c C:\Users\panda\AppData\Local\Temp\arduino\sketches\4D77A44A3605C64187FEB002B13978C1\libraries\TinyScreen\TinyScreen.cpp.o
                0x0001085c                TinyScreen::setX(unsigned char, unsigned char)
 .text._ZN10TinyScreen4setYEhh
                0x00010898       0x3c C:\Users\panda\AppData\Local\Temp\arduino\sketches\4D77A44A3605C64187FEB002B13978C1\libraries\TinyScreen\TinyScreen.cpp.o
                0x00010898                TinyScreen::setY(unsigned char, unsigned char)
 .text._ZN10TinyScreen11clearWindowEhhhh.part.5
                0x000108d4       0x6c C:\Users\panda\AppData\Local\Temp\arduino\sketches\4D77A44A3605C64187FEB002B13978C1\libraries\TinyScreen\TinyScreen.cpp.o
 .text._ZN10TinyScreen8drawRectEhhhhhhhh
                0x00010940       0xd8 C:\Users\panda\AppData\Local\Temp\arduino\sketches\4D77A44A3605C64187FEB002B13978C1\libraries\TinyScreen\TinyScreen.cpp.o
                0x00010940                TinyScreen::drawRect(unsigned char, unsigned char, unsigned char, unsigned char, unsigned char, unsigned char, unsigned char, unsigned char)
 .text._ZN10TinyScreen8drawRectEhhhhht
                0x00010a18       0x62 C:\Users\panda\AppData\Local\Temp\arduino\sketches\4D77A44A3605C64187FEB002B13978C1\libraries\TinyScreen\TinyScreen.cpp.o
                0x00010a18                TinyScreen::drawRect(unsigned char, unsigned char, unsigned char, unsigned char, unsigned char, unsigned short)
 .text._ZN10TinyScreen8drawLineEhhhhhhh
                0x00010a7a       0x9e C:\Users\panda\AppData\Local\Temp\arduino\sketches\4D77A44A3605C64187FEB002B13978C1\libraries\TinyScreen\TinyScreen.cpp.o
                0x00010a7a                TinyScreen::drawLine(unsigned char, unsigned char, unsigned char, unsigned char, unsigned char, unsigned char, unsigned char)
 .text._ZN10TinyScreen8drawLineEhhhht
                0x00010b18       0x58 C:\Users\panda\AppData\Local\Temp\arduino\sketches\4D77A44A3605C64187FEB002B13978C1\libraries\TinyScreen\TinyScreen.cpp.o
                0x00010b18                TinyScreen::drawLine(unsigned char, unsigned char, unsigned char, unsigned char, unsigned short)
 .text._ZN10TinyScreen13setBrightnessEh
                0x00010b70       0x2a C:\Users\panda\AppData\Local\Temp\arduino\sketches\4D77A44A3605C64187FEB002B13978C1\libraries\TinyScreen\TinyScreen.cpp.o
                0x00010b70                TinyScreen::setBrightness(unsigned char)
 *fill*         0x00010b9a        0x2 
 .text._ZN10TinyScreen2onEv
                0x00010b9c       0x34 C:\Users\panda\AppData\Local\Temp\arduino\sketches\4D77A44A3605C64187FEB002B13978C1\libraries\TinyScreen\TinyScreen.cpp.o
                0x00010b9c                TinyScreen::on()
 .text._ZN10TinyScreen10writeRemapEv
                0x00010bd0       0x4a C:\Users\panda\AppData\Local\Temp\arduino\sketches\4D77A44A3605C64187FEB002B13978C1\libraries\TinyScreen\TinyScreen.cpp.o
                0x00010bd0                TinyScreen::writeRemap()
 .text._ZN10TinyScreen11setBitDepthEh
                0x00010c1a        0xa C:\Users\panda\AppData\Local\Temp\arduino\sketches\4D77A44A3605C64187FEB002B13978C1\libraries\TinyScreen\TinyScreen.cpp.o
                0x00010c1a                TinyScreen::setBitDepth(unsigned char)
 .text._ZN10TinyScreen7setFlipEh
                0x00010c24        0xa C:\Users\panda\AppData\Local\Temp\arduino\sketches\4D77A44A3605C64187FEB002B13978C1\libraries\TinyScreen\TinyScreen.cpp.o
                0x00010c24                TinyScreen::setFlip(unsigned char)
 *fill*         0x00010c2e        0x2 
 .text._ZN10TinyScreen5writeEh
                0x00010c30      0x2d4 C:\Users\panda\AppData\Local\Temp\arduino\sketches\4D77A44A3605C64187FEB002B13978C1\libraries\TinyScreen\TinyScreen.cpp.o
                0x00010c30                TinyScreen::write(unsigned char)
 .text._ZN10TinyScreen3offEv
                0x00010f04       0x30 C:\Users\panda\AppData\Local\Temp\arduino\sketches\4D77A44A3605C64187FEB002B13978C1\libraries\TinyScreen\TinyScreen.cpp.o
                0x00010f04                TinyScreen::off()
 .text._ZN10TinyScreen5beginEv
                0x00010f34      0x128 C:\Users\panda\AppData\Local\Temp\arduino\sketches\4D77A44A3605C64187FEB002B13978C1\libraries\TinyScreen\TinyScreen.cpp.o
                0x00010f34                TinyScreen::begin()
 .text._ZN8SPIClass4initEv
                0x0001105c       0x12 C:\Users\panda\AppData\Local\Temp\arduino\sketches\4D77A44A3605C64187FEB002B13978C1\libraries\SPI\SPI.cpp.o
                0x0001105c                SPIClass::init()
 .text._ZN8SPIClass6configE11SPISettings
                0x0001106e       0x4e C:\Users\panda\AppData\Local\Temp\arduino\sketches\4D77A44A3605C64187FEB002B13978C1\libraries\SPI\SPI.cpp.o
                0x0001106e                SPIClass::config(SPISettings)
 .text._ZN8SPIClass5beginEv
                0x000110bc       0x50 C:\Users\panda\AppData\Local\Temp\arduino\sketches\4D77A44A3605C64187FEB002B13978C1\libraries\SPI\SPI.cpp.o
                0x000110bc                SPIClass::begin()
 .text._ZN8SPIClass11setDataModeEh
                0x0001110c       0x28 C:\Users\panda\AppData\Local\Temp\arduino\sketches\4D77A44A3605C64187FEB002B13978C1\libraries\SPI\SPI.cpp.o
                0x0001110c                SPIClass::setDataMode(unsigned char)
 .text._ZN8SPIClass15setClockDividerEh
                0x00011134       0x10 C:\Users\panda\AppData\Local\Temp\arduino\sketches\4D77A44A3605C64187FEB002B13978C1\libraries\SPI\SPI.cpp.o
                0x00011134                SPIClass::setClockDivider(unsigned char)
 .text._ZN8SPIClass8transferEh
                0x00011144        0xa C:\Users\panda\AppData\Local\Temp\arduino\sketches\4D77A44A3605C64187FEB002B13978C1\libraries\SPI\SPI.cpp.o
                0x00011144                SPIClass::transfer(unsigned char)
 *fill*         0x0001114e        0x2 
 .text.startup._GLOBAL__sub_I__ZN8SPIClassC2EP6SERCOMhhh14SercomSpiTXPad11SercomRXPad
                0x00011150       0x68 C:\Users\panda\AppData\Local\Temp\arduino\sketches\4D77A44A3605C64187FEB002B13978C1\libraries\SPI\SPI.cpp.o
 .text._ZN7TwoWire5writeEPKhj
                0x000111b8       0x24 C:\Users\panda\AppData\Local\Temp\arduino\sketches\4D77A44A3605C64187FEB002B13978C1\libraries\Wire\Wire.cpp.o
                0x000111b8                TwoWire::write(unsigned char const*, unsigned int)
 .text._ZN7TwoWire5flushEv
                0x000111dc        0x2 C:\Users\panda\AppData\Local\Temp\arduino\sketches\4D77A44A3605C64187FEB002B13978C1\libraries\Wire\Wire.cpp.o
                0x000111dc                TwoWire::flush()
 .text._ZN7TwoWire4peekEv
                0x000111de       0x1a C:\Users\panda\AppData\Local\Temp\arduino\sketches\4D77A44A3605C64187FEB002B13978C1\libraries\Wire\Wire.cpp.o
                0x000111de                TwoWire::peek()
 .text._ZN7TwoWire9availableEv
                0x000111f8       0x12 C:\Users\panda\AppData\Local\Temp\arduino\sketches\4D77A44A3605C64187FEB002B13978C1\libraries\Wire\Wire.cpp.o
                0x000111f8                TwoWire::available()
 *fill*         0x0001120a        0x2 
 .text._ZN7TwoWireC2EP6SERCOMhh
                0x0001120c       0x60 C:\Users\panda\AppData\Local\Temp\arduino\sketches\4D77A44A3605C64187FEB002B13978C1\libraries\Wire\Wire.cpp.o
                0x0001120c                TwoWire::TwoWire(SERCOM*, unsigned char, unsigned char)
                0x0001120c                TwoWire::TwoWire(SERCOM*, unsigned char, unsigned char)
 .text._ZN7TwoWire17beginTransmissionEh
                0x0001126c       0x16 C:\Users\panda\AppData\Local\Temp\arduino\sketches\4D77A44A3605C64187FEB002B13978C1\libraries\Wire\Wire.cpp.o
                0x0001126c                TwoWire::beginTransmission(unsigned char)
 .text._ZN11RingBufferNILi256EE10store_charEh
                0x00011282       0x1a C:\Users\panda\AppData\Local\Temp\arduino\sketches\4D77A44A3605C64187FEB002B13978C1\libraries\Wire\Wire.cpp.o
                0x00011282                RingBufferN<256>::store_char(unsigned char)
 .text._ZN7TwoWire5writeEh
                0x0001129c       0x2a C:\Users\panda\AppData\Local\Temp\arduino\sketches\4D77A44A3605C64187FEB002B13978C1\libraries\Wire\Wire.cpp.o
                0x0001129c                TwoWire::write(unsigned char)
 .text._ZN11RingBufferNILi256EE9read_charEv
                0x000112c6       0x20 C:\Users\panda\AppData\Local\Temp\arduino\sketches\4D77A44A3605C64187FEB002B13978C1\libraries\Wire\Wire.cpp.o
                0x000112c6                RingBufferN<256>::read_char()
 .text._ZN7TwoWire15endTransmissionEb
                0x000112e6       0x70 C:\Users\panda\AppData\Local\Temp\arduino\sketches\4D77A44A3605C64187FEB002B13978C1\libraries\Wire\Wire.cpp.o
                0x000112e6                TwoWire::endTransmission(bool)
 .text._ZN7TwoWire15endTransmissionEv
                0x00011356        0xa C:\Users\panda\AppData\Local\Temp\arduino\sketches\4D77A44A3605C64187FEB002B13978C1\libraries\Wire\Wire.cpp.o
                0x00011356                TwoWire::endTransmission()
 .text._ZN7TwoWire4readEv
                0x00011360        0xa C:\Users\panda\AppData\Local\Temp\arduino\sketches\4D77A44A3605C64187FEB002B13978C1\libraries\Wire\Wire.cpp.o
                0x00011360                TwoWire::read()
 .text._ZN7TwoWire9onServiceEv
                0x0001136a      0x11c C:\Users\panda\AppData\Local\Temp\arduino\sketches\4D77A44A3605C64187FEB002B13978C1\libraries\Wire\Wire.cpp.o
                0x0001136a                TwoWire::onService()
 *fill*         0x00011486        0x2 
 .text.SERCOM2_Handler
                0x00011488       0x10 C:\Users\panda\AppData\Local\Temp\arduino\sketches\4D77A44A3605C64187FEB002B13978C1\libraries\Wire\Wire.cpp.o
                0x00011488                SERCOM2_Handler
 .text.startup._GLOBAL__sub_I__ZN7TwoWireC2EP6SERCOMhh
                0x00011498       0x18 C:\Users\panda\AppData\Local\Temp\arduino\sketches\4D77A44A3605C64187FEB002B13978C1\libraries\Wire\Wire.cpp.o
 .text.SERCOM0_Handler
                0x000114b0       0x10 C:\Users\panda\AppData\Local\Temp\arduino\sketches\4D77A44A3605C64187FEB002B13978C1\core\variant.cpp.o
                0x000114b0                SERCOM0_Handler
 .text.SERCOM5_Handler
                0x000114c0       0x10 C:\Users\panda\AppData\Local\Temp\arduino\sketches\4D77A44A3605C64187FEB002B13978C1\core\variant.cpp.o
                0x000114c0                SERCOM5_Handler
 .text.startup._GLOBAL__sub_I_g_APinDescription
                0x000114d0       0x94 C:\Users\panda\AppData\Local\Temp\arduino\sketches\4D77A44A3605C64187FEB002B13978C1\core\variant.cpp.o
 .text._ZN5Print5writeEPKhj
                0x00011564       0x28 C:\Users\panda\AppData\Local\Temp\arduino\sketches\4D77A44A3605C64187FEB002B13978C1/..\..\cores\TinyCircuits_samd_tinyarcade_BuildOption_TAgame_671cb57aaf343a5cc514ad0bed195d1f\core.a(Print.cpp.o)
                0x00011564                Print::write(unsigned char const*, unsigned int)
 .text._ZN6SERCOMC2EP6Sercom
                0x0001158c        0x4 C:\Users\panda\AppData\Local\Temp\arduino\sketches\4D77A44A3605C64187FEB002B13978C1/..\..\cores\TinyCircuits_samd_tinyarcade_BuildOption_TAgame_671cb57aaf343a5cc514ad0bed195d1f\core.a(SERCOM.cpp.o)
                0x0001158c                SERCOM::SERCOM(Sercom*)
                0x0001158c                SERCOM::SERCOM(Sercom*)
 .text._ZN6SERCOM9initFrameE18SercomUartCharSize15SercomDataOrder16SercomParityMode19SercomNumberStopBit
                0x00011590       0x3a C:\Users\panda\AppData\Local\Temp\arduino\sketches\4D77A44A3605C64187FEB002B13978C1/..\..\cores\TinyCircuits_samd_tinyarcade_BuildOption_TAgame_671cb57aaf343a5cc514ad0bed195d1f\core.a(SERCOM.cpp.o)
                0x00011590                SERCOM::initFrame(SercomUartCharSize, SercomDataOrder, SercomParityMode, SercomNumberStopBit)
 .text._ZN6SERCOM8initPadsE15SercomUartTXPad11SercomRXPad
                0x000115ca       0x26 C:\Users\panda\AppData\Local\Temp\arduino\sketches\4D77A44A3605C64187FEB002B13978C1/..\..\cores\TinyCircuits_samd_tinyarcade_BuildOption_TAgame_671cb57aaf343a5cc514ad0bed195d1f\core.a(SERCOM.cpp.o)
                0x000115ca                SERCOM::initPads(SercomUartTXPad, SercomRXPad)
 .text._ZN6SERCOM9resetUARTEv
                0x000115f0       0x1a C:\Users\panda\AppData\Local\Temp\arduino\sketches\4D77A44A3605C64187FEB002B13978C1/..\..\cores\TinyCircuits_samd_tinyarcade_BuildOption_TAgame_671cb57aaf343a5cc514ad0bed195d1f\core.a(SERCOM.cpp.o)
                0x000115f0                SERCOM::resetUART()
 .text._ZN6SERCOM10enableUARTEv
                0x0001160a       0x14 C:\Users\panda\AppData\Local\Temp\arduino\sketches\4D77A44A3605C64187FEB002B13978C1/..\..\cores\TinyCircuits_samd_tinyarcade_BuildOption_TAgame_671cb57aaf343a5cc514ad0bed195d1f\core.a(SERCOM.cpp.o)
                0x0001160a                SERCOM::enableUART()
 .text._ZN6SERCOM9flushUARTEv
                0x0001161e       0x10 C:\Users\panda\AppData\Local\Temp\arduino\sketches\4D77A44A3605C64187FEB002B13978C1/..\..\cores\TinyCircuits_samd_tinyarcade_BuildOption_TAgame_671cb57aaf343a5cc514ad0bed195d1f\core.a(SERCOM.cpp.o)
                0x0001161e                SERCOM::flushUART()
 .text._ZN6SERCOM15clearStatusUARTEv
                0x0001162e        0x8 C:\Users\panda\AppData\Local\Temp\arduino\sketches\4D77A44A3605C64187FEB002B13978C1/..\..\cores\TinyCircuits_samd_tinyarcade_BuildOption_TAgame_671cb57aaf343a5cc514ad0bed195d1f\core.a(SERCOM.cpp.o)
                0x0001162e                SERCOM::clearStatusUART()
 .text._ZN6SERCOM17availableDataUARTEv
                0x00011636        0xa C:\Users\panda\AppData\Local\Temp\arduino\sketches\4D77A44A3605C64187FEB002B13978C1/..\..\cores\TinyCircuits_samd_tinyarcade_BuildOption_TAgame_671cb57aaf343a5cc514ad0bed195d1f\core.a(SERCOM.cpp.o)
                0x00011636                SERCOM::availableDataUART()
 .text._ZN6SERCOM11isUARTErrorEv
                0x00011640        0x8 C:\Users\panda\AppData\Local\Temp\arduino\sketches\4D77A44A3605C64187FEB002B13978C1/..\..\cores\TinyCircuits_samd_tinyarcade_BuildOption_TAgame_671cb57aaf343a5cc514ad0bed195d1f\core.a(SERCOM.cpp.o)
                0x00011640                SERCOM::isUARTError()
 .text._ZN6SERCOM20acknowledgeUARTErrorEv
                0x00011648        0xe C:\Users\panda\AppData\Local\Temp\arduino\sketches\4D77A44A3605C64187FEB002B13978C1/..\..\cores\TinyCircuits_samd_tinyarcade_BuildOption_TAgame_671cb57aaf343a5cc514ad0bed195d1f\core.a(SERCOM.cpp.o)
                0x00011648                SERCOM::acknowledgeUARTError()
 .text._ZN6SERCOM16isFrameErrorUARTEv
                0x00011656        0xa C:\Users\panda\AppData\Local\Temp\arduino\sketches\4D77A44A3605C64187FEB002B13978C1/..\..\cores\TinyCircuits_samd_tinyarcade_BuildOption_TAgame_671cb57aaf343a5cc514ad0bed195d1f\core.a(SERCOM.cpp.o)
                0x00011656                SERCOM::isFrameErrorUART()
 .text._ZN6SERCOM19clearFrameErrorUARTEv
                0x00011660        0xc C:\Users\panda\AppData\Local\Temp\arduino\sketches\4D77A44A3605C64187FEB002B13978C1/..\..\cores\TinyCircuits_samd_tinyarcade_BuildOption_TAgame_671cb57aaf343a5cc514ad0bed195d1f\core.a(SERCOM.cpp.o)
                0x00011660                SERCOM::clearFrameErrorUART()
 .text._ZN6SERCOM23isDataRegisterEmptyUARTEv
                0x0001166c        0xa C:\Users\panda\AppData\Local\Temp\arduino\sketches\4D77A44A3605C64187FEB002B13978C1/..\..\cores\TinyCircuits_samd_tinyarcade_BuildOption_TAgame_671cb57aaf343a5cc514ad0bed195d1f\core.a(SERCOM.cpp.o)
                0x0001166c                SERCOM::isDataRegisterEmptyUART()
 .text._ZN6SERCOM12readDataUARTEv
                0x00011676        0x8 C:\Users\panda\AppData\Local\Temp\arduino\sketches\4D77A44A3605C64187FEB002B13978C1/..\..\cores\TinyCircuits_samd_tinyarcade_BuildOption_TAgame_671cb57aaf343a5cc514ad0bed195d1f\core.a(SERCOM.cpp.o)
                0x00011676                SERCOM::readDataUART()
 .text._ZN6SERCOM13writeDataUARTEh
                0x0001167e       0x10 C:\Users\panda\AppData\Local\Temp\arduino\sketches\4D77A44A3605C64187FEB002B13978C1/..\..\cores\TinyCircuits_samd_tinyarcade_BuildOption_TAgame_671cb57aaf343a5cc514ad0bed195d1f\core.a(SERCOM.cpp.o)
                0x0001167e                SERCOM::writeDataUART(unsigned char)
 .text._ZN6SERCOM36enableDataRegisterEmptyInterruptUARTEv
                0x0001168e        0x8 C:\Users\panda\AppData\Local\Temp\arduino\sketches\4D77A44A3605C64187FEB002B13978C1/..\..\cores\TinyCircuits_samd_tinyarcade_BuildOption_TAgame_671cb57aaf343a5cc514ad0bed195d1f\core.a(SERCOM.cpp.o)
                0x0001168e                SERCOM::enableDataRegisterEmptyInterruptUART()
 .text._ZN6SERCOM37disableDataRegisterEmptyInterruptUARTEv
                0x00011696        0x8 C:\Users\panda\AppData\Local\Temp\arduino\sketches\4D77A44A3605C64187FEB002B13978C1/..\..\cores\TinyCircuits_samd_tinyarcade_BuildOption_TAgame_671cb57aaf343a5cc514ad0bed195d1f\core.a(SERCOM.cpp.o)
                0x00011696                SERCOM::disableDataRegisterEmptyInterruptUART()
 *fill*         0x0001169e        0x2 
 .text._ZN6SERCOM12initSPIClockE18SercomSpiClockModem
                0x000116a0       0x30 C:\Users\panda\AppData\Local\Temp\arduino\sketches\4D77A44A3605C64187FEB002B13978C1/..\..\cores\TinyCircuits_samd_tinyarcade_BuildOption_TAgame_671cb57aaf343a5cc514ad0bed195d1f\core.a(SERCOM.cpp.o)
                0x000116a0                SERCOM::initSPIClock(SercomSpiClockMode, unsigned long)
 .text._ZN6SERCOM8resetSPIEv
                0x000116d0       0x1a C:\Users\panda\AppData\Local\Temp\arduino\sketches\4D77A44A3605C64187FEB002B13978C1/..\..\cores\TinyCircuits_samd_tinyarcade_BuildOption_TAgame_671cb57aaf343a5cc514ad0bed195d1f\core.a(SERCOM.cpp.o)
                0x000116d0                SERCOM::resetSPI()
 .text._ZN6SERCOM9enableSPIEv
                0x000116ea       0x14 C:\Users\panda\AppData\Local\Temp\arduino\sketches\4D77A44A3605C64187FEB002B13978C1/..\..\cores\TinyCircuits_samd_tinyarcade_BuildOption_TAgame_671cb57aaf343a5cc514ad0bed195d1f\core.a(SERCOM.cpp.o)
                0x000116ea                SERCOM::enableSPI()
 .text._ZN6SERCOM10disableSPIEv
                0x000116fe       0x12 C:\Users\panda\AppData\Local\Temp\arduino\sketches\4D77A44A3605C64187FEB002B13978C1/..\..\cores\TinyCircuits_samd_tinyarcade_BuildOption_TAgame_671cb57aaf343a5cc514ad0bed195d1f\core.a(SERCOM.cpp.o)
                0x000116fe                SERCOM::disableSPI()
 .text._ZN6SERCOM14setBaudrateSPIEh
                0x00011710       0x30 C:\Users\panda\AppData\Local\Temp\arduino\sketches\4D77A44A3605C64187FEB002B13978C1/..\..\cores\TinyCircuits_samd_tinyarcade_BuildOption_TAgame_671cb57aaf343a5cc514ad0bed195d1f\core.a(SERCOM.cpp.o)
                0x00011710                SERCOM::setBaudrateSPI(unsigned char)
 .text._ZN6SERCOM15setClockModeSPIE18SercomSpiClockMode
                0x00011740       0x40 C:\Users\panda\AppData\Local\Temp\arduino\sketches\4D77A44A3605C64187FEB002B13978C1/..\..\cores\TinyCircuits_samd_tinyarcade_BuildOption_TAgame_671cb57aaf343a5cc514ad0bed195d1f\core.a(SERCOM.cpp.o)
                0x00011740                SERCOM::setClockModeSPI(SercomSpiClockMode)
 .text._ZN6SERCOM15transferDataSPIEh
                0x00011780       0x1a C:\Users\panda\AppData\Local\Temp\arduino\sketches\4D77A44A3605C64187FEB002B13978C1/..\..\cores\TinyCircuits_samd_tinyarcade_BuildOption_TAgame_671cb57aaf343a5cc514ad0bed195d1f\core.a(SERCOM.cpp.o)
                0x00011780                SERCOM::transferDataSPI(unsigned char)
 .text._ZN6SERCOM18prepareNackBitWIREEv
                0x0001179a       0x10 C:\Users\panda\AppData\Local\Temp\arduino\sketches\4D77A44A3605C64187FEB002B13978C1/..\..\cores\TinyCircuits_samd_tinyarcade_BuildOption_TAgame_671cb57aaf343a5cc514ad0bed195d1f\core.a(SERCOM.cpp.o)
                0x0001179a                SERCOM::prepareNackBitWIRE()
 *fill*         0x000117aa        0x2 
 .text._ZN6SERCOM17prepareAckBitWIREEv
                0x000117ac       0x14 C:\Users\panda\AppData\Local\Temp\arduino\sketches\4D77A44A3605C64187FEB002B13978C1/..\..\cores\TinyCircuits_samd_tinyarcade_BuildOption_TAgame_671cb57aaf343a5cc514ad0bed195d1f\core.a(SERCOM.cpp.o)
                0x000117ac                SERCOM::prepareAckBitWIRE()
 .text._ZN6SERCOM22prepareCommandBitsWireEh
                0x000117c0       0x2c C:\Users\panda\AppData\Local\Temp\arduino\sketches\4D77A44A3605C64187FEB002B13978C1/..\..\cores\TinyCircuits_samd_tinyarcade_BuildOption_TAgame_671cb57aaf343a5cc514ad0bed195d1f\core.a(SERCOM.cpp.o)
                0x000117c0                SERCOM::prepareCommandBitsWire(unsigned char)
 .text._ZN6SERCOM21startTransmissionWIREEh23SercomWireReadWriteFlag
                0x000117ec       0x84 C:\Users\panda\AppData\Local\Temp\arduino\sketches\4D77A44A3605C64187FEB002B13978C1/..\..\cores\TinyCircuits_samd_tinyarcade_BuildOption_TAgame_671cb57aaf343a5cc514ad0bed195d1f\core.a(SERCOM.cpp.o)
                0x000117ec                SERCOM::startTransmissionWIRE(unsigned char, SercomWireReadWriteFlag)
 .text._ZN6SERCOM18sendDataMasterWIREEh
                0x00011870       0x24 C:\Users\panda\AppData\Local\Temp\arduino\sketches\4D77A44A3605C64187FEB002B13978C1/..\..\cores\TinyCircuits_samd_tinyarcade_BuildOption_TAgame_671cb57aaf343a5cc514ad0bed195d1f\core.a(SERCOM.cpp.o)
                0x00011870                SERCOM::sendDataMasterWIRE(unsigned char)
 .text._ZN6SERCOM17sendDataSlaveWIREEh
                0x00011894       0x1c C:\Users\panda\AppData\Local\Temp\arduino\sketches\4D77A44A3605C64187FEB002B13978C1/..\..\cores\TinyCircuits_samd_tinyarcade_BuildOption_TAgame_671cb57aaf343a5cc514ad0bed195d1f\core.a(SERCOM.cpp.o)
                0x00011894                SERCOM::sendDataSlaveWIRE(unsigned char)
 .text._ZN6SERCOM11isSlaveWIREEv
                0x000118b0       0x12 C:\Users\panda\AppData\Local\Temp\arduino\sketches\4D77A44A3605C64187FEB002B13978C1/..\..\cores\TinyCircuits_samd_tinyarcade_BuildOption_TAgame_671cb57aaf343a5cc514ad0bed195d1f\core.a(SERCOM.cpp.o)
                0x000118b0                SERCOM::isSlaveWIRE()
 .text._ZN6SERCOM15isDataReadyWIREEv
                0x000118c2        0xa C:\Users\panda\AppData\Local\Temp\arduino\sketches\4D77A44A3605C64187FEB002B13978C1/..\..\cores\TinyCircuits_samd_tinyarcade_BuildOption_TAgame_671cb57aaf343a5cc514ad0bed195d1f\core.a(SERCOM.cpp.o)
                0x000118c2                SERCOM::isDataReadyWIRE()
 .text._ZN6SERCOM18isStopDetectedWIREEv
                0x000118cc        0xa C:\Users\panda\AppData\Local\Temp\arduino\sketches\4D77A44A3605C64187FEB002B13978C1/..\..\cores\TinyCircuits_samd_tinyarcade_BuildOption_TAgame_671cb57aaf343a5cc514ad0bed195d1f\core.a(SERCOM.cpp.o)
                0x000118cc                SERCOM::isStopDetectedWIRE()
 .text._ZN6SERCOM21isRestartDetectedWIREEv
                0x000118d6        0xa C:\Users\panda\AppData\Local\Temp\arduino\sketches\4D77A44A3605C64187FEB002B13978C1/..\..\cores\TinyCircuits_samd_tinyarcade_BuildOption_TAgame_671cb57aaf343a5cc514ad0bed195d1f\core.a(SERCOM.cpp.o)
                0x000118d6                SERCOM::isRestartDetectedWIRE()
 .text._ZN6SERCOM14isAddressMatchEv
                0x000118e0        0xa C:\Users\panda\AppData\Local\Temp\arduino\sketches\4D77A44A3605C64187FEB002B13978C1/..\..\cores\TinyCircuits_samd_tinyarcade_BuildOption_TAgame_671cb57aaf343a5cc514ad0bed195d1f\core.a(SERCOM.cpp.o)
                0x000118e0                SERCOM::isAddressMatch()
 .text._ZN6SERCOM25isMasterReadOperationWIREEv
                0x000118ea        0xa C:\Users\panda\AppData\Local\Temp\arduino\sketches\4D77A44A3605C64187FEB002B13978C1/..\..\cores\TinyCircuits_samd_tinyarcade_BuildOption_TAgame_671cb57aaf343a5cc514ad0bed195d1f\core.a(SERCOM.cpp.o)
                0x000118ea                SERCOM::isMasterReadOperationWIRE()
 .text._ZN6SERCOM12readDataWIREEv
                0x000118f4       0x20 C:\Users\panda\AppData\Local\Temp\arduino\sketches\4D77A44A3605C64187FEB002B13978C1/..\..\cores\TinyCircuits_samd_tinyarcade_BuildOption_TAgame_671cb57aaf343a5cc514ad0bed195d1f\core.a(SERCOM.cpp.o)
                0x000118f4                SERCOM::readDataWIRE()
 .text._ZN6SERCOM13initClockNVICEv
                0x00011914       0xa8 C:\Users\panda\AppData\Local\Temp\arduino\sketches\4D77A44A3605C64187FEB002B13978C1/..\..\cores\TinyCircuits_samd_tinyarcade_BuildOption_TAgame_671cb57aaf343a5cc514ad0bed195d1f\core.a(SERCOM.cpp.o)
                0x00011914                SERCOM::initClockNVIC()
 .text._ZN6SERCOM8initUARTE14SercomUartMode20SercomUartSampleRatem
                0x000119bc       0x6c C:\Users\panda\AppData\Local\Temp\arduino\sketches\4D77A44A3605C64187FEB002B13978C1/..\..\cores\TinyCircuits_samd_tinyarcade_BuildOption_TAgame_671cb57aaf343a5cc514ad0bed195d1f\core.a(SERCOM.cpp.o)
                0x000119bc                SERCOM::initUART(SercomUartMode, SercomUartSampleRate, unsigned long)
 .text._ZN6SERCOM7initSPIE14SercomSpiTXPad11SercomRXPad17SercomSpiCharSize15SercomDataOrder
                0x00011a28       0x4a C:\Users\panda\AppData\Local\Temp\arduino\sketches\4D77A44A3605C64187FEB002B13978C1/..\..\cores\TinyCircuits_samd_tinyarcade_BuildOption_TAgame_671cb57aaf343a5cc514ad0bed195d1f\core.a(SERCOM.cpp.o)
                0x00011a28                SERCOM::initSPI(SercomSpiTXPad, SercomRXPad, SercomSpiCharSize, SercomDataOrder)
 .text._ZN4UartcvbEv
                0x00011a72        0x4 C:\Users\panda\AppData\Local\Temp\arduino\sketches\4D77A44A3605C64187FEB002B13978C1/..\..\cores\TinyCircuits_samd_tinyarcade_BuildOption_TAgame_671cb57aaf343a5cc514ad0bed195d1f\core.a(Uart.cpp.o)
                0x00011a72                Uart::operator bool()
 *fill*         0x00011a76        0x2 
 .text._ZN4Uart5beginEm
                0x00011a78       0x10 C:\Users\panda\AppData\Local\Temp\arduino\sketches\4D77A44A3605C64187FEB002B13978C1/..\..\cores\TinyCircuits_samd_tinyarcade_BuildOption_TAgame_671cb57aaf343a5cc514ad0bed195d1f\core.a(Uart.cpp.o)
                0x00011a78                Uart::begin(unsigned long)
 .text._ZN4Uart4peekEv
                0x00011a88       0x1a C:\Users\panda\AppData\Local\Temp\arduino\sketches\4D77A44A3605C64187FEB002B13978C1/..\..\cores\TinyCircuits_samd_tinyarcade_BuildOption_TAgame_671cb57aaf343a5cc514ad0bed195d1f\core.a(Uart.cpp.o)
                0x00011a88                Uart::peek()
 .text._ZN4Uart3endEv
                0x00011aa2       0x20 C:\Users\panda\AppData\Local\Temp\arduino\sketches\4D77A44A3605C64187FEB002B13978C1/..\..\cores\TinyCircuits_samd_tinyarcade_BuildOption_TAgame_671cb57aaf343a5cc514ad0bed195d1f\core.a(Uart.cpp.o)
                0x00011aa2                Uart::end()
 .text._ZN4Uart16extractNbStopBitEt
                0x00011ac2        0xc C:\Users\panda\AppData\Local\Temp\arduino\sketches\4D77A44A3605C64187FEB002B13978C1/..\..\cores\TinyCircuits_samd_tinyarcade_BuildOption_TAgame_671cb57aaf343a5cc514ad0bed195d1f\core.a(Uart.cpp.o)
                0x00011ac2                Uart::extractNbStopBit(unsigned short)
 .text._ZN4Uart15extractCharSizeEt
                0x00011ace       0x28 C:\Users\panda\AppData\Local\Temp\arduino\sketches\4D77A44A3605C64187FEB002B13978C1/..\..\cores\TinyCircuits_samd_tinyarcade_BuildOption_TAgame_671cb57aaf343a5cc514ad0bed195d1f\core.a(Uart.cpp.o)
                0x00011ace                Uart::extractCharSize(unsigned short)
 .text._ZN4Uart13extractParityEt
                0x00011af6       0x14 C:\Users\panda\AppData\Local\Temp\arduino\sketches\4D77A44A3605C64187FEB002B13978C1/..\..\cores\TinyCircuits_samd_tinyarcade_BuildOption_TAgame_671cb57aaf343a5cc514ad0bed195d1f\core.a(Uart.cpp.o)
                0x00011af6                Uart::extractParity(unsigned short)
 *fill*         0x00011b0a        0x2 
 .text._ZN4Uart5beginEmt
                0x00011b0c       0xf8 C:\Users\panda\AppData\Local\Temp\arduino\sketches\4D77A44A3605C64187FEB002B13978C1/..\..\cores\TinyCircuits_samd_tinyarcade_BuildOption_TAgame_671cb57aaf343a5cc514ad0bed195d1f\core.a(Uart.cpp.o)
                0x00011b0c                Uart::begin(unsigned long, unsigned short)
 .text._ZN11RingBufferNILi256EEC2Ev
                0x00011c04       0x1c C:\Users\panda\AppData\Local\Temp\arduino\sketches\4D77A44A3605C64187FEB002B13978C1/..\..\cores\TinyCircuits_samd_tinyarcade_BuildOption_TAgame_671cb57aaf343a5cc514ad0bed195d1f\core.a(Uart.cpp.o)
                0x00011c04                RingBufferN<256>::RingBufferN()
                0x00011c04                RingBufferN<256>::RingBufferN()
 .text._ZN4UartC2EP6SERCOMhh11SercomRXPad15SercomUartTXPad
                0x00011c20       0x74 C:\Users\panda\AppData\Local\Temp\arduino\sketches\4D77A44A3605C64187FEB002B13978C1/..\..\cores\TinyCircuits_samd_tinyarcade_BuildOption_TAgame_671cb57aaf343a5cc514ad0bed195d1f\core.a(Uart.cpp.o)
                0x00011c20                Uart::Uart(SERCOM*, unsigned char, unsigned char, SercomRXPad, SercomUartTXPad)
                0x00011c20                Uart::Uart(SERCOM*, unsigned char, unsigned char, SercomRXPad, SercomUartTXPad)
 .text._ZN11RingBufferNILi256EE9availableEv
                0x00011c94       0x12 C:\Users\panda\AppData\Local\Temp\arduino\sketches\4D77A44A3605C64187FEB002B13978C1/..\..\cores\TinyCircuits_samd_tinyarcade_BuildOption_TAgame_671cb57aaf343a5cc514ad0bed195d1f\core.a(Uart.cpp.o)
                0x00011c94                RingBufferN<256>::available()
 .text._ZN4Uart5flushEv
                0x00011ca6       0x1a C:\Users\panda\AppData\Local\Temp\arduino\sketches\4D77A44A3605C64187FEB002B13978C1/..\..\cores\TinyCircuits_samd_tinyarcade_BuildOption_TAgame_671cb57aaf343a5cc514ad0bed195d1f\core.a(Uart.cpp.o)
                0x00011ca6                Uart::flush()
 .text._ZN4Uart9availableEv
                0x00011cc0        0xa C:\Users\panda\AppData\Local\Temp\arduino\sketches\4D77A44A3605C64187FEB002B13978C1/..\..\cores\TinyCircuits_samd_tinyarcade_BuildOption_TAgame_671cb57aaf343a5cc514ad0bed195d1f\core.a(Uart.cpp.o)
                0x00011cc0                Uart::available()
 .text._ZN11RingBufferNILi256EE17availableForStoreEv
                0x00011cca       0x20 C:\Users\panda\AppData\Local\Temp\arduino\sketches\4D77A44A3605C64187FEB002B13978C1/..\..\cores\TinyCircuits_samd_tinyarcade_BuildOption_TAgame_671cb57aaf343a5cc514ad0bed195d1f\core.a(Uart.cpp.o)
                0x00011cca                RingBufferN<256>::availableForStore()
 .text._ZN4Uart17availableForWriteEv
                0x00011cea        0xc C:\Users\panda\AppData\Local\Temp\arduino\sketches\4D77A44A3605C64187FEB002B13978C1/..\..\cores\TinyCircuits_samd_tinyarcade_BuildOption_TAgame_671cb57aaf343a5cc514ad0bed195d1f\core.a(Uart.cpp.o)
                0x00011cea                Uart::availableForWrite()
 .text._ZN4Uart10IrqHandlerEv
                0x00011cf6       0xcc C:\Users\panda\AppData\Local\Temp\arduino\sketches\4D77A44A3605C64187FEB002B13978C1/..\..\cores\TinyCircuits_samd_tinyarcade_BuildOption_TAgame_671cb57aaf343a5cc514ad0bed195d1f\core.a(Uart.cpp.o)
                0x00011cf6                Uart::IrqHandler()
 *fill*         0x00011dc2        0x2 
 .text._ZN4Uart5writeEh
                0x00011dc4       0xb4 C:\Users\panda\AppData\Local\Temp\arduino\sketches\4D77A44A3605C64187FEB002B13978C1/..\..\cores\TinyCircuits_samd_tinyarcade_BuildOption_TAgame_671cb57aaf343a5cc514ad0bed195d1f\core.a(Uart.cpp.o)
                0x00011dc4                Uart::write(unsigned char)
 .text._ZN4Uart4readEv
                0x00011e78       0x4c C:\Users\panda\AppData\Local\Temp\arduino\sketches\4D77A44A3605C64187FEB002B13978C1/..\..\cores\TinyCircuits_samd_tinyarcade_BuildOption_TAgame_671cb57aaf343a5cc514ad0bed195d1f\core.a(Uart.cpp.o)
                0x00011e78                Uart::read()
 .text.Dummy_Handler
                0x00011ec4        0x2 C:\Users\panda\AppData\Local\Temp\arduino\sketches\4D77A44A3605C64187FEB002B13978C1/..\..\cores\TinyCircuits_samd_tinyarcade_BuildOption_TAgame_671cb57aaf343a5cc514ad0bed195d1f\core.a(cortex_handlers.c.o)
                0x00011ec4                HardFault_Handler
                0x00011ec4                AC_Handler
                0x00011ec4                PendSV_Handler
                0x00011ec4                NMI_Handler
                0x00011ec4                TC7_Handler
                0x00011ec4                SERCOM1_Handler
                0x00011ec4                ADC_Handler
                0x00011ec4                TCC1_Handler
                0x00011ec4                TCC0_Handler
                0x00011ec4                RTC_Handler
                0x00011ec4                EIC_Handler
                0x00011ec4                TC6_Handler
                0x00011ec4                WDT_Handler
                0x00011ec4                TC4_Handler
                0x00011ec4                TC3_Handler
                0x00011ec4                Dummy_Handler
                0x00011ec4                PM_Handler
                0x00011ec4                SVC_Handler
                0x00011ec4                TCC2_Handler
                0x00011ec4                EVSYS_Handler
                0x00011ec4                SERCOM3_Handler
                0x00011ec4                SERCOM4_Handler
                0x00011ec4                I2S_Handler
                0x00011ec4                NVMCTRL_Handler
                0x00011ec4                DAC_Handler
                0x00011ec4                PTC_Handler
                0x00011ec4                SYSCTRL_Handler
 *fill*         0x00011ec6        0x2 
 .text.USB_Handler
                0x00011ec8       0x14 C:\Users\panda\AppData\Local\Temp\arduino\sketches\4D77A44A3605C64187FEB002B13978C1/..\..\cores\TinyCircuits_samd_tinyarcade_BuildOption_TAgame_671cb57aaf343a5cc514ad0bed195d1f\core.a(cortex_handlers.c.o)
                0x00011ec8                USB_Handler
 .text.Reset_Handler
                0x00011edc       0x54 C:\Users\panda\AppData\Local\Temp\arduino\sketches\4D77A44A3605C64187FEB002B13978C1/..\..\cores\TinyCircuits_samd_tinyarcade_BuildOption_TAgame_671cb57aaf343a5cc514ad0bed195d1f\core.a(cortex_handlers.c.o)
                0x00011edc                Reset_Handler
 .text.SysTick_Handler
                0x00011f30       0x10 C:\Users\panda\AppData\Local\Temp\arduino\sketches\4D77A44A3605C64187FEB002B13978C1/..\..\cores\TinyCircuits_samd_tinyarcade_BuildOption_TAgame_671cb57aaf343a5cc514ad0bed195d1f\core.a(cortex_handlers.c.o)
                0x00011f30                SysTick_Handler
 .text.USB_SetHandler
                0x00011f40        0xc C:\Users\panda\AppData\Local\Temp\arduino\sketches\4D77A44A3605C64187FEB002B13978C1/..\..\cores\TinyCircuits_samd_tinyarcade_BuildOption_TAgame_671cb57aaf343a5cc514ad0bed195d1f\core.a(cortex_handlers.c.o)
                0x00011f40                USB_SetHandler
 .text.millis   0x00011f4c        0xc C:\Users\panda\AppData\Local\Temp\arduino\sketches\4D77A44A3605C64187FEB002B13978C1/..\..\cores\TinyCircuits_samd_tinyarcade_BuildOption_TAgame_671cb57aaf343a5cc514ad0bed195d1f\core.a(delay.c.o)
                0x00011f4c                millis
 .text.micros   0x00011f58       0x60 C:\Users\panda\AppData\Local\Temp\arduino\sketches\4D77A44A3605C64187FEB002B13978C1/..\..\cores\TinyCircuits_samd_tinyarcade_BuildOption_TAgame_671cb57aaf343a5cc514ad0bed195d1f\core.a(delay.c.o)
                0x00011f58                micros
 .text.delay    0x00011fb8       0x30 C:\Users\panda\AppData\Local\Temp\arduino\sketches\4D77A44A3605C64187FEB002B13978C1/..\..\cores\TinyCircuits_samd_tinyarcade_BuildOption_TAgame_671cb57aaf343a5cc514ad0bed195d1f\core.a(delay.c.o)
                0x00011fb8                delay
 .text.resetExternalChip
                0x00011fe8        0x2 C:\Users\panda\AppData\Local\Temp\arduino\sketches\4D77A44A3605C64187FEB002B13978C1/..\..\cores\TinyCircuits_samd_tinyarcade_BuildOption_TAgame_671cb57aaf343a5cc514ad0bed195d1f\core.a(delay.c.o)
                0x00011fe8                resetExternalChip
 *fill*         0x00011fea        0x2 
 .text.SysTick_DefaultHandler
                0x00011fec       0x14 C:\Users\panda\AppData\Local\Temp\arduino\sketches\4D77A44A3605C64187FEB002B13978C1/..\..\cores\TinyCircuits_samd_tinyarcade_BuildOption_TAgame_671cb57aaf343a5cc514ad0bed195d1f\core.a(delay.c.o)
                0x00011fec                SysTick_DefaultHandler
 .text.__empty  0x00012000        0x2 C:\Users\panda\AppData\Local\Temp\arduino\sketches\4D77A44A3605C64187FEB002B13978C1/..\..\cores\TinyCircuits_samd_tinyarcade_BuildOption_TAgame_671cb57aaf343a5cc514ad0bed195d1f\core.a(hooks.c.o)
                0x00012000                yield
 .text.__false  0x00012002        0x4 C:\Users\panda\AppData\Local\Temp\arduino\sketches\4D77A44A3605C64187FEB002B13978C1/..\..\cores\TinyCircuits_samd_tinyarcade_BuildOption_TAgame_671cb57aaf343a5cc514ad0bed195d1f\core.a(hooks.c.o)
                0x00012002                sysTickHook
 .text._Z11initVariantv
                0x00012006        0x2 C:\Users\panda\AppData\Local\Temp\arduino\sketches\4D77A44A3605C64187FEB002B13978C1/..\..\cores\TinyCircuits_samd_tinyarcade_BuildOption_TAgame_671cb57aaf343a5cc514ad0bed195d1f\core.a(main.cpp.o)
                0x00012006                initVariant()
 .text.startup.main
                0x00012008       0x40 C:\Users\panda\AppData\Local\Temp\arduino\sketches\4D77A44A3605C64187FEB002B13978C1/..\..\cores\TinyCircuits_samd_tinyarcade_BuildOption_TAgame_671cb57aaf343a5cc514ad0bed195d1f\core.a(main.cpp.o)
                0x00012008                main
 .text.SystemInit
                0x00012048      0x194 C:\Users\panda\AppData\Local\Temp\arduino\sketches\4D77A44A3605C64187FEB002B13978C1/..\..\cores\TinyCircuits_samd_tinyarcade_BuildOption_TAgame_671cb57aaf343a5cc514ad0bed195d1f\core.a(startup.c.o)
                0x00012048                SystemInit
 .text.init     0x000121dc       0xf0 C:\Users\panda\AppData\Local\Temp\arduino\sketches\4D77A44A3605C64187FEB002B13978C1/..\..\cores\TinyCircuits_samd_tinyarcade_BuildOption_TAgame_671cb57aaf343a5cc514ad0bed195d1f\core.a(wiring.c.o)
                0x000121dc                init
 .text.mapResolution
                0x000122cc       0x12 C:\Users\panda\AppData\Local\Temp\arduino\sketches\4D77A44A3605C64187FEB002B13978C1/..\..\cores\TinyCircuits_samd_tinyarcade_BuildOption_TAgame_671cb57aaf343a5cc514ad0bed195d1f\core.a(wiring_analog.c.o)
 *fill*         0x000122de        0x2 
 .text.analogReference
                0x000122e0       0x64 C:\Users\panda\AppData\Local\Temp\arduino\sketches\4D77A44A3605C64187FEB002B13978C1/..\..\cores\TinyCircuits_samd_tinyarcade_BuildOption_TAgame_671cb57aaf343a5cc514ad0bed195d1f\core.a(wiring_analog.c.o)
                0x000122e0                analogReference
 .text.analogRead
                0x00012344       0xd8 C:\Users\panda\AppData\Local\Temp\arduino\sketches\4D77A44A3605C64187FEB002B13978C1/..\..\cores\TinyCircuits_samd_tinyarcade_BuildOption_TAgame_671cb57aaf343a5cc514ad0bed195d1f\core.a(wiring_analog.c.o)
                0x00012344                analogRead
 .text.analogWrite
                0x0001241c      0x1d4 C:\Users\panda\AppData\Local\Temp\arduino\sketches\4D77A44A3605C64187FEB002B13978C1/..\..\cores\TinyCircuits_samd_tinyarcade_BuildOption_TAgame_671cb57aaf343a5cc514ad0bed195d1f\core.a(wiring_analog.c.o)
                0x0001241c                analogWrite
 .text.pinMode  0x000125f0       0x98 C:\Users\panda\AppData\Local\Temp\arduino\sketches\4D77A44A3605C64187FEB002B13978C1/..\..\cores\TinyCircuits_samd_tinyarcade_BuildOption_TAgame_671cb57aaf343a5cc514ad0bed195d1f\core.a(wiring_digital.c.o)
                0x000125f0                pinMode
 .text.digitalWrite
                0x00012688       0x58 C:\Users\panda\AppData\Local\Temp\arduino\sketches\4D77A44A3605C64187FEB002B13978C1/..\..\cores\TinyCircuits_samd_tinyarcade_BuildOption_TAgame_671cb57aaf343a5cc514ad0bed195d1f\core.a(wiring_digital.c.o)
                0x00012688                digitalWrite
 .text.digitalRead
                0x000126e0       0x30 C:\Users\panda\AppData\Local\Temp\arduino\sketches\4D77A44A3605C64187FEB002B13978C1/..\..\cores\TinyCircuits_samd_tinyarcade_BuildOption_TAgame_671cb57aaf343a5cc514ad0bed195d1f\core.a(wiring_digital.c.o)
                0x000126e0                digitalRead
 .text.pinPeripheral
                0x00012710       0xc0 C:\Users\panda\AppData\Local\Temp\arduino\sketches\4D77A44A3605C64187FEB002B13978C1/..\..\cores\TinyCircuits_samd_tinyarcade_BuildOption_TAgame_671cb57aaf343a5cc514ad0bed195d1f\core.a(wiring_private.c.o)
                0x00012710                pinPeripheral
 .text.initiateReset
                0x000127d0       0x14 C:\Users\panda\AppData\Local\Temp\arduino\sketches\4D77A44A3605C64187FEB002B13978C1/..\..\cores\TinyCircuits_samd_tinyarcade_BuildOption_TAgame_671cb57aaf343a5cc514ad0bed195d1f\core.a(Reset.cpp.o)
                0x000127d0                initiateReset
 .text.cancelReset
                0x000127e4       0x10 C:\Users\panda\AppData\Local\Temp\arduino\sketches\4D77A44A3605C64187FEB002B13978C1/..\..\cores\TinyCircuits_samd_tinyarcade_BuildOption_TAgame_671cb57aaf343a5cc514ad0bed195d1f\core.a(Reset.cpp.o)
                0x000127e4                cancelReset
 .text.tickReset
                0x000127f4       0x78 C:\Users\panda\AppData\Local\Temp\arduino\sketches\4D77A44A3605C64187FEB002B13978C1/..\..\cores\TinyCircuits_samd_tinyarcade_BuildOption_TAgame_671cb57aaf343a5cc514ad0bed195d1f\core.a(Reset.cpp.o)
                0x000127f4                tickReset
 .text._ZN26DoubleBufferedEPOutHandlerD2Ev
                0x0001286c        0x2 C:\Users\panda\AppData\Local\Temp\arduino\sketches\4D77A44A3605C64187FEB002B13978C1/..\..\cores\TinyCircuits_samd_tinyarcade_BuildOption_TAgame_671cb57aaf343a5cc514ad0bed195d1f\core.a(USBCore.cpp.o)
                0x0001286c                DoubleBufferedEPOutHandler::~DoubleBufferedEPOutHandler()
                0x0001286c                DoubleBufferedEPOutHandler::~DoubleBufferedEPOutHandler()
 .text._ZN26DoubleBufferedEPOutHandlerD0Ev
                0x0001286e        0xc C:\Users\panda\AppData\Local\Temp\arduino\sketches\4D77A44A3605C64187FEB002B13978C1/..\..\cores\TinyCircuits_samd_tinyarcade_BuildOption_TAgame_671cb57aaf343a5cc514ad0bed195d1f\core.a(USBCore.cpp.o)
                0x0001286e                DoubleBufferedEPOutHandler::~DoubleBufferedEPOutHandler()
 *fill*         0x0001287a        0x2 
 .text._ZN14USBDeviceClass6initEPEmm.part.7
                0x0001287c       0xc4 C:\Users\panda\AppData\Local\Temp\arduino\sketches\4D77A44A3605C64187FEB002B13978C1/..\..\cores\TinyCircuits_samd_tinyarcade_BuildOption_TAgame_671cb57aaf343a5cc514ad0bed195d1f\core.a(USBCore.cpp.o)
 .text._ZN7__GuardC2Ev
                0x00012940        0xe C:\Users\panda\AppData\Local\Temp\arduino\sketches\4D77A44A3605C64187FEB002B13978C1/..\..\cores\TinyCircuits_samd_tinyarcade_BuildOption_TAgame_671cb57aaf343a5cc514ad0bed195d1f\core.a(USBCore.cpp.o)
                0x00012940                __Guard::__Guard()
                0x00012940                __Guard::__Guard()
 .text._ZN7__GuardD2Ev
                0x0001294e        0xe C:\Users\panda\AppData\Local\Temp\arduino\sketches\4D77A44A3605C64187FEB002B13978C1/..\..\cores\TinyCircuits_samd_tinyarcade_BuildOption_TAgame_671cb57aaf343a5cc514ad0bed195d1f\core.a(USBCore.cpp.o)
                0x0001294e                __Guard::~__Guard()
                0x0001294e                __Guard::~__Guard()
 .text._ZNK26DoubleBufferedEPOutHandler10_availableEv
                0x0001295c       0x70 C:\Users\panda\AppData\Local\Temp\arduino\sketches\4D77A44A3605C64187FEB002B13978C1/..\..\cores\TinyCircuits_samd_tinyarcade_BuildOption_TAgame_671cb57aaf343a5cc514ad0bed195d1f\core.a(USBCore.cpp.o)
                0x0001295c                DoubleBufferedEPOutHandler::_available() const
 .text._ZN26DoubleBufferedEPOutHandler7releaseEv
                0x000129cc       0x3c C:\Users\panda\AppData\Local\Temp\arduino\sketches\4D77A44A3605C64187FEB002B13978C1/..\..\cores\TinyCircuits_samd_tinyarcade_BuildOption_TAgame_671cb57aaf343a5cc514ad0bed195d1f\core.a(USBCore.cpp.o)
                0x000129cc                DoubleBufferedEPOutHandler::release()
 .text._ZN26DoubleBufferedEPOutHandler14handleEndpointEv
                0x00012a08       0xea C:\Users\panda\AppData\Local\Temp\arduino\sketches\4D77A44A3605C64187FEB002B13978C1/..\..\cores\TinyCircuits_samd_tinyarcade_BuildOption_TAgame_671cb57aaf343a5cc514ad0bed195d1f\core.a(USBCore.cpp.o)
                0x00012a08                DoubleBufferedEPOutHandler::handleEndpoint()
 .text._ZN26DoubleBufferedEPOutHandler5_recvEv
                0x00012af2      0x198 C:\Users\panda\AppData\Local\Temp\arduino\sketches\4D77A44A3605C64187FEB002B13978C1/..\..\cores\TinyCircuits_samd_tinyarcade_BuildOption_TAgame_671cb57aaf343a5cc514ad0bed195d1f\core.a(USBCore.cpp.o)
                0x00012af2                DoubleBufferedEPOutHandler::_recv()
 .text._ZN26DoubleBufferedEPOutHandler4peekEv
                0x00012c8a       0x22 C:\Users\panda\AppData\Local\Temp\arduino\sketches\4D77A44A3605C64187FEB002B13978C1/..\..\cores\TinyCircuits_samd_tinyarcade_BuildOption_TAgame_671cb57aaf343a5cc514ad0bed195d1f\core.a(USBCore.cpp.o)
                0x00012c8a                DoubleBufferedEPOutHandler::peek()
 .text._ZN26DoubleBufferedEPOutHandler9availableEv
                0x00012cac       0x18 C:\Users\panda\AppData\Local\Temp\arduino\sketches\4D77A44A3605C64187FEB002B13978C1/..\..\cores\TinyCircuits_samd_tinyarcade_BuildOption_TAgame_671cb57aaf343a5cc514ad0bed195d1f\core.a(USBCore.cpp.o)
                0x00012cac                DoubleBufferedEPOutHandler::available()
 .text._ZN26DoubleBufferedEPOutHandler4recvEPvm
                0x00012cc4       0x72 C:\Users\panda\AppData\Local\Temp\arduino\sketches\4D77A44A3605C64187FEB002B13978C1/..\..\cores\TinyCircuits_samd_tinyarcade_BuildOption_TAgame_671cb57aaf343a5cc514ad0bed195d1f\core.a(USBCore.cpp.o)
                0x00012cc4                DoubleBufferedEPOutHandler::recv(void*, unsigned long)
 .text._ZN14USBDeviceClass14SendInterfacesEPm
                0x00012d36       0x20 C:\Users\panda\AppData\Local\Temp\arduino\sketches\4D77A44A3605C64187FEB002B13978C1/..\..\cores\TinyCircuits_samd_tinyarcade_BuildOption_TAgame_671cb57aaf343a5cc514ad0bed195d1f\core.a(USBCore.cpp.o)
                0x00012d36                USBDeviceClass::SendInterfaces(unsigned long*)
 *fill*         0x00012d56        0x2 
 .text._ZN14USBDeviceClass4initEv
                0x00012d58      0x144 C:\Users\panda\AppData\Local\Temp\arduino\sketches\4D77A44A3605C64187FEB002B13978C1/..\..\cores\TinyCircuits_samd_tinyarcade_BuildOption_TAgame_671cb57aaf343a5cc514ad0bed195d1f\core.a(USBCore.cpp.o)
                0x00012d58                USBDeviceClass::init()
 .text._ZN14USBDeviceClass6attachEv
                0x00012e9c       0x34 C:\Users\panda\AppData\Local\Temp\arduino\sketches\4D77A44A3605C64187FEB002B13978C1/..\..\cores\TinyCircuits_samd_tinyarcade_BuildOption_TAgame_671cb57aaf343a5cc514ad0bed195d1f\core.a(USBCore.cpp.o)
                0x00012e9c                USBDeviceClass::attach()
 .text._ZN14USBDeviceClass10setAddressEm
                0x00012ed0       0x48 C:\Users\panda\AppData\Local\Temp\arduino\sketches\4D77A44A3605C64187FEB002B13978C1/..\..\cores\TinyCircuits_samd_tinyarcade_BuildOption_TAgame_671cb57aaf343a5cc514ad0bed195d1f\core.a(USBCore.cpp.o)
                0x00012ed0                USBDeviceClass::setAddress(unsigned long)
 .text._ZN14USBDeviceClass25handleClassInterfaceSetupER8USBSetup
                0x00012f18       0x24 C:\Users\panda\AppData\Local\Temp\arduino\sketches\4D77A44A3605C64187FEB002B13978C1/..\..\cores\TinyCircuits_samd_tinyarcade_BuildOption_TAgame_671cb57aaf343a5cc514ad0bed195d1f\core.a(USBCore.cpp.o)
                0x00012f18                USBDeviceClass::handleClassInterfaceSetup(USBSetup&)
 .text._ZN14USBDeviceClass6initEPEmm
                0x00012f3c      0x120 C:\Users\panda\AppData\Local\Temp\arduino\sketches\4D77A44A3605C64187FEB002B13978C1/..\..\cores\TinyCircuits_samd_tinyarcade_BuildOption_TAgame_671cb57aaf343a5cc514ad0bed195d1f\core.a(USBCore.cpp.o)
                0x00012f3c                USBDeviceClass::initEP(unsigned long, unsigned long)
 .text._ZN14USBDeviceClass13initEndpointsEv
                0x0001305c       0x24 C:\Users\panda\AppData\Local\Temp\arduino\sketches\4D77A44A3605C64187FEB002B13978C1/..\..\cores\TinyCircuits_samd_tinyarcade_BuildOption_TAgame_671cb57aaf343a5cc514ad0bed195d1f\core.a(USBCore.cpp.o)
                0x0001305c                USBDeviceClass::initEndpoints()
 .text._ZN14USBDeviceClass5clearEm
                0x00013080       0x38 C:\Users\panda\AppData\Local\Temp\arduino\sketches\4D77A44A3605C64187FEB002B13978C1/..\..\cores\TinyCircuits_samd_tinyarcade_BuildOption_TAgame_671cb57aaf343a5cc514ad0bed195d1f\core.a(USBCore.cpp.o)
                0x00013080                USBDeviceClass::clear(unsigned long)
 .text._ZN14USBDeviceClass9availableEm
                0x000130b8       0x2c C:\Users\panda\AppData\Local\Temp\arduino\sketches\4D77A44A3605C64187FEB002B13978C1/..\..\cores\TinyCircuits_samd_tinyarcade_BuildOption_TAgame_671cb57aaf343a5cc514ad0bed195d1f\core.a(USBCore.cpp.o)
                0x000130b8                USBDeviceClass::available(unsigned long)
 .text._ZN14USBDeviceClass5flushEm
                0x000130e4       0x2c C:\Users\panda\AppData\Local\Temp\arduino\sketches\4D77A44A3605C64187FEB002B13978C1/..\..\cores\TinyCircuits_samd_tinyarcade_BuildOption_TAgame_671cb57aaf343a5cc514ad0bed195d1f\core.a(USBCore.cpp.o)
                0x000130e4                USBDeviceClass::flush(unsigned long)
 .text._ZN14USBDeviceClass4recvEmPvm
                0x00013110       0xc0 C:\Users\panda\AppData\Local\Temp\arduino\sketches\4D77A44A3605C64187FEB002B13978C1/..\..\cores\TinyCircuits_samd_tinyarcade_BuildOption_TAgame_671cb57aaf343a5cc514ad0bed195d1f\core.a(USBCore.cpp.o)
                0x00013110                USBDeviceClass::recv(unsigned long, void*, unsigned long)
 .text._ZN14USBDeviceClass4recvEm
                0x000131d0       0x1c C:\Users\panda\AppData\Local\Temp\arduino\sketches\4D77A44A3605C64187FEB002B13978C1/..\..\cores\TinyCircuits_samd_tinyarcade_BuildOption_TAgame_671cb57aaf343a5cc514ad0bed195d1f\core.a(USBCore.cpp.o)
                0x000131d0                USBDeviceClass::recv(unsigned long)
 .text._ZN14USBDeviceClass14armRecvCtrlOUTEm
                0x000131ec       0x5c C:\Users\panda\AppData\Local\Temp\arduino\sketches\4D77A44A3605C64187FEB002B13978C1/..\..\cores\TinyCircuits_samd_tinyarcade_BuildOption_TAgame_671cb57aaf343a5cc514ad0bed195d1f\core.a(USBCore.cpp.o)
                0x000131ec                USBDeviceClass::armRecvCtrlOUT(unsigned long)
 .text._ZN14USBDeviceClass11recvControlEPvm
                0x00013248       0x28 C:\Users\panda\AppData\Local\Temp\arduino\sketches\4D77A44A3605C64187FEB002B13978C1/..\..\cores\TinyCircuits_samd_tinyarcade_BuildOption_TAgame_671cb57aaf343a5cc514ad0bed195d1f\core.a(USBCore.cpp.o)
                0x00013248                USBDeviceClass::recvControl(void*, unsigned long)
 .text._ZN14USBDeviceClass4sendEmPKvm
                0x00013270      0x10c C:\Users\panda\AppData\Local\Temp\arduino\sketches\4D77A44A3605C64187FEB002B13978C1/..\..\cores\TinyCircuits_samd_tinyarcade_BuildOption_TAgame_671cb57aaf343a5cc514ad0bed195d1f\core.a(USBCore.cpp.o)
                0x00013270                USBDeviceClass::send(unsigned long, void const*, unsigned long)
 .text._ZN14USBDeviceClass7armSendEmPKvm
                0x0001337c       0x48 C:\Users\panda\AppData\Local\Temp\arduino\sketches\4D77A44A3605C64187FEB002B13978C1/..\..\cores\TinyCircuits_samd_tinyarcade_BuildOption_TAgame_671cb57aaf343a5cc514ad0bed195d1f\core.a(USBCore.cpp.o)
                0x0001337c                USBDeviceClass::armSend(unsigned long, void const*, unsigned long)
 .text._ZN14USBDeviceClass11sendControlEPKvm
                0x000133c4       0x54 C:\Users\panda\AppData\Local\Temp\arduino\sketches\4D77A44A3605C64187FEB002B13978C1/..\..\cores\TinyCircuits_samd_tinyarcade_BuildOption_TAgame_671cb57aaf343a5cc514ad0bed195d1f\core.a(USBCore.cpp.o)
                0x000133c4                USBDeviceClass::sendControl(void const*, unsigned long)
 .text._ZN14USBDeviceClass20sendStringDescriptorEPKhm
                0x00013418       0x64 C:\Users\panda\AppData\Local\Temp\arduino\sketches\4D77A44A3605C64187FEB002B13978C1/..\..\cores\TinyCircuits_samd_tinyarcade_BuildOption_TAgame_671cb57aaf343a5cc514ad0bed195d1f\core.a(USBCore.cpp.o)
                0x00013418                USBDeviceClass::sendStringDescriptor(unsigned char const*, unsigned long)
 .text._ZN14USBDeviceClass17sendConfigurationEm
                0x0001347c       0x80 C:\Users\panda\AppData\Local\Temp\arduino\sketches\4D77A44A3605C64187FEB002B13978C1/..\..\cores\TinyCircuits_samd_tinyarcade_BuildOption_TAgame_671cb57aaf343a5cc514ad0bed195d1f\core.a(USBCore.cpp.o)
                0x0001347c                USBDeviceClass::sendConfiguration(unsigned long)
 .text._ZN14USBDeviceClass14sendDescriptorER8USBSetup
                0x000134fc       0xe0 C:\Users\panda\AppData\Local\Temp\arduino\sketches\4D77A44A3605C64187FEB002B13978C1/..\..\cores\TinyCircuits_samd_tinyarcade_BuildOption_TAgame_671cb57aaf343a5cc514ad0bed195d1f\core.a(USBCore.cpp.o)
                0x000134fc                USBDeviceClass::sendDescriptor(USBSetup&)
 .text._ZN14USBDeviceClass7sendZlpEm
                0x000135dc       0x18 C:\Users\panda\AppData\Local\Temp\arduino\sketches\4D77A44A3605C64187FEB002B13978C1/..\..\cores\TinyCircuits_samd_tinyarcade_BuildOption_TAgame_671cb57aaf343a5cc514ad0bed195d1f\core.a(USBCore.cpp.o)
                0x000135dc                USBDeviceClass::sendZlp(unsigned long)
 .text._ZN14USBDeviceClass19handleStandardSetupER8USBSetup
                0x000135f4       0xf0 C:\Users\panda\AppData\Local\Temp\arduino\sketches\4D77A44A3605C64187FEB002B13978C1/..\..\cores\TinyCircuits_samd_tinyarcade_BuildOption_TAgame_671cb57aaf343a5cc514ad0bed195d1f\core.a(USBCore.cpp.o)
                0x000135f4                USBDeviceClass::handleStandardSetup(USBSetup&)
 .text._ZN14USBDeviceClass10ISRHandlerEv
                0x000136e4      0x108 C:\Users\panda\AppData\Local\Temp\arduino\sketches\4D77A44A3605C64187FEB002B13978C1/..\..\cores\TinyCircuits_samd_tinyarcade_BuildOption_TAgame_671cb57aaf343a5cc514ad0bed195d1f\core.a(USBCore.cpp.o)
                0x000136e4                USBDeviceClass::ISRHandler()
 .text.UDD_Handler
                0x000137ec       0x10 C:\Users\panda\AppData\Local\Temp\arduino\sketches\4D77A44A3605C64187FEB002B13978C1/..\..\cores\TinyCircuits_samd_tinyarcade_BuildOption_TAgame_671cb57aaf343a5cc514ad0bed195d1f\core.a(USBCore.cpp.o)
                0x000137ec                UDD_Handler
 .text.startup._GLOBAL__sub_I_usbd
                0x000137fc       0x10 C:\Users\panda\AppData\Local\Temp\arduino\sketches\4D77A44A3605C64187FEB002B13978C1/..\..\cores\TinyCircuits_samd_tinyarcade_BuildOption_TAgame_671cb57aaf343a5cc514ad0bed195d1f\core.a(USBCore.cpp.o)
 .text._Znwj    0x0001380c        0x8 C:\Users\panda\AppData\Local\Temp\arduino\sketches\4D77A44A3605C64187FEB002B13978C1/..\..\cores\TinyCircuits_samd_tinyarcade_BuildOption_TAgame_671cb57aaf343a5cc514ad0bed195d1f\core.a(new.cpp.o)
                0x0001380c                operator new(unsigned int)
 .text._ZdlPv   0x00013814        0x8 C:\Users\panda\AppData\Local\Temp\arduino\sketches\4D77A44A3605C64187FEB002B13978C1/..\..\cores\TinyCircuits_samd_tinyarcade_BuildOption_TAgame_671cb57aaf343a5cc514ad0bed195d1f\core.a(new.cpp.o)
                0x00013814                operator delete(void*)
 .text._ZN7Serial_13getDescriptorER8USBSetup
                0x0001381c        0x4 C:\Users\panda\AppData\Local\Temp\arduino\sketches\4D77A44A3605C64187FEB002B13978C1/..\..\cores\TinyCircuits_samd_tinyarcade_BuildOption_TAgame_671cb57aaf343a5cc514ad0bed195d1f\core.a(CDC.cpp.o)
                0x0001381c                Serial_::getDescriptor(USBSetup&)
 .text._ZL5utox8mPc
                0x00013820       0x24 C:\Users\panda\AppData\Local\Temp\arduino\sketches\4D77A44A3605C64187FEB002B13978C1/..\..\cores\TinyCircuits_samd_tinyarcade_BuildOption_TAgame_671cb57aaf343a5cc514ad0bed195d1f\core.a(CDC.cpp.o)
 .text._ZN7Serial_12getShortNameEPc
                0x00013844       0x44 C:\Users\panda\AppData\Local\Temp\arduino\sketches\4D77A44A3605C64187FEB002B13978C1/..\..\cores\TinyCircuits_samd_tinyarcade_BuildOption_TAgame_671cb57aaf343a5cc514ad0bed195d1f\core.a(CDC.cpp.o)
                0x00013844                Serial_::getShortName(char*)
 .text._ZThn16_N7Serial_12getShortNameEPc
                0x00013888       0x10 C:\Users\panda\AppData\Local\Temp\arduino\sketches\4D77A44A3605C64187FEB002B13978C1/..\..\cores\TinyCircuits_samd_tinyarcade_BuildOption_TAgame_671cb57aaf343a5cc514ad0bed195d1f\core.a(CDC.cpp.o)
                0x00013888                non-virtual thunk to Serial_::getShortName(char*)
 .text._ZN7Serial_14handleEndpointEi
                0x00013898        0x2 C:\Users\panda\AppData\Local\Temp\arduino\sketches\4D77A44A3605C64187FEB002B13978C1/..\..\cores\TinyCircuits_samd_tinyarcade_BuildOption_TAgame_671cb57aaf343a5cc514ad0bed195d1f\core.a(CDC.cpp.o)
                0x00013898                Serial_::handleEndpoint(int)
 .text._ZN7Serial_17availableForWriteEv
                0x0001389a        0x4 C:\Users\panda\AppData\Local\Temp\arduino\sketches\4D77A44A3605C64187FEB002B13978C1/..\..\cores\TinyCircuits_samd_tinyarcade_BuildOption_TAgame_671cb57aaf343a5cc514ad0bed195d1f\core.a(CDC.cpp.o)
                0x0001389a                Serial_::availableForWrite()
 .text._ZN7Serial_5writeEh
                0x0001389e       0x14 C:\Users\panda\AppData\Local\Temp\arduino\sketches\4D77A44A3605C64187FEB002B13978C1/..\..\cores\TinyCircuits_samd_tinyarcade_BuildOption_TAgame_671cb57aaf343a5cc514ad0bed195d1f\core.a(CDC.cpp.o)
                0x0001389e                Serial_::write(unsigned char)
 *fill*         0x000138b2        0x2 
 .text._ZN7Serial_12getInterfaceEPh
                0x000138b4      0x11c C:\Users\panda\AppData\Local\Temp\arduino\sketches\4D77A44A3605C64187FEB002B13978C1/..\..\cores\TinyCircuits_samd_tinyarcade_BuildOption_TAgame_671cb57aaf343a5cc514ad0bed195d1f\core.a(CDC.cpp.o)
                0x000138b4                Serial_::getInterface(unsigned char*)
 .text._ZThn16_N7Serial_12getInterfaceEPh
                0x000139d0       0x10 C:\Users\panda\AppData\Local\Temp\arduino\sketches\4D77A44A3605C64187FEB002B13978C1/..\..\cores\TinyCircuits_samd_tinyarcade_BuildOption_TAgame_671cb57aaf343a5cc514ad0bed195d1f\core.a(CDC.cpp.o)
                0x000139d0                non-virtual thunk to Serial_::getInterface(unsigned char*)
 .text._ZN7Serial_5setupER8USBSetup
                0x000139e0       0xa8 C:\Users\panda\AppData\Local\Temp\arduino\sketches\4D77A44A3605C64187FEB002B13978C1/..\..\cores\TinyCircuits_samd_tinyarcade_BuildOption_TAgame_671cb57aaf343a5cc514ad0bed195d1f\core.a(CDC.cpp.o)
                0x000139e0                Serial_::setup(USBSetup&)
 .text._ZThn16_N7Serial_5setupER8USBSetup
                0x00013a88       0x10 C:\Users\panda\AppData\Local\Temp\arduino\sketches\4D77A44A3605C64187FEB002B13978C1/..\..\cores\TinyCircuits_samd_tinyarcade_BuildOption_TAgame_671cb57aaf343a5cc514ad0bed195d1f\core.a(CDC.cpp.o)
                0x00013a88                non-virtual thunk to Serial_::setup(USBSetup&)
 .text._ZN7Serial_9availableEv
                0x00013a98       0x20 C:\Users\panda\AppData\Local\Temp\arduino\sketches\4D77A44A3605C64187FEB002B13978C1/..\..\cores\TinyCircuits_samd_tinyarcade_BuildOption_TAgame_671cb57aaf343a5cc514ad0bed195d1f\core.a(CDC.cpp.o)
                0x00013a98                Serial_::available()
 .text._ZN7Serial_5flushEv
                0x00013ab8        0xe C:\Users\panda\AppData\Local\Temp\arduino\sketches\4D77A44A3605C64187FEB002B13978C1/..\..\cores\TinyCircuits_samd_tinyarcade_BuildOption_TAgame_671cb57aaf343a5cc514ad0bed195d1f\core.a(CDC.cpp.o)
                0x00013ab8                Serial_::flush()
 .text._ZN7Serial_5clearEv
                0x00013ac6        0xe C:\Users\panda\AppData\Local\Temp\arduino\sketches\4D77A44A3605C64187FEB002B13978C1/..\..\cores\TinyCircuits_samd_tinyarcade_BuildOption_TAgame_671cb57aaf343a5cc514ad0bed195d1f\core.a(CDC.cpp.o)
                0x00013ac6                Serial_::clear()
 .text._ZN7Serial_5writeEPKhj
                0x00013ad4       0x1e C:\Users\panda\AppData\Local\Temp\arduino\sketches\4D77A44A3605C64187FEB002B13978C1/..\..\cores\TinyCircuits_samd_tinyarcade_BuildOption_TAgame_671cb57aaf343a5cc514ad0bed195d1f\core.a(CDC.cpp.o)
                0x00013ad4                Serial_::write(unsigned char const*, unsigned int)
 *fill*         0x00013af2        0x2 
 .text._ZN7Serial_4peekEv
                0x00013af4       0x1c C:\Users\panda\AppData\Local\Temp\arduino\sketches\4D77A44A3605C64187FEB002B13978C1/..\..\cores\TinyCircuits_samd_tinyarcade_BuildOption_TAgame_671cb57aaf343a5cc514ad0bed195d1f\core.a(CDC.cpp.o)
                0x00013af4                Serial_::peek()
 .text._ZN7Serial_4readEv
                0x00013b10       0x24 C:\Users\panda\AppData\Local\Temp\arduino\sketches\4D77A44A3605C64187FEB002B13978C1/..\..\cores\TinyCircuits_samd_tinyarcade_BuildOption_TAgame_671cb57aaf343a5cc514ad0bed195d1f\core.a(CDC.cpp.o)
                0x00013b10                Serial_::read()
 .text._ZThn16_N7Serial_14handleEndpointEi
                0x00013b34        0x2 C:\Users\panda\AppData\Local\Temp\arduino\sketches\4D77A44A3605C64187FEB002B13978C1/..\..\cores\TinyCircuits_samd_tinyarcade_BuildOption_TAgame_671cb57aaf343a5cc514ad0bed195d1f\core.a(CDC.cpp.o)
                0x00013b34                non-virtual thunk to Serial_::handleEndpoint(int)
 .text._ZThn16_N7Serial_13getDescriptorER8USBSetup
                0x00013b36        0x4 C:\Users\panda\AppData\Local\Temp\arduino\sketches\4D77A44A3605C64187FEB002B13978C1/..\..\cores\TinyCircuits_samd_tinyarcade_BuildOption_TAgame_671cb57aaf343a5cc514ad0bed195d1f\core.a(CDC.cpp.o)
                0x00013b36                non-virtual thunk to Serial_::getDescriptor(USBSetup&)
 *fill*         0x00013b3a        0x2 
 .text._ZN7Serial_C2ER14USBDeviceClass
                0x00013b3c       0x50 C:\Users\panda\AppData\Local\Temp\arduino\sketches\4D77A44A3605C64187FEB002B13978C1/..\..\cores\TinyCircuits_samd_tinyarcade_BuildOption_TAgame_671cb57aaf343a5cc514ad0bed195d1f\core.a(CDC.cpp.o)
                0x00013b3c                Serial_::Serial_(USBDeviceClass&)
                0x00013b3c                Serial_::Serial_(USBDeviceClass&)
 .text._ZN7Serial_15enableInterruptEv
                0x00013b8c       0x30 C:\Users\panda\AppData\Local\Temp\arduino\sketches\4D77A44A3605C64187FEB002B13978C1/..\..\cores\TinyCircuits_samd_tinyarcade_BuildOption_TAgame_671cb57aaf343a5cc514ad0bed195d1f\core.a(CDC.cpp.o)
                0x00013b8c                Serial_::enableInterrupt()
 .text._ZN7Serial_5beginEm
                0x00013bbc        0x2 C:\Users\panda\AppData\Local\Temp\arduino\sketches\4D77A44A3605C64187FEB002B13978C1/..\..\cores\TinyCircuits_samd_tinyarcade_BuildOption_TAgame_671cb57aaf343a5cc514ad0bed195d1f\core.a(CDC.cpp.o)
                0x00013bbc                Serial_::begin(unsigned long)
 *fill*         0x00013bbe        0x2 
 .text.startup._GLOBAL__sub_I__ZN7Serial_12getInterfaceEPh
                0x00013bc0       0x14 C:\Users\panda\AppData\Local\Temp\arduino\sketches\4D77A44A3605C64187FEB002B13978C1/..\..\cores\TinyCircuits_samd_tinyarcade_BuildOption_TAgame_671cb57aaf343a5cc514ad0bed195d1f\core.a(CDC.cpp.o)
 .text._ZN13PluggableUSB_12getInterfaceEPh
                0x00013bd4       0x28 C:\Users\panda\AppData\Local\Temp\arduino\sketches\4D77A44A3605C64187FEB002B13978C1/..\..\cores\TinyCircuits_samd_tinyarcade_BuildOption_TAgame_671cb57aaf343a5cc514ad0bed195d1f\core.a(PluggableUSB.cpp.o)
                0x00013bd4                PluggableUSB_::getInterface(unsigned char*)
 .text._ZN13PluggableUSB_13getDescriptorER8USBSetup
                0x00013bfc       0x20 C:\Users\panda\AppData\Local\Temp\arduino\sketches\4D77A44A3605C64187FEB002B13978C1/..\..\cores\TinyCircuits_samd_tinyarcade_BuildOption_TAgame_671cb57aaf343a5cc514ad0bed195d1f\core.a(PluggableUSB.cpp.o)
                0x00013bfc                PluggableUSB_::getDescriptor(USBSetup&)
 .text._ZN13PluggableUSB_12getShortNameEPc
                0x00013c1c       0x26 C:\Users\panda\AppData\Local\Temp\arduino\sketches\4D77A44A3605C64187FEB002B13978C1/..\..\cores\TinyCircuits_samd_tinyarcade_BuildOption_TAgame_671cb57aaf343a5cc514ad0bed195d1f\core.a(PluggableUSB.cpp.o)
                0x00013c1c                PluggableUSB_::getShortName(char*)
 .text._ZN13PluggableUSB_5setupER8USBSetup
                0x00013c42       0x20 C:\Users\panda\AppData\Local\Temp\arduino\sketches\4D77A44A3605C64187FEB002B13978C1/..\..\cores\TinyCircuits_samd_tinyarcade_BuildOption_TAgame_671cb57aaf343a5cc514ad0bed195d1f\core.a(PluggableUSB.cpp.o)
                0x00013c42                PluggableUSB_::setup(USBSetup&)
 .text._ZN13PluggableUSB_14handleEndpointEi
                0x00013c62       0x1a C:\Users\panda\AppData\Local\Temp\arduino\sketches\4D77A44A3605C64187FEB002B13978C1/..\..\cores\TinyCircuits_samd_tinyarcade_BuildOption_TAgame_671cb57aaf343a5cc514ad0bed195d1f\core.a(PluggableUSB.cpp.o)
                0x00013c62                PluggableUSB_::handleEndpoint(int)
 .text._ZN13PluggableUSB_4plugEP18PluggableUSBModule
                0x00013c7c       0x58 C:\Users\panda\AppData\Local\Temp\arduino\sketches\4D77A44A3605C64187FEB002B13978C1/..\..\cores\TinyCircuits_samd_tinyarcade_BuildOption_TAgame_671cb57aaf343a5cc514ad0bed195d1f\core.a(PluggableUSB.cpp.o)
                0x00013c7c                PluggableUSB_::plug(PluggableUSBModule*)
 .text._Z12PluggableUSBv
                0x00013cd4       0x24 C:\Users\panda\AppData\Local\Temp\arduino\sketches\4D77A44A3605C64187FEB002B13978C1/..\..\cores\TinyCircuits_samd_tinyarcade_BuildOption_TAgame_671cb57aaf343a5cc514ad0bed195d1f\core.a(PluggableUSB.cpp.o)
                0x00013cd4                PluggableUSB()
 .text          0x00013cf8       0x14 c:/users/panda/appdata/local/arduino15/packages/arduino/tools/arm-none-eabi-gcc/7-2017q4/bin/../lib/gcc/arm-none-eabi/7.2.1/thumb/v6-m\libgcc.a(_thumb1_case_uqi.o)
                0x00013cf8                __gnu_thumb1_case_uqi
 .text          0x00013d0c      0x114 c:/users/panda/appdata/local/arduino15/packages/arduino/tools/arm-none-eabi-gcc/7-2017q4/bin/../lib/gcc/arm-none-eabi/7.2.1/thumb/v6-m\libgcc.a(_udivsi3.o)
                0x00013d0c                __aeabi_uidiv
                0x00013d0c                __udivsi3
                0x00013e18                __aeabi_uidivmod
 .text          0x00013e20      0x1d4 c:/users/panda/appdata/local/arduino15/packages/arduino/tools/arm-none-eabi-gcc/7-2017q4/bin/../lib/gcc/arm-none-eabi/7.2.1/thumb/v6-m\libgcc.a(_divsi3.o)
                0x00013e20                __divsi3
                0x00013e20                __aeabi_idiv
                0x00013fec                __aeabi_idivmod
 .text          0x00013ff4        0x4 c:/users/panda/appdata/local/arduino15/packages/arduino/tools/arm-none-eabi-gcc/7-2017q4/bin/../lib/gcc/arm-none-eabi/7.2.1/thumb/v6-m\libgcc.a(_dvmd_tls.o)
                0x00013ff4                __aeabi_idiv0
                0x00013ff4                __aeabi_ldiv0
 .text.__libc_init_array
                0x00013ff8       0x48 c:/users/panda/appdata/local/arduino15/packages/arduino/tools/arm-none-eabi-gcc/7-2017q4/bin/../lib/gcc/arm-none-eabi/7.2.1/../../../../arm-none-eabi/lib/thumb/v6-m\libc_nano.a(lib_a-init.o)
                0x00013ff8                __libc_init_array
 .text.malloc   0x00014040       0x14 c:/users/panda/appdata/local/arduino15/packages/arduino/tools/arm-none-eabi-gcc/7-2017q4/bin/../lib/gcc/arm-none-eabi/7.2.1/../../../../arm-none-eabi/lib/thumb/v6-m\libc_nano.a(lib_a-malloc.o)
                0x00014040                malloc
 .text.free     0x00014054       0x14 c:/users/panda/appdata/local/arduino15/packages/arduino/tools/arm-none-eabi-gcc/7-2017q4/bin/../lib/gcc/arm-none-eabi/7.2.1/../../../../arm-none-eabi/lib/thumb/v6-m\libc_nano.a(lib_a-malloc.o)
                0x00014054                free
 .text.memcpy   0x00014068       0x12 c:/users/panda/appdata/local/arduino15/packages/arduino/tools/arm-none-eabi-gcc/7-2017q4/bin/../lib/gcc/arm-none-eabi/7.2.1/../../../../arm-none-eabi/lib/thumb/v6-m\libc_nano.a(lib_a-memcpy-stub.o)
                0x00014068                memcpy
 .text.memset   0x0001407a       0x10 c:/users/panda/appdata/local/arduino15/packages/arduino/tools/arm-none-eabi-gcc/7-2017q4/bin/../lib/gcc/arm-none-eabi/7.2.1/../../../../arm-none-eabi/lib/thumb/v6-m\libc_nano.a(lib_a-memset.o)
                0x0001407a                memset
 *fill*         0x0001408a        0x2 
 .text._free_r  0x0001408c       0x94 c:/users/panda/appdata/local/arduino15/packages/arduino/tools/arm-none-eabi-gcc/7-2017q4/bin/../lib/gcc/arm-none-eabi/7.2.1/../../../../arm-none-eabi/lib/thumb/v6-m\libc_nano.a(lib_a-nano-freer.o)
                0x0001408c                _free_r
 .text._malloc_r
                0x00014120       0xbc c:/users/panda/appdata/local/arduino15/packages/arduino/tools/arm-none-eabi-gcc/7-2017q4/bin/../lib/gcc/arm-none-eabi/7.2.1/../../../../arm-none-eabi/lib/thumb/v6-m\libc_nano.a(lib_a-nano-mallocr.o)
                0x00014120                _malloc_r
 .text._sbrk_r  0x000141dc       0x24 c:/users/panda/appdata/local/arduino15/packages/arduino/tools/arm-none-eabi-gcc/7-2017q4/bin/../lib/gcc/arm-none-eabi/7.2.1/../../../../arm-none-eabi/lib/thumb/v6-m\libc_nano.a(lib_a-sbrkr.o)
                0x000141dc                _sbrk_r
 .text          0x00014200        0xe c:/users/panda/appdata/local/arduino15/packages/arduino/tools/arm-none-eabi-gcc/7-2017q4/bin/../lib/gcc/arm-none-eabi/7.2.1/../../../../arm-none-eabi/lib/thumb/v6-m\libc_nano.a(lib_a-strlen.o)
                0x00014200                strlen
 .text.__malloc_lock
                0x0001420e        0x2 c:/users/panda/appdata/local/arduino15/packages/arduino/tools/arm-none-eabi-gcc/7-2017q4/bin/../lib/gcc/arm-none-eabi/7.2.1/../../../../arm-none-eabi/lib/thumb/v6-m\libc_nano.a(lib_a-mlock.o)
                0x0001420e                __malloc_lock
 .text.__malloc_unlock
                0x00014210        0x2 c:/users/panda/appdata/local/arduino15/packages/arduino/tools/arm-none-eabi-gcc/7-2017q4/bin/../lib/gcc/arm-none-eabi/7.2.1/../../../../arm-none-eabi/lib/thumb/v6-m\libc_nano.a(lib_a-mlock.o)
                0x00014210                __malloc_unlock
 *fill*         0x00014212        0x2 
 .text._sbrk    0x00014214       0x1c c:/users/panda/appdata/local/arduino15/packages/arduino/tools/arm-none-eabi-gcc/7-2017q4/bin/../lib/gcc/arm-none-eabi/7.2.1/../../../../arm-none-eabi/lib/thumb/v6-m\libnosys.a(sbrk.o)
                0x00014214                _sbrk
 *(.init)
 .init          0x00014230        0x4 c:/users/panda/appdata/local/arduino15/packages/arduino/tools/arm-none-eabi-gcc/7-2017q4/bin/../lib/gcc/arm-none-eabi/7.2.1/thumb/v6-m/crti.o
                0x00014230                _init
 .init          0x00014234        0x8 c:/users/panda/appdata/local/arduino15/packages/arduino/tools/arm-none-eabi-gcc/7-2017q4/bin/../lib/gcc/arm-none-eabi/7.2.1/thumb/v6-m/crtn.o
 *(.fini)
 .fini          0x0001423c        0x4 c:/users/panda/appdata/local/arduino15/packages/arduino/tools/arm-none-eabi-gcc/7-2017q4/bin/../lib/gcc/arm-none-eabi/7.2.1/thumb/v6-m/crti.o
                0x0001423c                _fini
 .fini          0x00014240        0x8 c:/users/panda/appdata/local/arduino15/packages/arduino/tools/arm-none-eabi-gcc/7-2017q4/bin/../lib/gcc/arm-none-eabi/7.2.1/thumb/v6-m/crtn.o
 *crtbegin.o(.ctors)
 *crtbegin?.o(.ctors)
 *(EXCLUDE_FILE(*crtend.o *crtend?.o) .ctors)
 *(SORT_BY_NAME(.ctors.*))
 *(.ctors)
 *crtbegin.o(.dtors)
 *crtbegin?.o(.dtors)
 *(EXCLUDE_FILE(*crtend.o *crtend?.o) .dtors)
 *(SORT_BY_NAME(.dtors.*))
 *(.dtors)
 *(.rodata*)
 .rodata._ZL22thinPixel7_10ptBitmaps
                0x00014248      0x3b6 C:\Users\panda\AppData\Local\Temp\arduino\sketches\4D77A44A3605C64187FEB002B13978C1\sketch\GdArcade.ino.cpp.o
 *fill*         0x000145fe        0x2 
 .rodata._ZL23thinPixel7_10ptFontInfo
                0x00014600        0xc C:\Users\panda\AppData\Local\Temp\arduino\sketches\4D77A44A3605C64187FEB002B13978C1\sketch\GdArcade.ino.cpp.o
 .rodata._ZL26thinPixel7_10ptDescriptors
                0x0001460c      0x17c C:\Users\panda\AppData\Local\Temp\arduino\sketches\4D77A44A3605C64187FEB002B13978C1\sketch\GdArcade.ino.cpp.o
 .rodata        0x00014788       0x20 C:\Users\panda\AppData\Local\Temp\arduino\sketches\4D77A44A3605C64187FEB002B13978C1\libraries\TinyScreen\TinyScreen.cpp.o
 .rodata._ZTV10TinyScreen
                0x000147a8       0x18 C:\Users\panda\AppData\Local\Temp\arduino\sketches\4D77A44A3605C64187FEB002B13978C1\libraries\TinyScreen\TinyScreen.cpp.o
                0x000147a8                vtable for TinyScreen
 .rodata._ZTV7TwoWire
                0x000147c0       0x24 C:\Users\panda\AppData\Local\Temp\arduino\sketches\4D77A44A3605C64187FEB002B13978C1\libraries\Wire\Wire.cpp.o
                0x000147c0                vtable for TwoWire
 .rodata.g_APinDescription
                0x000147e4      0x450 C:\Users\panda\AppData\Local\Temp\arduino\sketches\4D77A44A3605C64187FEB002B13978C1\core\variant.cpp.o
                0x000147e4                g_APinDescription
 .rodata._ZTV4Uart
                0x00014c34       0x34 C:\Users\panda\AppData\Local\Temp\arduino\sketches\4D77A44A3605C64187FEB002B13978C1/..\..\cores\TinyCircuits_samd_tinyarcade_BuildOption_TAgame_671cb57aaf343a5cc514ad0bed195d1f\core.a(Uart.cpp.o)
                0x00014c34                vtable for Uart
 .rodata        0x00014c68       0x10 C:\Users\panda\AppData\Local\Temp\arduino\sketches\4D77A44A3605C64187FEB002B13978C1/..\..\cores\TinyCircuits_samd_tinyarcade_BuildOption_TAgame_671cb57aaf343a5cc514ad0bed195d1f\core.a(wiring_analog.c.o)
 .rodata._ZTV26DoubleBufferedEPOutHandler
                0x00014c78       0x24 C:\Users\panda\AppData\Local\Temp\arduino\sketches\4D77A44A3605C64187FEB002B13978C1/..\..\cores\TinyCircuits_samd_tinyarcade_BuildOption_TAgame_671cb57aaf343a5cc514ad0bed195d1f\core.a(USBCore.cpp.o)
                0x00014c78                vtable for DoubleBufferedEPOutHandler
 .rodata._ZL14STRING_PRODUCT
                0x00014c9c        0xb C:\Users\panda\AppData\Local\Temp\arduino\sketches\4D77A44A3605C64187FEB002B13978C1/..\..\cores\TinyCircuits_samd_tinyarcade_BuildOption_TAgame_671cb57aaf343a5cc514ad0bed195d1f\core.a(USBCore.cpp.o)
 *fill*         0x00014ca7        0x1 
 .rodata._ZL15STRING_LANGUAGE
                0x00014ca8        0x4 C:\Users\panda\AppData\Local\Temp\arduino\sketches\4D77A44A3605C64187FEB002B13978C1/..\..\cores\TinyCircuits_samd_tinyarcade_BuildOption_TAgame_671cb57aaf343a5cc514ad0bed195d1f\core.a(USBCore.cpp.o)
 .rodata._ZL19STRING_MANUFACTURER
                0x00014cac        0xd C:\Users\panda\AppData\Local\Temp\arduino\sketches\4D77A44A3605C64187FEB002B13978C1/..\..\cores\TinyCircuits_samd_tinyarcade_BuildOption_TAgame_671cb57aaf343a5cc514ad0bed195d1f\core.a(USBCore.cpp.o)
 .rodata._ZL21USB_DeviceDescriptorB
                0x00014cb9       0x12 C:\Users\panda\AppData\Local\Temp\arduino\sketches\4D77A44A3605C64187FEB002B13978C1/..\..\cores\TinyCircuits_samd_tinyarcade_BuildOption_TAgame_671cb57aaf343a5cc514ad0bed195d1f\core.a(USBCore.cpp.o)
 *fill*         0x00014ccb        0x1 
 .rodata._ZTV7Serial_
                0x00014ccc       0x58 C:\Users\panda\AppData\Local\Temp\arduino\sketches\4D77A44A3605C64187FEB002B13978C1/..\..\cores\TinyCircuits_samd_tinyarcade_BuildOption_TAgame_671cb57aaf343a5cc514ad0bed195d1f\core.a(CDC.cpp.o)
                0x00014ccc                vtable for Serial_
 .rodata.__sf_fake_stderr
                0x00014d24       0x20 c:/users/panda/appdata/local/arduino15/packages/arduino/tools/arm-none-eabi-gcc/7-2017q4/bin/../lib/gcc/arm-none-eabi/7.2.1/../../../../arm-none-eabi/lib/thumb/v6-m\libc_nano.a(lib_a-findfp.o)
                0x00014d24                __sf_fake_stderr
 .rodata.__sf_fake_stdin
                0x00014d44       0x20 c:/users/panda/appdata/local/arduino15/packages/arduino/tools/arm-none-eabi-gcc/7-2017q4/bin/../lib/gcc/arm-none-eabi/7.2.1/../../../../arm-none-eabi/lib/thumb/v6-m\libc_nano.a(lib_a-findfp.o)
                0x00014d44                __sf_fake_stdin
 .rodata.__sf_fake_stdout
                0x00014d64       0x20 c:/users/panda/appdata/local/arduino15/packages/arduino/tools/arm-none-eabi-gcc/7-2017q4/bin/../lib/gcc/arm-none-eabi/7.2.1/../../../../arm-none-eabi/lib/thumb/v6-m\libc_nano.a(lib_a-findfp.o)
                0x00014d64                __sf_fake_stdout
 *(.eh_frame*)
 .eh_frame      0x00014d84        0x0 c:/users/panda/appdata/local/arduino15/packages/arduino/tools/arm-none-eabi-gcc/7-2017q4/bin/../lib/gcc/arm-none-eabi/7.2.1/thumb/v6-m/crtbegin.o
 .eh_frame      0x00014d84        0x4 c:/users/panda/appdata/local/arduino15/packages/arduino/tools/arm-none-eabi-gcc/7-2017q4/bin/../lib/gcc/arm-none-eabi/7.2.1/thumb/v6-m/crtend.o

.glue_7         0x00014d88        0x0
 .glue_7        0x00014d88        0x0 linker stubs

.glue_7t        0x00014d88        0x0
 .glue_7t       0x00014d88        0x0 linker stubs

.vfp11_veneer   0x00014d88        0x0
 .vfp11_veneer  0x00014d88        0x0 linker stubs

.v4_bx          0x00014d88        0x0
 .v4_bx         0x00014d88        0x0 linker stubs

.iplt           0x00014d88        0x0
 .iplt          0x00014d88        0x0 c:/users/panda/appdata/local/arduino15/packages/arduino/tools/arm-none-eabi-gcc/7-2017q4/bin/../lib/gcc/arm-none-eabi/7.2.1/thumb/v6-m/crtbegin.o

.rel.dyn        0x00014d88        0x0
 .rel.iplt      0x00014d88        0x0 c:/users/panda/appdata/local/arduino15/packages/arduino/tools/arm-none-eabi-gcc/7-2017q4/bin/../lib/gcc/arm-none-eabi/7.2.1/thumb/v6-m/crtbegin.o

.ARM.extab
 *(.ARM.extab* .gnu.linkonce.armextab.*)
                0x00014d88                __exidx_start = .

.ARM.exidx
 *(.ARM.exidx* .gnu.linkonce.armexidx.*)
                0x00014d88                __exidx_end = .
                0x00014d88                __etext = .

.data           0x20000000      0x200 load address 0x00014d88
                0x20000000                __data_start__ = .
 *(vtable)
 *(.data*)
 .data.Block    0x20000000       0x1c C:\Users\panda\AppData\Local\Temp\arduino\sketches\4D77A44A3605C64187FEB002B13978C1\sketch\GdArcade.ino.cpp.o
                0x20000000                Block
 .data.GDCUBE8  0x2000001c       0x40 C:\Users\panda\AppData\Local\Temp\arduino\sketches\4D77A44A3605C64187FEB002B13978C1\sketch\GdArcade.ino.cpp.o
                0x2000001c                GDCUBE8
 .data.Spike    0x2000005c       0x1c C:\Users\panda\AppData\Local\Temp\arduino\sketches\4D77A44A3605C64187FEB002B13978C1\sketch\GdArcade.ino.cpp.o
                0x2000005c                Spike
 .data.arcadeVersion
                0x20000078        0x1 C:\Users\panda\AppData\Local\Temp\arduino\sketches\4D77A44A3605C64187FEB002B13978C1\sketch\GdArcade.ino.cpp.o
                0x20000078                arcadeVersion
 .data.block    0x20000079       0x40 C:\Users\panda\AppData\Local\Temp\arduino\sketches\4D77A44A3605C64187FEB002B13978C1\sketch\GdArcade.ino.cpp.o
                0x20000079                block
 *fill*         0x200000b9        0x3 
 .data.cube8    0x200000bc       0x30 C:\Users\panda\AppData\Local\Temp\arduino\sketches\4D77A44A3605C64187FEB002B13978C1\sketch\GdArcade.ino.cpp.o
                0x200000bc                cube8
 .data.frameTime
                0x200000ec        0x4 C:\Users\panda\AppData\Local\Temp\arduino\sketches\4D77A44A3605C64187FEB002B13978C1\sketch\GdArcade.ino.cpp.o
                0x200000ec                frameTime
 .data.groundLevel
                0x200000f0        0x4 C:\Users\panda\AppData\Local\Temp\arduino\sketches\4D77A44A3605C64187FEB002B13978C1\sketch\GdArcade.ino.cpp.o
                0x200000f0                groundLevel
 .data.spike    0x200000f4       0x40 C:\Users\panda\AppData\Local\Temp\arduino\sketches\4D77A44A3605C64187FEB002B13978C1\sketch\GdArcade.ino.cpp.o
                0x200000f4                spike
 .data.dmaReady
                0x20000134        0x4 C:\Users\panda\AppData\Local\Temp\arduino\sketches\4D77A44A3605C64187FEB002B13978C1\libraries\TinyScreen\TinyScreen.cpp.o
                0x20000134                dmaReady
 .data.g_apTCInstances
                0x20000138       0x18 C:\Users\panda\AppData\Local\Temp\arduino\sketches\4D77A44A3605C64187FEB002B13978C1\core\variant.cpp.o
                0x20000138                g_apTCInstances
 .data.SystemCoreClock
                0x20000150        0x4 C:\Users\panda\AppData\Local\Temp\arduino\sketches\4D77A44A3605C64187FEB002B13978C1/..\..\cores\TinyCircuits_samd_tinyarcade_BuildOption_TAgame_671cb57aaf343a5cc514ad0bed195d1f\core.a(wiring.c.o)
                0x20000150                SystemCoreClock
 .data._ADCResolution
                0x20000154        0x4 C:\Users\panda\AppData\Local\Temp\arduino\sketches\4D77A44A3605C64187FEB002B13978C1/..\..\cores\TinyCircuits_samd_tinyarcade_BuildOption_TAgame_671cb57aaf343a5cc514ad0bed195d1f\core.a(wiring_analog.c.o)
 .data._readResolution
                0x20000158        0x4 C:\Users\panda\AppData\Local\Temp\arduino\sketches\4D77A44A3605C64187FEB002B13978C1/..\..\cores\TinyCircuits_samd_tinyarcade_BuildOption_TAgame_671cb57aaf343a5cc514ad0bed195d1f\core.a(wiring_analog.c.o)
 .data._writeResolution
                0x2000015c        0x4 C:\Users\panda\AppData\Local\Temp\arduino\sketches\4D77A44A3605C64187FEB002B13978C1/..\..\cores\TinyCircuits_samd_tinyarcade_BuildOption_TAgame_671cb57aaf343a5cc514ad0bed195d1f\core.a(wiring_analog.c.o)
 .data._ZL5ticks
                0x20000160        0x4 C:\Users\panda\AppData\Local\Temp\arduino\sketches\4D77A44A3605C64187FEB002B13978C1/..\..\cores\TinyCircuits_samd_tinyarcade_BuildOption_TAgame_671cb57aaf343a5cc514ad0bed195d1f\core.a(Reset.cpp.o)
 .data._ZL10breakValue
                0x20000164        0x4 C:\Users\panda\AppData\Local\Temp\arduino\sketches\4D77A44A3605C64187FEB002B13978C1/..\..\cores\TinyCircuits_samd_tinyarcade_BuildOption_TAgame_671cb57aaf343a5cc514ad0bed195d1f\core.a(CDC.cpp.o)
 .data._ZL12_usbLineInfo
                0x20000168        0x8 C:\Users\panda\AppData\Local\Temp\arduino\sketches\4D77A44A3605C64187FEB002B13978C1/..\..\cores\TinyCircuits_samd_tinyarcade_BuildOption_TAgame_671cb57aaf343a5cc514ad0bed195d1f\core.a(CDC.cpp.o)
 .data._serialPeek
                0x20000170        0x4 C:\Users\panda\AppData\Local\Temp\arduino\sketches\4D77A44A3605C64187FEB002B13978C1/..\..\cores\TinyCircuits_samd_tinyarcade_BuildOption_TAgame_671cb57aaf343a5cc514ad0bed195d1f\core.a(CDC.cpp.o)
                0x20000170                _serialPeek
 .data._impure_ptr
                0x20000174        0x4 c:/users/panda/appdata/local/arduino15/packages/arduino/tools/arm-none-eabi-gcc/7-2017q4/bin/../lib/gcc/arm-none-eabi/7.2.1/../../../../arm-none-eabi/lib/thumb/v6-m\libc_nano.a(lib_a-impure.o)
                0x20000174                _impure_ptr
 .data.impure_data
                0x20000178       0x60 c:/users/panda/appdata/local/arduino15/packages/arduino/tools/arm-none-eabi-gcc/7-2017q4/bin/../lib/gcc/arm-none-eabi/7.2.1/../../../../arm-none-eabi/lib/thumb/v6-m\libc_nano.a(lib_a-impure.o)
                0x200001d8                . = ALIGN (0x4)
                0x200001d8                PROVIDE (__preinit_array_start, .)
 *(.preinit_array)
                0x200001d8                PROVIDE (__preinit_array_end, .)
                0x200001d8                . = ALIGN (0x4)
                0x200001d8                PROVIDE (__init_array_start, .)
 *(SORT_BY_NAME(.init_array.*))
 *(.init_array)
 .init_array    0x200001d8        0x4 c:/users/panda/appdata/local/arduino15/packages/arduino/tools/arm-none-eabi-gcc/7-2017q4/bin/../lib/gcc/arm-none-eabi/7.2.1/thumb/v6-m/crtbegin.o
 .init_array    0x200001dc        0x4 C:\Users\panda\AppData\Local\Temp\arduino\sketches\4D77A44A3605C64187FEB002B13978C1\sketch\GdArcade.ino.cpp.o
 .init_array    0x200001e0        0x4 C:\Users\panda\AppData\Local\Temp\arduino\sketches\4D77A44A3605C64187FEB002B13978C1\libraries\SPI\SPI.cpp.o
 .init_array    0x200001e4        0x4 C:\Users\panda\AppData\Local\Temp\arduino\sketches\4D77A44A3605C64187FEB002B13978C1\libraries\Wire\Wire.cpp.o
 .init_array    0x200001e8        0x4 C:\Users\panda\AppData\Local\Temp\arduino\sketches\4D77A44A3605C64187FEB002B13978C1\core\variant.cpp.o